2026-04-01 04:48:16,854 - __main__ - INFO - ============================================================
2026-04-01 04:48:16,854 - __main__ - INFO - TRAIN DATA COLLECTION STARTED
2026-04-01 04:48:16,854 - __main__ - INFO - ============================================================
2026-04-01 04:48:16,854 - __main__ - INFO - Date: today
2026-04-01 04:48:16,854 - __main__ - INFO - Max routes: all
2026-04-01 04:48:16,854 - __main__ - INFO - Weather collection: disabled (use separate forecast collection)
2026-04-01 04:48:16,854 - __main__ - INFO - Mode: INCREMENTAL (merge)
2026-04-01 04:48:16,854 - __main__ - INFO - ============================================================

2026-04-01 04:48:16,855 - root - INFO - Collecting train data for 2026-04-01
2026-04-01 04:48:16,855 - root - INFO - Max routes: all
2026-04-01 05:25:52,868 - root - INFO - Fetched 3415 trains from API
2026-04-01 05:25:53,145 - root - INFO - Converted to DataFrame: 41024 rows × 23 columns
2026-04-01 05:25:53,152 - root - INFO - Filtered to relevant trains: 41024 → 8422 records (removed 32602 future departures)
2026-04-01 05:25:53,178 - root - INFO - Incremental save mode: 8422 new records
2026-04-01 05:25:53,199 - utils.incremental_merge - INFO - Loaded 4916 existing records from trains_20260401.csv
2026-04-01 05:25:53,325 - utils.incremental_merge - INFO - Merge analysis: 8422 new, 0 to update, 4916 unchanged
2026-04-01 05:25:53,404 - utils.incremental_merge - INFO - Adding 8422 completely new records
2026-04-01 05:25:53,405 - utils.incremental_merge - INFO - Updated 0 records, preserved 0 records
2026-04-01 05:25:53,409 - utils.incremental_merge - INFO - Merge complete: 13338 total records
2026-04-01 05:25:53,533 - root - INFO - Saved 13338 total records to data/collected/trains_20260401.csv
2026-04-01 05:25:53,533 - root - INFO - File size: 3183.27 KB
2026-04-01 05:25:53,592 - root - INFO - 
============================================================
2026-04-01 05:25:53,592 - root - INFO - COLLECTION SUMMARY
2026-04-01 05:25:53,592 - root - INFO - ============================================================
2026-04-01 05:25:53,592 - root - INFO - Total records: 8422
2026-04-01 05:25:53,592 - root - INFO - Unique trains: 820
2026-04-01 05:25:53,593 - root - INFO - Unique routes: 269
2026-04-01 05:25:53,593 - root - INFO - Unique stations: 1064
2026-04-01 05:25:53,594 - root - INFO - 
Realtime data:
2026-04-01 05:25:53,594 - root - INFO -   - Modified states: 4688 (55.7%)
2026-04-01 05:25:53,594 - root - INFO -   - Records with delays: 3133 (37.2%)
2026-04-01 05:25:53,596 - root - INFO -   - Average delay: 3.4 minutes
2026-04-01 05:25:53,596 - root - INFO -   - Max delay: 77.0 minutes
2026-04-01 05:25:53,596 - root - INFO -   - Min delay: -28.0 minutes
2026-04-01 05:25:53,596 - root - INFO - ============================================================

2026-04-01 05:25:53,596 - __main__ - INFO - ============================================================
2026-04-01 05:25:53,597 - __main__ - INFO - COLLECTION COMPLETED SUCCESSFULLY
2026-04-01 05:25:53,597 - __main__ - INFO - ============================================================
