2026-09-17 01:06:43,973 - __main__ - INFO - ============================================================
2026-09-17 01:06:43,973 - __main__ - INFO - TRAIN DATA COLLECTION STARTED
2026-09-17 01:06:43,973 - __main__ - INFO - ============================================================
2026-09-17 01:06:43,973 - __main__ - INFO - Date: today
2026-09-17 01:06:43,973 - __main__ - INFO - Max routes: all
2026-09-17 01:06:43,973 - __main__ - INFO - Batch size: 10
2026-09-17 01:06:43,973 - __main__ - INFO - Max concurrent requests: 5
2026-09-17 01:06:43,973 - __main__ - INFO - Weather collection: disabled (use separate forecast collection)
2026-09-17 01:06:43,973 - __main__ - INFO - Mode: INCREMENTAL (merge)
2026-09-17 01:06:43,973 - __main__ - INFO - ============================================================

2026-09-17 01:06:43,973 - root - INFO - Collecting train data for 2026-09-17
2026-09-17 01:06:43,973 - root - INFO - Max routes: all
2026-09-17 01:06:43,973 - root - INFO - Batch size: 10
2026-09-17 01:06:43,973 - root - INFO - Max concurrent requests: 5
2026-09-17 01:06:43,973 - root - INFO - Request timeout (s): 10
2026-09-17 01:06:43,973 - root - INFO - Trying API endpoint: https://mavplusz.hu/otp2-backend/otp/gtfs/v1
2026-09-17 01:06:52,247 - root - INFO - Successfully connected to: https://mavplusz.hu/otp2-backend/otp/gtfs/v1
2026-09-17 01:18:13,302 - root - INFO - Fetched 145678 trains from API
2026-09-17 01:18:22,209 - root - INFO - Converted to DataFrame: 1682194 rows × 23 columns
2026-09-17 01:18:22,260 - root - INFO - Filtered to relevant trains: 1682194 → 35811 records (removed 1646383 future departures)
2026-09-17 01:18:23,098 - root - INFO - Incremental save mode: 35811 new records
2026-09-17 01:18:23,098 - utils.incremental_merge - INFO - No existing file at data/collected/trains_20260917.csv, returning new data
2026-09-17 01:18:23,378 - root - INFO - Saved 35811 total records to data/collected/trains_20260917.csv
2026-09-17 01:18:23,378 - root - INFO - File size: 12268.94 KB
2026-09-17 01:18:23,547 - root - INFO - 
============================================================
2026-09-17 01:18:23,547 - root - INFO - COLLECTION SUMMARY
2026-09-17 01:18:23,547 - root - INFO - ============================================================
2026-09-17 01:18:23,547 - root - INFO - Total records: 35811
2026-09-17 01:18:23,548 - root - INFO - Unique trains: 4465
2026-09-17 01:18:23,549 - root - INFO - Unique routes: 1332
2026-09-17 01:18:23,549 - root - INFO - Unique stations: 4546
2026-09-17 01:18:23,550 - root - INFO - 
Realtime data:
2026-09-17 01:18:23,550 - root - INFO -   - Modified states: 535 (1.5%)
2026-09-17 01:18:23,550 - root - INFO -   - Records with delays: 202 (0.6%)
2026-09-17 01:18:23,551 - root - INFO -   - Average delay: 10.8 minutes
2026-09-17 01:18:23,551 - root - INFO -   - Max delay: 143.0 minutes
2026-09-17 01:18:23,551 - root - INFO -   - Min delay: -3.0 minutes
2026-09-17 01:18:23,551 - root - INFO - ============================================================

2026-09-17 01:18:23,551 - __main__ - INFO - ============================================================
2026-09-17 01:18:23,551 - __main__ - INFO - COLLECTION COMPLETED SUCCESSFULLY
2026-09-17 01:18:23,551 - __main__ - INFO - ============================================================
