2026-06-14 17:33:08,298 - __main__ - INFO - ============================================================
2026-06-14 17:33:08,298 - __main__ - INFO - TRAIN DATA COLLECTION STARTED
2026-06-14 17:33:08,298 - __main__ - INFO - ============================================================
2026-06-14 17:33:08,298 - __main__ - INFO - Date: today
2026-06-14 17:33:08,298 - __main__ - INFO - Max routes: all
2026-06-14 17:33:08,298 - __main__ - INFO - Weather collection: disabled (use separate forecast collection)
2026-06-14 17:33:08,298 - __main__ - INFO - Mode: INCREMENTAL (merge)
2026-06-14 17:33:08,298 - __main__ - INFO - ============================================================

2026-06-14 17:33:08,298 - root - INFO - Collecting train data for 2026-06-14
2026-06-14 17:33:08,298 - root - INFO - Max routes: all
2026-06-14 18:19:39,382 - root - INFO - Fetched 3959 trains from API
2026-06-14 18:19:39,748 - root - INFO - Converted to DataFrame: 51301 rows × 23 columns
2026-06-14 18:19:39,758 - root - INFO - Filtered to relevant trains: 51301 → 44753 records (removed 6548 future departures)
2026-06-14 18:19:39,799 - root - INFO - Incremental save mode: 44753 new records
2026-06-14 18:19:39,983 - utils.incremental_merge - INFO - Loaded 47627 existing records from trains_20260614.csv
2026-06-14 18:19:40,857 - utils.incremental_merge - INFO - Merge analysis: 12662 new, 32091 to update, 15536 unchanged
2026-06-14 18:19:41,022 - utils.incremental_merge - INFO - Adding 12662 completely new records
2026-06-14 18:22:28,801 - utils.incremental_merge - INFO - Updated 19478 records, preserved 12613 records
2026-06-14 18:22:38,735 - utils.incremental_merge - INFO - Merge complete: 60289 total records
2026-06-14 18:22:41,085 - root - INFO - Saved 60289 total records to data/collected/trains_20260614.csv
2026-06-14 18:22:41,087 - root - INFO - File size: 14698.52 KB
2026-06-14 18:22:41,790 - root - INFO - 
============================================================
2026-06-14 18:22:41,790 - root - INFO - COLLECTION SUMMARY
2026-06-14 18:22:41,790 - root - INFO - ============================================================
2026-06-14 18:22:41,790 - root - INFO - Total records: 44753
2026-06-14 18:22:41,792 - root - INFO - Unique trains: 3603
2026-06-14 18:22:41,792 - root - INFO - Unique routes: 458
2026-06-14 18:22:41,793 - root - INFO - Unique stations: 1311
2026-06-14 18:22:41,794 - root - INFO - 
Realtime data:
2026-06-14 18:22:41,794 - root - INFO -   - Modified states: 3616 (8.1%)
2026-06-14 18:22:41,794 - root - INFO -   - Records with delays: 2625 (5.9%)
2026-06-14 18:22:41,797 - root - INFO -   - Average delay: 5.3 minutes
2026-06-14 18:22:41,797 - root - INFO -   - Max delay: 43.0 minutes
2026-06-14 18:22:41,797 - root - INFO -   - Min delay: -28.0 minutes
2026-06-14 18:22:41,797 - root - INFO - ============================================================

2026-06-14 18:22:41,797 - __main__ - INFO - ============================================================
2026-06-14 18:22:41,798 - __main__ - INFO - COLLECTION COMPLETED SUCCESSFULLY
2026-06-14 18:22:41,798 - __main__ - INFO - ============================================================
