2026-04-23 17:35:06,107 - __main__ - INFO - ============================================================
2026-04-23 17:35:06,107 - __main__ - INFO - TRAIN DATA COLLECTION STARTED
2026-04-23 17:35:06,107 - __main__ - INFO - ============================================================
2026-04-23 17:35:06,107 - __main__ - INFO - Date: today
2026-04-23 17:35:06,107 - __main__ - INFO - Max routes: all
2026-04-23 17:35:06,107 - __main__ - INFO - Weather collection: disabled (use separate forecast collection)
2026-04-23 17:35:06,107 - __main__ - INFO - Mode: INCREMENTAL (merge)
2026-04-23 17:35:06,107 - __main__ - INFO - ============================================================

2026-04-23 17:35:06,107 - root - INFO - Collecting train data for 2026-04-23
2026-04-23 17:35:06,107 - root - INFO - Max routes: all
2026-04-23 18:16:16,979 - root - INFO - Fetched 3880 trains from API
2026-04-23 18:16:17,311 - root - INFO - Converted to DataFrame: 49128 rows × 23 columns
2026-04-23 18:16:17,322 - root - INFO - Filtered to relevant trains: 49128 → 42101 records (removed 7027 future departures)
2026-04-23 18:16:17,351 - root - INFO - Incremental save mode: 42101 new records
2026-04-23 18:16:17,522 - utils.incremental_merge - INFO - Loaded 48043 existing records from trains_20260423.csv
2026-04-23 18:16:18,351 - utils.incremental_merge - INFO - Merge analysis: 11191 new, 30910 to update, 17133 unchanged
2026-04-23 18:16:18,523 - utils.incremental_merge - INFO - Adding 11191 completely new records
2026-04-23 18:18:30,117 - utils.incremental_merge - INFO - Updated 15822 records, preserved 15088 records
2026-04-23 18:18:40,484 - utils.incremental_merge - INFO - Merge complete: 59234 total records
2026-04-23 18:18:42,523 - root - INFO - Saved 59234 total records to data/collected/trains_20260423.csv
2026-04-23 18:18:42,524 - root - INFO - File size: 14479.02 KB
2026-04-23 18:18:43,124 - root - INFO - 
============================================================
2026-04-23 18:18:43,124 - root - INFO - COLLECTION SUMMARY
2026-04-23 18:18:43,124 - root - INFO - ============================================================
2026-04-23 18:18:43,124 - root - INFO - Total records: 42101
2026-04-23 18:18:43,125 - root - INFO - Unique trains: 3495
2026-04-23 18:18:43,126 - root - INFO - Unique routes: 455
2026-04-23 18:18:43,127 - root - INFO - Unique stations: 1255
2026-04-23 18:18:43,128 - root - INFO - 
Realtime data:
2026-04-23 18:18:43,128 - root - INFO -   - Modified states: 4838 (11.5%)
2026-04-23 18:18:43,128 - root - INFO -   - Records with delays: 3425 (8.1%)
2026-04-23 18:18:43,131 - root - INFO -   - Average delay: 4.8 minutes
2026-04-23 18:18:43,131 - root - INFO -   - Max delay: 60.0 minutes
2026-04-23 18:18:43,131 - root - INFO -   - Min delay: -28.0 minutes
2026-04-23 18:18:43,131 - root - INFO - ============================================================

2026-04-23 18:18:43,131 - __main__ - INFO - ============================================================
2026-04-23 18:18:43,131 - __main__ - INFO - COLLECTION COMPLETED SUCCESSFULLY
2026-04-23 18:18:43,131 - __main__ - INFO - ============================================================
