2026-03-26 15:04:30,154 - __main__ - INFO - ============================================================
2026-03-26 15:04:30,155 - __main__ - INFO - TRAIN DATA COLLECTION STARTED
2026-03-26 15:04:30,155 - __main__ - INFO - ============================================================
2026-03-26 15:04:30,155 - __main__ - INFO - Date: today
2026-03-26 15:04:30,155 - __main__ - INFO - Max routes: all
2026-03-26 15:04:30,155 - __main__ - INFO - Weather collection: disabled (use separate forecast collection)
2026-03-26 15:04:30,155 - __main__ - INFO - Mode: INCREMENTAL (merge)
2026-03-26 15:04:30,155 - __main__ - INFO - ============================================================

2026-03-26 15:04:30,155 - root - INFO - Collecting train data for 2026-03-26
2026-03-26 15:04:30,155 - root - INFO - Max routes: all
2026-03-26 15:38:43,052 - root - INFO - Fetched 3238 trains from API
2026-03-26 15:38:43,348 - root - INFO - Converted to DataFrame: 40880 rows × 23 columns
2026-03-26 15:38:43,355 - root - INFO - Filtered to relevant trains: 40880 → 29084 records (removed 11796 future departures)
2026-03-26 15:38:43,390 - root - INFO - Incremental save mode: 29084 new records
2026-03-26 15:38:43,575 - utils.incremental_merge - INFO - Loaded 48693 existing records from trains_20260326.csv
2026-03-26 15:38:44,317 - utils.incremental_merge - INFO - Merge analysis: 8903 new, 20181 to update, 28512 unchanged
2026-03-26 15:38:44,534 - utils.incremental_merge - INFO - Adding 8903 completely new records
2026-03-26 15:40:25,350 - utils.incremental_merge - INFO - Updated 11870 records, preserved 8311 records
2026-03-26 15:40:33,294 - utils.incremental_merge - INFO - Merge complete: 57596 total records
2026-03-26 15:40:35,032 - root - INFO - Saved 57596 total records to data/collected/trains_20260326.csv
2026-03-26 15:40:35,035 - root - INFO - File size: 13788.34 KB
2026-03-26 15:40:35,532 - root - INFO - 
============================================================
2026-03-26 15:40:35,532 - root - INFO - COLLECTION SUMMARY
2026-03-26 15:40:35,532 - root - INFO - ============================================================
2026-03-26 15:40:35,532 - root - INFO - Total records: 29084
2026-03-26 15:40:35,533 - root - INFO - Unique trains: 2473
2026-03-26 15:40:35,534 - root - INFO - Unique routes: 326
2026-03-26 15:40:35,535 - root - INFO - Unique stations: 1231
2026-03-26 15:40:35,535 - root - INFO - 
Realtime data:
2026-03-26 15:40:35,535 - root - INFO -   - Modified states: 6239 (21.5%)
2026-03-26 15:40:35,536 - root - INFO -   - Records with delays: 4033 (13.9%)
2026-03-26 15:40:35,539 - root - INFO -   - Average delay: 4.0 minutes
2026-03-26 15:40:35,539 - root - INFO -   - Max delay: 51.0 minutes
2026-03-26 15:40:35,539 - root - INFO -   - Min delay: -28.0 minutes
2026-03-26 15:40:35,539 - root - INFO - ============================================================

2026-03-26 15:40:35,539 - __main__ - INFO - ============================================================
2026-03-26 15:40:35,539 - __main__ - INFO - COLLECTION COMPLETED SUCCESSFULLY
2026-03-26 15:40:35,539 - __main__ - INFO - ============================================================
