2026-06-05 03:13:57,754 - __main__ - INFO - ============================================================
2026-06-05 03:13:57,754 - __main__ - INFO - TRAIN DATA COLLECTION STARTED
2026-06-05 03:13:57,754 - __main__ - INFO - ============================================================
2026-06-05 03:13:57,754 - __main__ - INFO - Date: today
2026-06-05 03:13:57,754 - __main__ - INFO - Max routes: all
2026-06-05 03:13:57,754 - __main__ - INFO - Weather collection: disabled (use separate forecast collection)
2026-06-05 03:13:57,754 - __main__ - INFO - Mode: INCREMENTAL (merge)
2026-06-05 03:13:57,754 - __main__ - INFO - ============================================================

2026-06-05 03:13:57,754 - root - INFO - Collecting train data for 2026-06-05
2026-06-05 03:13:57,754 - root - INFO - Max routes: all
2026-06-05 03:47:48,321 - root - INFO - Fetched 3924 trains from API
2026-06-05 03:47:48,659 - root - INFO - Converted to DataFrame: 49175 rows × 23 columns
2026-06-05 03:47:48,666 - root - INFO - Filtered to relevant trains: 49175 → 5347 records (removed 43828 future departures)
2026-06-05 03:47:48,694 - root - INFO - Incremental save mode: 5347 new records
2026-06-05 03:47:48,694 - utils.incremental_merge - INFO - No existing file at data/collected/trains_20260605.csv, returning new data
2026-06-05 03:47:48,749 - root - INFO - Saved 5347 total records to data/collected/trains_20260605.csv
2026-06-05 03:47:48,749 - root - INFO - File size: 1299.56 KB
2026-06-05 03:47:48,776 - root - INFO - 
============================================================
2026-06-05 03:47:48,776 - root - INFO - COLLECTION SUMMARY
2026-06-05 03:47:48,776 - root - INFO - ============================================================
2026-06-05 03:47:48,776 - root - INFO - Total records: 5347
2026-06-05 03:47:48,776 - root - INFO - Unique trains: 484
2026-06-05 03:47:48,776 - root - INFO - Unique routes: 228
2026-06-05 03:47:48,777 - root - INFO - Unique stations: 1050
2026-06-05 03:47:48,777 - root - INFO - 
Realtime data:
2026-06-05 03:47:48,777 - root - INFO -   - Modified states: 3578 (66.9%)
2026-06-05 03:47:48,777 - root - INFO -   - Records with delays: 1472 (27.5%)
2026-06-05 03:47:48,779 - root - INFO -   - Average delay: 1.4 minutes
2026-06-05 03:47:48,779 - root - INFO -   - Max delay: 10.0 minutes
2026-06-05 03:47:48,779 - root - INFO -   - Min delay: -3.0 minutes
2026-06-05 03:47:48,779 - root - INFO - ============================================================

2026-06-05 03:47:48,779 - __main__ - INFO - ============================================================
2026-06-05 03:47:48,779 - __main__ - INFO - COLLECTION COMPLETED SUCCESSFULLY
2026-06-05 03:47:48,779 - __main__ - INFO - ============================================================
