2026-09-11 00:51:25,885 - __main__ - INFO - ============================================================
2026-09-11 00:51:25,885 - __main__ - INFO - TRAIN DATA COLLECTION STARTED
2026-09-11 00:51:25,885 - __main__ - INFO - ============================================================
2026-09-11 00:51:25,885 - __main__ - INFO - Date: today
2026-09-11 00:51:25,885 - __main__ - INFO - Max routes: all
2026-09-11 00:51:25,885 - __main__ - INFO - Batch size: 10
2026-09-11 00:51:25,885 - __main__ - INFO - Max concurrent requests: 5
2026-09-11 00:51:25,885 - __main__ - INFO - Weather collection: disabled (use separate forecast collection)
2026-09-11 00:51:25,885 - __main__ - INFO - Mode: INCREMENTAL (merge)
2026-09-11 00:51:25,885 - __main__ - INFO - ============================================================

2026-09-11 00:51:25,885 - root - INFO - Collecting train data for 2026-09-11
2026-09-11 00:51:25,885 - root - INFO - Max routes: all
2026-09-11 00:51:25,885 - root - INFO - Batch size: 10
2026-09-11 00:51:25,885 - root - INFO - Max concurrent requests: 5
2026-09-11 00:51:25,885 - root - INFO - Request timeout (s): 10
2026-09-11 00:51:25,885 - root - INFO - Trying API endpoint: https://mavplusz.hu/otp2-backend/otp/gtfs/v1
2026-09-11 00:51:34,145 - root - INFO - Successfully connected to: https://mavplusz.hu/otp2-backend/otp/gtfs/v1
2026-09-11 01:02:32,534 - root - INFO - Fetched 149663 trains from API
2026-09-11 01:02:44,265 - root - INFO - Converted to DataFrame: 1731982 rows × 23 columns
2026-09-11 01:02:44,335 - root - INFO - Filtered to relevant trains: 1731982 → 35487 records (removed 1696495 future departures)
2026-09-11 01:02:45,073 - root - INFO - Incremental save mode: 35487 new records
2026-09-11 01:02:45,073 - utils.incremental_merge - INFO - No existing file at data/collected/trains_20260911.csv, returning new data
2026-09-11 01:02:45,420 - root - INFO - Saved 35487 total records to data/collected/trains_20260911.csv
2026-09-11 01:02:45,420 - root - INFO - File size: 12342.66 KB
2026-09-11 01:02:45,609 - root - INFO - 
============================================================
2026-09-11 01:02:45,609 - root - INFO - COLLECTION SUMMARY
2026-09-11 01:02:45,609 - root - INFO - ============================================================
2026-09-11 01:02:45,609 - root - INFO - Total records: 35487
2026-09-11 01:02:45,610 - root - INFO - Unique trains: 4441
2026-09-11 01:02:45,611 - root - INFO - Unique routes: 1258
2026-09-11 01:02:45,613 - root - INFO - Unique stations: 4422
2026-09-11 01:02:45,613 - root - INFO - 
Realtime data:
2026-09-11 01:02:45,613 - root - INFO -   - Modified states: 551 (1.6%)
2026-09-11 01:02:45,613 - root - INFO -   - Records with delays: 193 (0.5%)
2026-09-11 01:02:45,615 - root - INFO -   - Average delay: 6.5 minutes
2026-09-11 01:02:45,615 - root - INFO -   - Max delay: 56.0 minutes
2026-09-11 01:02:45,615 - root - INFO -   - Min delay: -1.0 minutes
2026-09-11 01:02:45,615 - root - INFO - ============================================================

2026-09-11 01:02:45,615 - __main__ - INFO - ============================================================
2026-09-11 01:02:45,615 - __main__ - INFO - COLLECTION COMPLETED SUCCESSFULLY
2026-09-11 01:02:45,615 - __main__ - INFO - ============================================================
