2026-06-02 06:35:50,254 - __main__ - INFO - ============================================================
2026-06-02 06:35:50,254 - __main__ - INFO - TRAIN DATA COLLECTION STARTED
2026-06-02 06:35:50,254 - __main__ - INFO - ============================================================
2026-06-02 06:35:50,254 - __main__ - INFO - Date: today
2026-06-02 06:35:50,255 - __main__ - INFO - Max routes: all
2026-06-02 06:35:50,255 - __main__ - INFO - Weather collection: disabled (use separate forecast collection)
2026-06-02 06:35:50,255 - __main__ - INFO - Mode: INCREMENTAL (merge)
2026-06-02 06:35:50,255 - __main__ - INFO - ============================================================

2026-06-02 06:35:50,255 - root - INFO - Collecting train data for 2026-06-02
2026-06-02 06:35:50,255 - root - INFO - Max routes: all
2026-06-02 07:07:02,369 - root - INFO - Fetched 3668 trains from API
2026-06-02 07:07:02,717 - root - INFO - Converted to DataFrame: 46086 rows × 23 columns
2026-06-02 07:07:02,725 - root - INFO - Filtered to relevant trains: 46086 → 13052 records (removed 33034 future departures)
2026-06-02 07:07:02,765 - root - INFO - Incremental save mode: 13052 new records
2026-06-02 07:07:02,788 - utils.incremental_merge - INFO - Loaded 5362 existing records from trains_20260602.csv
2026-06-02 07:07:02,962 - utils.incremental_merge - INFO - Merge analysis: 10210 new, 2842 to update, 2520 unchanged
2026-06-02 07:07:03,038 - utils.incremental_merge - INFO - Adding 10210 completely new records
2026-06-02 07:07:14,708 - utils.incremental_merge - INFO - Updated 2672 records, preserved 170 records
2026-06-02 07:07:15,636 - utils.incremental_merge - INFO - Merge complete: 15572 total records
2026-06-02 07:07:15,971 - root - INFO - Saved 15572 total records to data/collected/trains_20260602.csv
2026-06-02 07:07:15,972 - root - INFO - File size: 3745.29 KB
2026-06-02 07:07:16,070 - root - INFO - 
============================================================
2026-06-02 07:07:16,070 - root - INFO - COLLECTION SUMMARY
2026-06-02 07:07:16,070 - root - INFO - ============================================================
2026-06-02 07:07:16,070 - root - INFO - Total records: 13052
2026-06-02 07:07:16,071 - root - INFO - Unique trains: 1173
2026-06-02 07:07:16,072 - root - INFO - Unique routes: 352
2026-06-02 07:07:16,072 - root - INFO - Unique stations: 1203
2026-06-02 07:07:16,073 - root - INFO - 
Realtime data:
2026-06-02 07:07:16,073 - root - INFO -   - Modified states: 6996 (53.6%)
2026-06-02 07:07:16,073 - root - INFO -   - Records with delays: 4801 (36.8%)
2026-06-02 07:07:16,076 - root - INFO -   - Average delay: 3.0 minutes
2026-06-02 07:07:16,076 - root - INFO -   - Max delay: 48.0 minutes
2026-06-02 07:07:16,076 - root - INFO -   - Min delay: -6.0 minutes
2026-06-02 07:07:16,076 - root - INFO - ============================================================

2026-06-02 07:07:16,076 - __main__ - INFO - ============================================================
2026-06-02 07:07:16,076 - __main__ - INFO - COLLECTION COMPLETED SUCCESSFULLY
2026-06-02 07:07:16,076 - __main__ - INFO - ============================================================
