2026-06-10 18:03:56,862 - __main__ - INFO - ============================================================
2026-06-10 18:03:56,862 - __main__ - INFO - TRAIN DATA COLLECTION STARTED
2026-06-10 18:03:56,862 - __main__ - INFO - ============================================================
2026-06-10 18:03:56,862 - __main__ - INFO - Date: today
2026-06-10 18:03:56,862 - __main__ - INFO - Max routes: all
2026-06-10 18:03:56,862 - __main__ - INFO - Weather collection: disabled (use separate forecast collection)
2026-06-10 18:03:56,862 - __main__ - INFO - Mode: INCREMENTAL (merge)
2026-06-10 18:03:56,862 - __main__ - INFO - ============================================================

2026-06-10 18:03:56,862 - root - INFO - Collecting train data for 2026-06-10
2026-06-10 18:03:56,862 - root - INFO - Max routes: all
2026-06-10 18:42:34,706 - root - INFO - Fetched 4377 trains from API
2026-06-10 18:42:35,119 - root - INFO - Converted to DataFrame: 57007 rows × 23 columns
2026-06-10 18:42:35,130 - root - INFO - Filtered to relevant trains: 57007 → 50683 records (removed 6324 future departures)
2026-06-10 18:42:35,176 - root - INFO - Incremental save mode: 50683 new records
2026-06-10 18:42:35,365 - utils.incremental_merge - INFO - Loaded 47891 existing records from trains_20260610.csv
2026-06-10 18:42:36,288 - utils.incremental_merge - INFO - Merge analysis: 15628 new, 35055 to update, 12836 unchanged
2026-06-10 18:42:36,456 - utils.incremental_merge - INFO - Adding 15628 completely new records
2026-06-10 18:45:42,342 - utils.incremental_merge - INFO - Updated 21712 records, preserved 13343 records
2026-06-10 18:45:56,140 - utils.incremental_merge - INFO - Merge complete: 63519 total records
2026-06-10 18:45:58,783 - root - INFO - Saved 63519 total records to data/collected/trains_20260610.csv
2026-06-10 18:45:58,785 - root - INFO - File size: 15443.42 KB
2026-06-10 18:45:59,580 - root - INFO - 
============================================================
2026-06-10 18:45:59,580 - root - INFO - COLLECTION SUMMARY
2026-06-10 18:45:59,580 - root - INFO - ============================================================
2026-06-10 18:45:59,580 - root - INFO - Total records: 50683
2026-06-10 18:45:59,581 - root - INFO - Unique trains: 4057
2026-06-10 18:45:59,582 - root - INFO - Unique routes: 491
2026-06-10 18:45:59,583 - root - INFO - Unique stations: 1344
2026-06-10 18:45:59,584 - root - INFO - 
Realtime data:
2026-06-10 18:45:59,584 - root - INFO -   - Modified states: 5871 (11.6%)
2026-06-10 18:45:59,584 - root - INFO -   - Records with delays: 4152 (8.2%)
2026-06-10 18:45:59,588 - root - INFO -   - Average delay: 5.8 minutes
2026-06-10 18:45:59,588 - root - INFO -   - Max delay: 64.0 minutes
2026-06-10 18:45:59,588 - root - INFO -   - Min delay: -9.0 minutes
2026-06-10 18:45:59,588 - root - INFO - ============================================================

2026-06-10 18:45:59,588 - __main__ - INFO - ============================================================
2026-06-10 18:45:59,588 - __main__ - INFO - COLLECTION COMPLETED SUCCESSFULLY
2026-06-10 18:45:59,588 - __main__ - INFO - ============================================================
