2026-09-09 01:04:16,834 - __main__ - INFO - ============================================================
2026-09-09 01:04:16,834 - __main__ - INFO - TRAIN DATA COLLECTION STARTED
2026-09-09 01:04:16,834 - __main__ - INFO - ============================================================
2026-09-09 01:04:16,834 - __main__ - INFO - Date: today
2026-09-09 01:04:16,834 - __main__ - INFO - Max routes: all
2026-09-09 01:04:16,834 - __main__ - INFO - Batch size: 10
2026-09-09 01:04:16,834 - __main__ - INFO - Max concurrent requests: 5
2026-09-09 01:04:16,834 - __main__ - INFO - Weather collection: disabled (use separate forecast collection)
2026-09-09 01:04:16,834 - __main__ - INFO - Mode: INCREMENTAL (merge)
2026-09-09 01:04:16,834 - __main__ - INFO - ============================================================

2026-09-09 01:04:16,835 - root - INFO - Collecting train data for 2026-09-09
2026-09-09 01:04:16,835 - root - INFO - Max routes: all
2026-09-09 01:04:16,835 - root - INFO - Batch size: 10
2026-09-09 01:04:16,835 - root - INFO - Max concurrent requests: 5
2026-09-09 01:04:16,835 - root - INFO - Request timeout (s): 10
2026-09-09 01:04:16,835 - root - INFO - Trying API endpoint: https://mavplusz.hu/otp2-backend/otp/gtfs/v1
2026-09-09 01:04:24,876 - root - INFO - Successfully connected to: https://mavplusz.hu/otp2-backend/otp/gtfs/v1
2026-09-09 01:17:19,601 - root - INFO - Fetched 160119 trains from API
2026-09-09 01:17:33,691 - root - INFO - Converted to DataFrame: 1849718 rows × 23 columns
2026-09-09 01:17:33,782 - root - INFO - Filtered to relevant trains: 1849718 → 40078 records (removed 1809640 future departures)
2026-09-09 01:17:34,682 - root - INFO - Incremental save mode: 40078 new records
2026-09-09 01:17:34,682 - utils.incremental_merge - INFO - No existing file at data/collected/trains_20260909.csv, returning new data
2026-09-09 01:17:35,128 - root - INFO - Saved 40078 total records to data/collected/trains_20260909.csv
2026-09-09 01:17:35,128 - root - INFO - File size: 14099.47 KB
2026-09-09 01:17:35,334 - root - INFO - 
============================================================
2026-09-09 01:17:35,334 - root - INFO - COLLECTION SUMMARY
2026-09-09 01:17:35,334 - root - INFO - ============================================================
2026-09-09 01:17:35,334 - root - INFO - Total records: 40078
2026-09-09 01:17:35,335 - root - INFO - Unique trains: 5019
2026-09-09 01:17:35,337 - root - INFO - Unique routes: 1392
2026-09-09 01:17:35,338 - root - INFO - Unique stations: 4634
2026-09-09 01:17:35,339 - root - INFO - 
Realtime data:
2026-09-09 01:17:35,339 - root - INFO -   - Modified states: 528 (1.3%)
2026-09-09 01:17:35,339 - root - INFO -   - Records with delays: 149 (0.4%)
2026-09-09 01:17:35,340 - root - INFO -   - Average delay: 4.1 minutes
2026-09-09 01:17:35,340 - root - INFO -   - Max delay: 59.0 minutes
2026-09-09 01:17:35,340 - root - INFO -   - Min delay: -1.0 minutes
2026-09-09 01:17:35,340 - root - INFO - ============================================================

2026-09-09 01:17:35,341 - __main__ - INFO - ============================================================
2026-09-09 01:17:35,341 - __main__ - INFO - COLLECTION COMPLETED SUCCESSFULLY
2026-09-09 01:17:35,341 - __main__ - INFO - ============================================================
