2026-09-02 00:50:10,991 - __main__ - INFO - ============================================================
2026-09-02 00:50:10,991 - __main__ - INFO - TRAIN DATA COLLECTION STARTED
2026-09-02 00:50:10,992 - __main__ - INFO - ============================================================
2026-09-02 00:50:10,992 - __main__ - INFO - Date: today
2026-09-02 00:50:10,992 - __main__ - INFO - Max routes: all
2026-09-02 00:50:10,992 - __main__ - INFO - Batch size: 10
2026-09-02 00:50:10,992 - __main__ - INFO - Max concurrent requests: 5
2026-09-02 00:50:10,992 - __main__ - INFO - Weather collection: disabled (use separate forecast collection)
2026-09-02 00:50:10,992 - __main__ - INFO - Mode: INCREMENTAL (merge)
2026-09-02 00:50:10,992 - __main__ - INFO - ============================================================

2026-09-02 00:50:10,992 - root - INFO - Collecting train data for 2026-09-02
2026-09-02 00:50:10,992 - root - INFO - Max routes: all
2026-09-02 00:50:10,992 - root - INFO - Batch size: 10
2026-09-02 00:50:10,992 - root - INFO - Max concurrent requests: 5
2026-09-02 00:50:10,992 - root - INFO - Request timeout (s): 10
2026-09-02 00:50:10,992 - root - INFO - Trying API endpoint: https://mavplusz.hu/otp2-backend/otp/gtfs/v1
2026-09-02 00:50:19,455 - root - INFO - Successfully connected to: https://mavplusz.hu/otp2-backend/otp/gtfs/v1
2026-09-02 01:04:14,982 - root - INFO - Fetched 170816 trains from API
2026-09-02 01:04:29,970 - root - INFO - Converted to DataFrame: 1991320 rows × 23 columns
2026-09-02 01:04:30,064 - root - INFO - Filtered to relevant trains: 1991320 → 41324 records (removed 1949996 future departures)
2026-09-02 01:04:31,010 - root - INFO - Incremental save mode: 41324 new records
2026-09-02 01:04:31,010 - utils.incremental_merge - INFO - No existing file at data/collected/trains_20260902.csv, returning new data
2026-09-02 01:04:31,470 - root - INFO - Saved 41324 total records to data/collected/trains_20260902.csv
2026-09-02 01:04:31,471 - root - INFO - File size: 14543.08 KB
2026-09-02 01:04:31,675 - root - INFO - 
============================================================
2026-09-02 01:04:31,675 - root - INFO - COLLECTION SUMMARY
2026-09-02 01:04:31,675 - root - INFO - ============================================================
2026-09-02 01:04:31,675 - root - INFO - Total records: 41324
2026-09-02 01:04:31,676 - root - INFO - Unique trains: 5138
2026-09-02 01:04:31,678 - root - INFO - Unique routes: 1404
2026-09-02 01:04:31,679 - root - INFO - Unique stations: 4522
2026-09-02 01:04:31,679 - root - INFO - 
Realtime data:
2026-09-02 01:04:31,679 - root - INFO -   - Modified states: 481 (1.2%)
2026-09-02 01:04:31,680 - root - INFO -   - Records with delays: 156 (0.4%)
2026-09-02 01:04:31,681 - root - INFO -   - Average delay: 5.3 minutes
2026-09-02 01:04:31,681 - root - INFO -   - Max delay: 49.0 minutes
2026-09-02 01:04:31,681 - root - INFO -   - Min delay: -4.0 minutes
2026-09-02 01:04:31,681 - root - INFO - ============================================================

2026-09-02 01:04:31,681 - __main__ - INFO - ============================================================
2026-09-02 01:04:31,681 - __main__ - INFO - COLLECTION COMPLETED SUCCESSFULLY
2026-09-02 01:04:31,682 - __main__ - INFO - ============================================================
