2026-04-05 20:33:12,634 - __main__ - INFO - ============================================================
2026-04-05 20:33:12,634 - __main__ - INFO - TRAIN DATA COLLECTION STARTED
2026-04-05 20:33:12,635 - __main__ - INFO - ============================================================
2026-04-05 20:33:12,635 - __main__ - INFO - Date: today
2026-04-05 20:33:12,635 - __main__ - INFO - Max routes: all
2026-04-05 20:33:12,635 - __main__ - INFO - Weather collection: disabled (use separate forecast collection)
2026-04-05 20:33:12,635 - __main__ - INFO - Mode: INCREMENTAL (merge)
2026-04-05 20:33:12,635 - __main__ - INFO - ============================================================

2026-04-05 20:33:12,635 - root - INFO - Collecting train data for 2026-04-05
2026-04-05 20:33:12,635 - root - INFO - Max routes: all
2026-04-05 21:07:31,575 - root - INFO - Fetched 3596 trains from API
2026-04-05 21:07:31,913 - root - INFO - Converted to DataFrame: 45828 rows × 23 columns
2026-04-05 21:07:31,922 - root - INFO - Filtered to relevant trains: 45828 → 44545 records (removed 1283 future departures)
2026-04-05 21:07:31,959 - root - INFO - Incremental save mode: 44545 new records
2026-04-05 21:07:32,176 - utils.incremental_merge - INFO - Loaded 58062 existing records from trains_20260405.csv
2026-04-05 21:07:33,174 - utils.incremental_merge - INFO - Merge analysis: 9591 new, 34954 to update, 23108 unchanged
2026-04-05 21:07:33,361 - utils.incremental_merge - INFO - Adding 9591 completely new records
2026-04-05 21:10:33,900 - utils.incremental_merge - INFO - Updated 20123 records, preserved 14831 records
2026-04-05 21:10:47,570 - utils.incremental_merge - INFO - Merge complete: 67653 total records
2026-04-05 21:10:50,110 - root - INFO - Saved 67653 total records to data/collected/trains_20260405.csv
2026-04-05 21:10:50,111 - root - INFO - File size: 16412.44 KB
2026-04-05 21:10:50,822 - root - INFO - 
============================================================
2026-04-05 21:10:50,822 - root - INFO - COLLECTION SUMMARY
2026-04-05 21:10:50,822 - root - INFO - ============================================================
2026-04-05 21:10:50,822 - root - INFO - Total records: 44545
2026-04-05 21:10:50,823 - root - INFO - Unique trains: 3572
2026-04-05 21:10:50,824 - root - INFO - Unique routes: 420
2026-04-05 21:10:50,825 - root - INFO - Unique stations: 1298
2026-04-05 21:10:50,826 - root - INFO - 
Realtime data:
2026-04-05 21:10:50,826 - root - INFO -   - Modified states: 3873 (8.7%)
2026-04-05 21:10:50,826 - root - INFO -   - Records with delays: 2807 (6.3%)
2026-04-05 21:10:50,829 - root - INFO -   - Average delay: 4.1 minutes
2026-04-05 21:10:50,829 - root - INFO -   - Max delay: 38.0 minutes
2026-04-05 21:10:50,829 - root - INFO -   - Min delay: -28.0 minutes
2026-04-05 21:10:50,829 - root - INFO - ============================================================

2026-04-05 21:10:50,829 - __main__ - INFO - ============================================================
2026-04-05 21:10:50,829 - __main__ - INFO - COLLECTION COMPLETED SUCCESSFULLY
2026-04-05 21:10:50,829 - __main__ - INFO - ============================================================
