2026-04-12 04:48:11,505 - __main__ - INFO - ============================================================
2026-04-12 04:48:11,505 - __main__ - INFO - TRAIN DATA COLLECTION STARTED
2026-04-12 04:48:11,505 - __main__ - INFO - ============================================================
2026-04-12 04:48:11,505 - __main__ - INFO - Date: today
2026-04-12 04:48:11,505 - __main__ - INFO - Max routes: all
2026-04-12 04:48:11,505 - __main__ - INFO - Weather collection: disabled (use separate forecast collection)
2026-04-12 04:48:11,505 - __main__ - INFO - Mode: INCREMENTAL (merge)
2026-04-12 04:48:11,505 - __main__ - INFO - ============================================================

2026-04-12 04:48:11,505 - root - INFO - Collecting train data for 2026-04-12
2026-04-12 04:48:11,505 - root - INFO - Max routes: all
2026-04-12 05:40:07,853 - root - INFO - Fetched 4493 trains from API
2026-04-12 05:40:08,285 - root - INFO - Converted to DataFrame: 55347 rows × 23 columns
2026-04-12 05:40:08,293 - root - INFO - Filtered to relevant trains: 55347 → 11584 records (removed 43763 future departures)
2026-04-12 05:40:08,342 - root - INFO - Incremental save mode: 11584 new records
2026-04-12 05:40:08,462 - utils.incremental_merge - INFO - Loaded 30927 existing records from trains_20260412.csv
2026-04-12 05:40:08,885 - utils.incremental_merge - INFO - Merge analysis: 11584 new, 0 to update, 30927 unchanged
2026-04-12 05:40:09,126 - utils.incremental_merge - INFO - Adding 11584 completely new records
2026-04-12 05:40:09,126 - utils.incremental_merge - INFO - Updated 0 records, preserved 0 records
2026-04-12 05:40:09,135 - utils.incremental_merge - INFO - Merge complete: 42511 total records
2026-04-12 05:40:09,586 - root - INFO - Saved 42511 total records to data/collected/trains_20260412.csv
2026-04-12 05:40:09,587 - root - INFO - File size: 10274.50 KB
2026-04-12 05:40:09,771 - root - INFO - 
============================================================
2026-04-12 05:40:09,771 - root - INFO - COLLECTION SUMMARY
2026-04-12 05:40:09,772 - root - INFO - ============================================================
2026-04-12 05:40:09,772 - root - INFO - Total records: 11584
2026-04-12 05:40:09,772 - root - INFO - Unique trains: 1129
2026-04-12 05:40:09,773 - root - INFO - Unique routes: 338
2026-04-12 05:40:09,773 - root - INFO - Unique stations: 1153
2026-04-12 05:40:09,774 - root - INFO - 
Realtime data:
2026-04-12 05:40:09,774 - root - INFO -   - Modified states: 5433 (46.9%)
2026-04-12 05:40:09,774 - root - INFO -   - Records with delays: 2777 (24.0%)
2026-04-12 05:40:09,776 - root - INFO -   - Average delay: 1.7 minutes
2026-04-12 05:40:09,777 - root - INFO -   - Max delay: 35.0 minutes
2026-04-12 05:40:09,777 - root - INFO -   - Min delay: -30.0 minutes
2026-04-12 05:40:09,777 - root - INFO - ============================================================

2026-04-12 05:40:09,777 - __main__ - INFO - ============================================================
2026-04-12 05:40:09,777 - __main__ - INFO - COLLECTION COMPLETED SUCCESSFULLY
2026-04-12 05:40:09,777 - __main__ - INFO - ============================================================
