2026-04-11 11:30:15,682 - __main__ - INFO - ============================================================
2026-04-11 11:30:15,682 - __main__ - INFO - TRAIN DATA COLLECTION STARTED
2026-04-11 11:30:15,682 - __main__ - INFO - ============================================================
2026-04-11 11:30:15,682 - __main__ - INFO - Date: today
2026-04-11 11:30:15,682 - __main__ - INFO - Max routes: all
2026-04-11 11:30:15,682 - __main__ - INFO - Weather collection: disabled (use separate forecast collection)
2026-04-11 11:30:15,682 - __main__ - INFO - Mode: INCREMENTAL (merge)
2026-04-11 11:30:15,682 - __main__ - INFO - ============================================================

2026-04-11 11:30:15,683 - root - INFO - Collecting train data for 2026-04-11
2026-04-11 11:30:15,683 - root - INFO - Max routes: all
2026-04-11 12:01:44,241 - root - INFO - Fetched 3294 trains from API
2026-04-11 12:01:44,528 - root - INFO - Converted to DataFrame: 40657 rows × 23 columns
2026-04-11 12:01:44,535 - root - INFO - Filtered to relevant trains: 40657 → 21551 records (removed 19106 future departures)
2026-04-11 12:01:44,567 - root - INFO - Incremental save mode: 21551 new records
2026-04-11 12:01:44,659 - utils.incremental_merge - INFO - Loaded 24506 existing records from trains_20260411.csv
2026-04-11 12:01:45,107 - utils.incremental_merge - INFO - Merge analysis: 8902 new, 12649 to update, 11857 unchanged
2026-04-11 12:01:45,225 - utils.incremental_merge - INFO - Adding 8902 completely new records
2026-04-11 12:02:46,682 - utils.incremental_merge - INFO - Updated 9189 records, preserved 3460 records
2026-04-11 12:02:51,198 - utils.incremental_merge - INFO - Merge complete: 33408 total records
2026-04-11 12:02:52,148 - root - INFO - Saved 33408 total records to data/collected/trains_20260411.csv
2026-04-11 12:02:52,149 - root - INFO - File size: 8040.56 KB
2026-04-11 12:02:52,425 - root - INFO - 
============================================================
2026-04-11 12:02:52,425 - root - INFO - COLLECTION SUMMARY
2026-04-11 12:02:52,425 - root - INFO - ============================================================
2026-04-11 12:02:52,425 - root - INFO - Total records: 21551
2026-04-11 12:02:52,426 - root - INFO - Unique trains: 1852
2026-04-11 12:02:52,426 - root - INFO - Unique routes: 329
2026-04-11 12:02:52,427 - root - INFO - Unique stations: 1262
2026-04-11 12:02:52,428 - root - INFO - 
Realtime data:
2026-04-11 12:02:52,428 - root - INFO -   - Modified states: 3846 (17.8%)
2026-04-11 12:02:52,428 - root - INFO -   - Records with delays: 2485 (11.5%)
2026-04-11 12:02:52,430 - root - INFO -   - Average delay: 3.4 minutes
2026-04-11 12:02:52,430 - root - INFO -   - Max delay: 26.0 minutes
2026-04-11 12:02:52,430 - root - INFO -   - Min delay: -29.0 minutes
2026-04-11 12:02:52,430 - root - INFO - ============================================================

2026-04-11 12:02:52,431 - __main__ - INFO - ============================================================
2026-04-11 12:02:52,431 - __main__ - INFO - COLLECTION COMPLETED SUCCESSFULLY
2026-04-11 12:02:52,431 - __main__ - INFO - ============================================================
