2026-08-17 02:58:35,229 - __main__ - INFO - ============================================================
2026-08-17 02:58:35,230 - __main__ - INFO - TRAIN DATA COLLECTION STARTED
2026-08-17 02:58:35,230 - __main__ - INFO - ============================================================
2026-08-17 02:58:35,230 - __main__ - INFO - Date: today
2026-08-17 02:58:35,230 - __main__ - INFO - Max routes: all
2026-08-17 02:58:35,230 - __main__ - INFO - Batch size: 10
2026-08-17 02:58:35,230 - __main__ - INFO - Max concurrent requests: 5
2026-08-17 02:58:35,230 - __main__ - INFO - Weather collection: disabled (use separate forecast collection)
2026-08-17 02:58:35,230 - __main__ - INFO - Mode: INCREMENTAL (merge)
2026-08-17 02:58:35,230 - __main__ - INFO - ============================================================

2026-08-17 02:58:35,230 - root - INFO - Collecting train data for 2026-08-17
2026-08-17 02:58:35,230 - root - INFO - Max routes: all
2026-08-17 02:58:35,230 - root - INFO - Batch size: 10
2026-08-17 02:58:35,230 - root - INFO - Max concurrent requests: 5
2026-08-17 02:58:35,230 - root - INFO - Request timeout (s): 10
2026-08-17 02:58:35,230 - root - INFO - Trying API endpoint: https://mavplusz.hu/otp2-backend/otp/gtfs/v1
2026-08-17 02:58:42,759 - root - INFO - Successfully connected to: https://mavplusz.hu/otp2-backend/otp/gtfs/v1
2026-08-17 03:01:40,408 - root - WARNING - API returned HTTP 502 from https://mavplusz.hu/otp2-backend/otp/gtfs/v1
2026-08-17 03:01:40,408 - root - WARNING - Response body: '<html>\r\n<head><title>502 Bad Gateway</title></head>\r\n<body>\r\n<center><h1>502 Bad Gateway</h1></center>\r\n<hr><center></center>\r\n</body>\r\n</html>\r\n'
2026-08-17 03:07:51,401 - root - INFO - Fetched 176031 trains from API
2026-08-17 03:08:07,231 - root - INFO - Converted to DataFrame: 2062390 rows × 23 columns
2026-08-17 03:08:07,343 - root - INFO - Filtered to relevant trains: 2062390 → 91130 records (removed 1971260 future departures)
2026-08-17 03:08:08,390 - root - INFO - Incremental save mode: 91130 new records
2026-08-17 03:08:08,390 - utils.incremental_merge - INFO - No existing file at data/collected/trains_20260817.csv, returning new data
2026-08-17 03:08:09,387 - root - INFO - Saved 91130 total records to data/collected/trains_20260817.csv
2026-08-17 03:08:09,387 - root - INFO - File size: 30029.28 KB
2026-08-17 03:08:09,868 - root - INFO - 
============================================================
2026-08-17 03:08:09,868 - root - INFO - COLLECTION SUMMARY
2026-08-17 03:08:09,868 - root - INFO - ============================================================
2026-08-17 03:08:09,869 - root - INFO - Total records: 91130
2026-08-17 03:08:09,871 - root - INFO - Unique trains: 13094
2026-08-17 03:08:09,873 - root - INFO - Unique routes: 3967
2026-08-17 03:08:09,875 - root - INFO - Unique stations: 11107
2026-08-17 03:08:09,876 - root - INFO - 
Realtime data:
2026-08-17 03:08:09,876 - root - INFO -   - Modified states: 3826 (4.2%)
2026-08-17 03:08:09,876 - root - INFO -   - Records with delays: 1758 (1.9%)
2026-08-17 03:08:09,879 - root - INFO -   - Average delay: 2.0 minutes
2026-08-17 03:08:09,879 - root - INFO -   - Max delay: 41.0 minutes
2026-08-17 03:08:09,879 - root - INFO -   - Min delay: -4.0 minutes
2026-08-17 03:08:09,879 - root - INFO - ============================================================

2026-08-17 03:08:09,879 - __main__ - INFO - ============================================================
2026-08-17 03:08:09,879 - __main__ - INFO - COLLECTION COMPLETED SUCCESSFULLY
2026-08-17 03:08:09,879 - __main__ - INFO - ============================================================
