2026-04-08 09:00:50,308 - __main__ - INFO - ============================================================
2026-04-08 09:00:50,308 - __main__ - INFO - TRAIN DATA COLLECTION STARTED
2026-04-08 09:00:50,308 - __main__ - INFO - ============================================================
2026-04-08 09:00:50,308 - __main__ - INFO - Date: today
2026-04-08 09:00:50,308 - __main__ - INFO - Max routes: all
2026-04-08 09:00:50,308 - __main__ - INFO - Weather collection: disabled (use separate forecast collection)
2026-04-08 09:00:50,308 - __main__ - INFO - Mode: INCREMENTAL (merge)
2026-04-08 09:00:50,309 - __main__ - INFO - ============================================================

2026-04-08 09:00:50,309 - root - INFO - Collecting train data for 2026-04-08
2026-04-08 09:00:50,309 - root - INFO - Max routes: all
2026-04-08 09:32:11,052 - root - INFO - Fetched 3636 trains from API
2026-04-08 09:32:11,379 - root - INFO - Converted to DataFrame: 44502 rows × 23 columns
2026-04-08 09:32:11,386 - root - INFO - Filtered to relevant trains: 44502 → 18002 records (removed 26500 future departures)
2026-04-08 09:32:11,422 - root - INFO - Incremental save mode: 18002 new records
2026-04-08 09:32:11,598 - utils.incremental_merge - INFO - Loaded 47902 existing records from trains_20260408.csv
2026-04-08 09:32:12,247 - utils.incremental_merge - INFO - Merge analysis: 8166 new, 9836 to update, 38066 unchanged
2026-04-08 09:32:12,511 - utils.incremental_merge - INFO - Adding 8166 completely new records
2026-04-08 09:33:03,656 - utils.incremental_merge - INFO - Updated 9220 records, preserved 616 records
2026-04-08 09:33:07,303 - utils.incremental_merge - INFO - Merge complete: 56068 total records
2026-04-08 09:33:08,431 - root - INFO - Saved 56068 total records to data/collected/trains_20260408.csv
2026-04-08 09:33:08,434 - root - INFO - File size: 13550.36 KB
2026-04-08 09:33:08,791 - root - INFO - 
============================================================
2026-04-08 09:33:08,791 - root - INFO - COLLECTION SUMMARY
2026-04-08 09:33:08,791 - root - INFO - ============================================================
2026-04-08 09:33:08,791 - root - INFO - Total records: 18002
2026-04-08 09:33:08,792 - root - INFO - Unique trains: 1583
2026-04-08 09:33:08,793 - root - INFO - Unique routes: 384
2026-04-08 09:33:08,794 - root - INFO - Unique stations: 1253
2026-04-08 09:33:08,794 - root - INFO - 
Realtime data:
2026-04-08 09:33:08,794 - root - INFO -   - Modified states: 9558 (53.1%)
2026-04-08 09:33:08,794 - root - INFO -   - Records with delays: 6839 (38.0%)
2026-04-08 09:33:08,798 - root - INFO -   - Average delay: 3.3 minutes
2026-04-08 09:33:08,798 - root - INFO -   - Max delay: 39.0 minutes
2026-04-08 09:33:08,798 - root - INFO -   - Min delay: -28.0 minutes
2026-04-08 09:33:08,798 - root - INFO - ============================================================

2026-04-08 09:33:08,798 - __main__ - INFO - ============================================================
2026-04-08 09:33:08,798 - __main__ - INFO - COLLECTION COMPLETED SUCCESSFULLY
2026-04-08 09:33:08,798 - __main__ - INFO - ============================================================
