2026-04-16 04:52:36,627 - __main__ - INFO - ============================================================
2026-04-16 04:52:36,627 - __main__ - INFO - TRAIN DATA COLLECTION STARTED
2026-04-16 04:52:36,627 - __main__ - INFO - ============================================================
2026-04-16 04:52:36,627 - __main__ - INFO - Date: today
2026-04-16 04:52:36,627 - __main__ - INFO - Max routes: all
2026-04-16 04:52:36,627 - __main__ - INFO - Weather collection: disabled (use separate forecast collection)
2026-04-16 04:52:36,627 - __main__ - INFO - Mode: INCREMENTAL (merge)
2026-04-16 04:52:36,627 - __main__ - INFO - ============================================================

2026-04-16 04:52:36,627 - root - INFO - Collecting train data for 2026-04-16
2026-04-16 04:52:36,627 - root - INFO - Max routes: all
2026-04-16 05:44:55,753 - root - INFO - Fetched 5233 trains from API
2026-04-16 05:44:56,210 - root - INFO - Converted to DataFrame: 63234 rows × 23 columns
2026-04-16 05:44:56,218 - root - INFO - Filtered to relevant trains: 63234 → 13544 records (removed 49690 future departures)
2026-04-16 05:44:56,262 - root - INFO - Incremental save mode: 13544 new records
2026-04-16 05:44:56,270 - utils.incremental_merge - INFO - Loaded 1218 existing records from trains_20260416.csv
2026-04-16 05:44:56,412 - utils.incremental_merge - INFO - Merge analysis: 13544 new, 0 to update, 1218 unchanged
2026-04-16 05:44:56,492 - utils.incremental_merge - INFO - Adding 13544 completely new records
2026-04-16 05:44:56,492 - utils.incremental_merge - INFO - Updated 0 records, preserved 0 records
2026-04-16 05:44:56,496 - utils.incremental_merge - INFO - Merge complete: 14762 total records
2026-04-16 05:44:56,635 - root - INFO - Saved 14762 total records to data/collected/trains_20260416.csv
2026-04-16 05:44:56,635 - root - INFO - File size: 3503.76 KB
2026-04-16 05:44:56,699 - root - INFO - 
============================================================
2026-04-16 05:44:56,699 - root - INFO - COLLECTION SUMMARY
2026-04-16 05:44:56,699 - root - INFO - ============================================================
2026-04-16 05:44:56,699 - root - INFO - Total records: 13544
2026-04-16 05:44:56,700 - root - INFO - Unique trains: 1309
2026-04-16 05:44:56,700 - root - INFO - Unique routes: 392
2026-04-16 05:44:56,701 - root - INFO - Unique stations: 1190
2026-04-16 05:44:56,701 - root - INFO - 
Realtime data:
2026-04-16 05:44:56,702 - root - INFO -   - Modified states: 7679 (56.7%)
2026-04-16 05:44:56,702 - root - INFO -   - Records with delays: 4804 (35.5%)
2026-04-16 05:44:56,704 - root - INFO -   - Average delay: 2.3 minutes
2026-04-16 05:44:56,704 - root - INFO -   - Max delay: 27.0 minutes
2026-04-16 05:44:56,704 - root - INFO -   - Min delay: -28.0 minutes
2026-04-16 05:44:56,704 - root - INFO - ============================================================

2026-04-16 05:44:56,704 - __main__ - INFO - ============================================================
2026-04-16 05:44:56,704 - __main__ - INFO - COLLECTION COMPLETED SUCCESSFULLY
2026-04-16 05:44:56,704 - __main__ - INFO - ============================================================
