2026-10-08 00:02:40,284 - __main__ - INFO - ============================================================
2026-10-08 00:02:40,285 - __main__ - INFO - TRAIN DATA COLLECTION STARTED
2026-10-08 00:02:40,285 - __main__ - INFO - ============================================================
2026-10-08 00:02:40,285 - __main__ - INFO - Date: today
2026-10-08 00:02:40,285 - __main__ - INFO - Max routes: all
2026-10-08 00:02:40,285 - __main__ - INFO - Batch size: 10
2026-10-08 00:02:40,285 - __main__ - INFO - Max concurrent requests: 5
2026-10-08 00:02:40,285 - __main__ - INFO - Weather collection: disabled (use separate forecast collection)
2026-10-08 00:02:40,285 - __main__ - INFO - Mode: INCREMENTAL (merge)
2026-10-08 00:02:40,285 - __main__ - INFO - ============================================================

2026-10-08 00:02:40,285 - root - INFO - Collecting train data for 2026-10-08
2026-10-08 00:02:40,285 - root - INFO - Max routes: all
2026-10-08 00:02:40,285 - root - INFO - Batch size: 10
2026-10-08 00:02:40,285 - root - INFO - Max concurrent requests: 5
2026-10-08 00:02:40,285 - root - INFO - Request timeout (s): 10
2026-10-08 00:02:40,285 - root - INFO - Trying API endpoint: https://mavplusz.hu/otp2-backend/otp/gtfs/v1
2026-10-08 00:02:48,088 - root - INFO - Successfully connected to: https://mavplusz.hu/otp2-backend/otp/gtfs/v1
2026-10-08 00:11:07,393 - root - INFO - Fetched 155342 trains from API
2026-10-08 00:11:20,283 - root - INFO - Converted to DataFrame: 1785653 rows × 23 columns
2026-10-08 00:11:20,371 - root - INFO - Filtered to relevant trains: 1785653 → 31450 records (removed 1754203 future departures)
2026-10-08 00:11:21,238 - root - INFO - Incremental save mode: 31450 new records
2026-10-08 00:11:21,239 - utils.incremental_merge - INFO - No existing file at data/collected/trains_20261008.csv, returning new data
2026-10-08 00:11:21,555 - root - INFO - Saved 31450 total records to data/collected/trains_20261008.csv
2026-10-08 00:11:21,555 - root - INFO - File size: 10703.09 KB
2026-10-08 00:11:21,705 - root - INFO - 
============================================================
2026-10-08 00:11:21,705 - root - INFO - COLLECTION SUMMARY
2026-10-08 00:11:21,705 - root - INFO - ============================================================
2026-10-08 00:11:21,705 - root - INFO - Total records: 31450
2026-10-08 00:11:21,706 - root - INFO - Unique trains: 4224
2026-10-08 00:11:21,707 - root - INFO - Unique routes: 1244
2026-10-08 00:11:21,708 - root - INFO - Unique stations: 4026
2026-10-08 00:11:21,709 - root - INFO - 
Realtime data:
2026-10-08 00:11:21,709 - root - INFO -   - Modified states: 273 (0.9%)
2026-10-08 00:11:21,709 - root - INFO -   - Records with delays: 154 (0.5%)
2026-10-08 00:11:21,710 - root - INFO -   - Average delay: 7.7 minutes
2026-10-08 00:11:21,711 - root - INFO -   - Max delay: 40.0 minutes
2026-10-08 00:11:21,711 - root - INFO -   - Min delay: -2.0 minutes
2026-10-08 00:11:21,711 - root - INFO - ============================================================

2026-10-08 00:11:21,711 - __main__ - INFO - ============================================================
2026-10-08 00:11:21,711 - __main__ - INFO - COLLECTION COMPLETED SUCCESSFULLY
2026-10-08 00:11:21,711 - __main__ - INFO - ============================================================
