2026-03-24 23:33:07,150 - __main__ - INFO - ============================================================
2026-03-24 23:33:07,150 - __main__ - INFO - TRAIN DATA COLLECTION STARTED
2026-03-24 23:33:07,150 - __main__ - INFO - ============================================================
2026-03-24 23:33:07,150 - __main__ - INFO - Date: today
2026-03-24 23:33:07,150 - __main__ - INFO - Max routes: all
2026-03-24 23:33:07,150 - __main__ - INFO - Weather collection: disabled (use separate forecast collection)
2026-03-24 23:33:07,151 - __main__ - INFO - Mode: INCREMENTAL (merge)
2026-03-24 23:33:07,151 - __main__ - INFO - ============================================================

2026-03-24 23:33:07,151 - root - INFO - Collecting train data for 2026-03-24
2026-03-24 23:33:07,151 - root - INFO - Max routes: all
2026-03-25 00:09:32,786 - root - INFO - Fetched 3883 trains from API
2026-03-25 00:09:33,155 - root - INFO - Converted to DataFrame: 48737 rows × 23 columns
2026-03-25 00:09:33,161 - root - INFO - Filtered to relevant trains: 48737 → 4871 records (removed 43866 future departures)
2026-03-25 00:09:33,206 - root - INFO - Incremental save mode: 4871 new records
2026-03-25 00:09:33,206 - utils.incremental_merge - INFO - No existing file at data/collected/trains_20260325.csv, returning new data
2026-03-25 00:09:33,256 - root - INFO - Saved 4871 total records to data/collected/trains_20260325.csv
2026-03-25 00:09:33,256 - root - INFO - File size: 1138.64 KB
2026-03-25 00:09:33,284 - root - INFO - 
============================================================
2026-03-25 00:09:33,284 - root - INFO - COLLECTION SUMMARY
2026-03-25 00:09:33,284 - root - INFO - ============================================================
2026-03-25 00:09:33,285 - root - INFO - Total records: 4871
2026-03-25 00:09:33,285 - root - INFO - Unique trains: 394
2026-03-25 00:09:33,285 - root - INFO - Unique routes: 158
2026-03-25 00:09:33,286 - root - INFO - Unique stations: 911
2026-03-25 00:09:33,286 - root - INFO - 
Realtime data:
2026-03-25 00:09:33,286 - root - INFO -   - Modified states: 4517 (92.7%)
2026-03-25 00:09:33,286 - root - INFO -   - Records with delays: 3014 (61.9%)
2026-03-25 00:09:33,288 - root - INFO -   - Average delay: 4.0 minutes
2026-03-25 00:09:33,288 - root - INFO -   - Max delay: 53.0 minutes
2026-03-25 00:09:33,288 - root - INFO -   - Min delay: -6.0 minutes
2026-03-25 00:09:33,288 - root - INFO - ============================================================

2026-03-25 00:09:33,289 - __main__ - INFO - ============================================================
2026-03-25 00:09:33,289 - __main__ - INFO - COLLECTION COMPLETED SUCCESSFULLY
2026-03-25 00:09:33,289 - __main__ - INFO - ============================================================
