2026-05-01 23:21:29,513 - __main__ - INFO - ============================================================
2026-05-01 23:21:29,513 - __main__ - INFO - TRAIN DATA COLLECTION STARTED
2026-05-01 23:21:29,513 - __main__ - INFO - ============================================================
2026-05-01 23:21:29,513 - __main__ - INFO - Date: today
2026-05-01 23:21:29,513 - __main__ - INFO - Max routes: all
2026-05-01 23:21:29,513 - __main__ - INFO - Weather collection: disabled (use separate forecast collection)
2026-05-01 23:21:29,513 - __main__ - INFO - Mode: INCREMENTAL (merge)
2026-05-01 23:21:29,513 - __main__ - INFO - ============================================================

2026-05-01 23:21:29,513 - root - INFO - Collecting train data for 2026-05-01
2026-05-01 23:21:29,513 - root - INFO - Max routes: all
2026-05-02 00:12:23,220 - root - INFO - Fetched 5022 trains from API
2026-05-02 00:12:23,697 - root - INFO - Converted to DataFrame: 64274 rows × 23 columns
2026-05-02 00:12:23,707 - root - INFO - Filtered to relevant trains: 64274 → 30585 records (removed 33689 future departures)
2026-05-02 00:12:23,755 - root - INFO - Incremental save mode: 30585 new records
2026-05-02 00:12:23,755 - utils.incremental_merge - INFO - No existing file at data/collected/trains_20260502.csv, returning new data
2026-05-02 00:12:24,076 - root - INFO - Saved 30585 total records to data/collected/trains_20260502.csv
2026-05-02 00:12:24,076 - root - INFO - File size: 7407.55 KB
2026-05-02 00:12:24,203 - root - INFO - 
============================================================
2026-05-02 00:12:24,203 - root - INFO - COLLECTION SUMMARY
2026-05-02 00:12:24,203 - root - INFO - ============================================================
2026-05-02 00:12:24,203 - root - INFO - Total records: 30585
2026-05-02 00:12:24,204 - root - INFO - Unique trains: 2414
2026-05-02 00:12:24,205 - root - INFO - Unique routes: 328
2026-05-02 00:12:24,205 - root - INFO - Unique stations: 1052
2026-05-02 00:12:24,206 - root - INFO - 
Realtime data:
2026-05-02 00:12:24,206 - root - INFO -   - Modified states: 30274 (99.0%)
2026-05-02 00:12:24,206 - root - INFO -   - Records with delays: 19712 (64.4%)
2026-05-02 00:12:24,212 - root - INFO -   - Average delay: 3.4 minutes
2026-05-02 00:12:24,212 - root - INFO -   - Max delay: 58.0 minutes
2026-05-02 00:12:24,212 - root - INFO -   - Min delay: -11.0 minutes
2026-05-02 00:12:24,212 - root - INFO - ============================================================

2026-05-02 00:12:24,212 - __main__ - INFO - ============================================================
2026-05-02 00:12:24,212 - __main__ - INFO - COLLECTION COMPLETED SUCCESSFULLY
2026-05-02 00:12:24,212 - __main__ - INFO - ============================================================
