2026-10-03 01:44:51,692 - __main__ - INFO - ============================================================
2026-10-03 01:44:51,692 - __main__ - INFO - TRAIN DATA COLLECTION STARTED
2026-10-03 01:44:51,693 - __main__ - INFO - ============================================================
2026-10-03 01:44:51,693 - __main__ - INFO - Date: today
2026-10-03 01:44:51,693 - __main__ - INFO - Max routes: all
2026-10-03 01:44:51,693 - __main__ - INFO - Batch size: 10
2026-10-03 01:44:51,693 - __main__ - INFO - Max concurrent requests: 5
2026-10-03 01:44:51,693 - __main__ - INFO - Weather collection: disabled (use separate forecast collection)
2026-10-03 01:44:51,693 - __main__ - INFO - Mode: INCREMENTAL (merge)
2026-10-03 01:44:51,693 - __main__ - INFO - ============================================================

2026-10-03 01:44:51,693 - root - INFO - Collecting train data for 2026-10-03
2026-10-03 01:44:51,693 - root - INFO - Max routes: all
2026-10-03 01:44:51,693 - root - INFO - Batch size: 10
2026-10-03 01:44:51,693 - root - INFO - Max concurrent requests: 5
2026-10-03 01:44:51,693 - root - INFO - Request timeout (s): 10
2026-10-03 01:44:51,693 - root - INFO - Trying API endpoint: https://mavplusz.hu/otp2-backend/otp/gtfs/v1
2026-10-03 01:45:00,043 - root - INFO - Successfully connected to: https://mavplusz.hu/otp2-backend/otp/gtfs/v1
2026-10-03 01:56:23,854 - root - INFO - Fetched 155171 trains from API
2026-10-03 01:56:34,949 - root - INFO - Converted to DataFrame: 1783361 rows × 23 columns
2026-10-03 01:56:35,030 - root - INFO - Filtered to relevant trains: 1783361 → 43742 records (removed 1739619 future departures)
2026-10-03 01:56:35,882 - root - INFO - Incremental save mode: 43742 new records
2026-10-03 01:56:35,882 - utils.incremental_merge - INFO - No existing file at data/collected/trains_20261003.csv, returning new data
2026-10-03 01:56:36,215 - root - INFO - Saved 43742 total records to data/collected/trains_20261003.csv
2026-10-03 01:56:36,215 - root - INFO - File size: 14604.52 KB
2026-10-03 01:56:36,397 - root - INFO - 
============================================================
2026-10-03 01:56:36,397 - root - INFO - COLLECTION SUMMARY
2026-10-03 01:56:36,398 - root - INFO - ============================================================
2026-10-03 01:56:36,398 - root - INFO - Total records: 43742
2026-10-03 01:56:36,399 - root - INFO - Unique trains: 5740
2026-10-03 01:56:36,400 - root - INFO - Unique routes: 1687
2026-10-03 01:56:36,401 - root - INFO - Unique stations: 5506
2026-10-03 01:56:36,401 - root - INFO - 
Realtime data:
2026-10-03 01:56:36,401 - root - INFO -   - Modified states: 1303 (3.0%)
2026-10-03 01:56:36,401 - root - INFO -   - Records with delays: 447 (1.0%)
2026-10-03 01:56:36,402 - root - INFO -   - Average delay: 4.5 minutes
2026-10-03 01:56:36,402 - root - INFO -   - Max delay: 173.0 minutes
2026-10-03 01:56:36,402 - root - INFO -   - Min delay: -3.0 minutes
2026-10-03 01:56:36,402 - root - INFO - ============================================================

2026-10-03 01:56:36,403 - __main__ - INFO - ============================================================
2026-10-03 01:56:36,403 - __main__ - INFO - COLLECTION COMPLETED SUCCESSFULLY
2026-10-03 01:56:36,403 - __main__ - INFO - ============================================================
