2026-04-22 23:21:24,978 - __main__ - INFO - ============================================================
2026-04-22 23:21:24,978 - __main__ - INFO - TRAIN DATA COLLECTION STARTED
2026-04-22 23:21:24,978 - __main__ - INFO - ============================================================
2026-04-22 23:21:24,978 - __main__ - INFO - Date: today
2026-04-22 23:21:24,978 - __main__ - INFO - Max routes: all
2026-04-22 23:21:24,978 - __main__ - INFO - Weather collection: disabled (use separate forecast collection)
2026-04-22 23:21:24,978 - __main__ - INFO - Mode: INCREMENTAL (merge)
2026-04-22 23:21:24,978 - __main__ - INFO - ============================================================

2026-04-22 23:21:24,978 - root - INFO - Collecting train data for 2026-04-22
2026-04-22 23:21:24,978 - root - INFO - Max routes: all
2026-04-22 23:53:20,634 - root - INFO - Fetched 2964 trains from API
2026-04-22 23:53:20,907 - root - INFO - Converted to DataFrame: 36952 rows × 23 columns
2026-04-22 23:53:20,915 - root - INFO - Filtered to relevant trains: 36952 → 36602 records (removed 350 future departures)
2026-04-22 23:53:20,948 - root - INFO - Incremental save mode: 36602 new records
2026-04-22 23:53:21,262 - utils.incremental_merge - INFO - Loaded 84334 existing records from trains_20260422.csv
2026-04-22 23:53:22,440 - utils.incremental_merge - INFO - Merge analysis: 2468 new, 34134 to update, 50200 unchanged
2026-04-22 23:53:22,735 - utils.incremental_merge - INFO - Adding 2468 completely new records
2026-04-22 23:56:08,021 - utils.incremental_merge - INFO - Updated 22418 records, preserved 11716 records
2026-04-22 23:56:19,819 - utils.incremental_merge - INFO - Merge complete: 86802 total records
2026-04-22 23:56:22,805 - root - INFO - Saved 86802 total records to data/collected/trains_20260422.csv
2026-04-22 23:56:22,807 - root - INFO - File size: 21174.95 KB
2026-04-22 23:56:23,602 - root - INFO - 
============================================================
2026-04-22 23:56:23,602 - root - INFO - COLLECTION SUMMARY
2026-04-22 23:56:23,603 - root - INFO - ============================================================
2026-04-22 23:56:23,603 - root - INFO - Total records: 36602
2026-04-22 23:56:23,604 - root - INFO - Unique trains: 2964
2026-04-22 23:56:23,604 - root - INFO - Unique routes: 350
2026-04-22 23:56:23,605 - root - INFO - Unique stations: 1282
2026-04-22 23:56:23,606 - root - INFO - 
Realtime data:
2026-04-22 23:56:23,606 - root - INFO -   - Modified states: 7565 (20.7%)
2026-04-22 23:56:23,606 - root - INFO -   - Records with delays: 6070 (16.6%)
2026-04-22 23:56:23,610 - root - INFO -   - Average delay: 4.3 minutes
2026-04-22 23:56:23,610 - root - INFO -   - Max delay: 53.0 minutes
2026-04-22 23:56:23,610 - root - INFO -   - Min delay: -30.0 minutes
2026-04-22 23:56:23,610 - root - INFO - ============================================================

2026-04-22 23:56:23,610 - __main__ - INFO - ============================================================
2026-04-22 23:56:23,610 - __main__ - INFO - COLLECTION COMPLETED SUCCESSFULLY
2026-04-22 23:56:23,610 - __main__ - INFO - ============================================================
