2026-05-05 03:10:04,868 - __main__ - INFO - ============================================================
2026-05-05 03:10:04,868 - __main__ - INFO - TRAIN DATA COLLECTION STARTED
2026-05-05 03:10:04,869 - __main__ - INFO - ============================================================
2026-05-05 03:10:04,869 - __main__ - INFO - Date: today
2026-05-05 03:10:04,869 - __main__ - INFO - Max routes: all
2026-05-05 03:10:04,869 - __main__ - INFO - Weather collection: disabled (use separate forecast collection)
2026-05-05 03:10:04,869 - __main__ - INFO - Mode: INCREMENTAL (merge)
2026-05-05 03:10:04,869 - __main__ - INFO - ============================================================

2026-05-05 03:10:04,869 - root - INFO - Collecting train data for 2026-05-05
2026-05-05 03:10:04,869 - root - INFO - Max routes: all
2026-05-05 03:49:10,307 - root - INFO - Fetched 4016 trains from API
2026-05-05 03:49:10,671 - root - INFO - Converted to DataFrame: 50682 rows × 23 columns
2026-05-05 03:49:10,677 - root - INFO - Filtered to relevant trains: 50682 → 5122 records (removed 45560 future departures)
2026-05-05 03:49:10,716 - root - INFO - Incremental save mode: 5122 new records
2026-05-05 03:49:10,723 - utils.incremental_merge - INFO - Loaded 821 existing records from trains_20260505.csv
2026-05-05 03:49:10,784 - utils.incremental_merge - INFO - Merge analysis: 5122 new, 0 to update, 821 unchanged
2026-05-05 03:49:10,817 - utils.incremental_merge - INFO - Adding 5122 completely new records
2026-05-05 03:49:10,817 - utils.incremental_merge - INFO - Updated 0 records, preserved 0 records
2026-05-05 03:49:10,820 - utils.incremental_merge - INFO - Merge complete: 5943 total records
2026-05-05 03:49:10,877 - root - INFO - Saved 5943 total records to data/collected/trains_20260505.csv
2026-05-05 03:49:10,877 - root - INFO - File size: 1409.11 KB
2026-05-05 03:49:10,907 - root - INFO - 
============================================================
2026-05-05 03:49:10,907 - root - INFO - COLLECTION SUMMARY
2026-05-05 03:49:10,907 - root - INFO - ============================================================
2026-05-05 03:49:10,907 - root - INFO - Total records: 5122
2026-05-05 03:49:10,907 - root - INFO - Unique trains: 481
2026-05-05 03:49:10,908 - root - INFO - Unique routes: 207
2026-05-05 03:49:10,908 - root - INFO - Unique stations: 966
2026-05-05 03:49:10,909 - root - INFO - 
Realtime data:
2026-05-05 03:49:10,909 - root - INFO -   - Modified states: 3299 (64.4%)
2026-05-05 03:49:10,909 - root - INFO -   - Records with delays: 1580 (30.8%)
2026-05-05 03:49:10,911 - root - INFO -   - Average delay: 2.1 minutes
2026-05-05 03:49:10,911 - root - INFO -   - Max delay: 16.0 minutes
2026-05-05 03:49:10,911 - root - INFO -   - Min delay: -5.0 minutes
2026-05-05 03:49:10,911 - root - INFO - ============================================================

2026-05-05 03:49:10,911 - __main__ - INFO - ============================================================
2026-05-05 03:49:10,911 - __main__ - INFO - COLLECTION COMPLETED SUCCESSFULLY
2026-05-05 03:49:10,911 - __main__ - INFO - ============================================================
