2026-03-27 04:35:34,808 - __main__ - INFO - ============================================================
2026-03-27 04:35:34,808 - __main__ - INFO - TRAIN DATA COLLECTION STARTED
2026-03-27 04:35:34,808 - __main__ - INFO - ============================================================
2026-03-27 04:35:34,808 - __main__ - INFO - Date: today
2026-03-27 04:35:34,808 - __main__ - INFO - Max routes: all
2026-03-27 04:35:34,808 - __main__ - INFO - Weather collection: disabled (use separate forecast collection)
2026-03-27 04:35:34,809 - __main__ - INFO - Mode: INCREMENTAL (merge)
2026-03-27 04:35:34,809 - __main__ - INFO - ============================================================

2026-03-27 04:35:34,809 - root - INFO - Collecting train data for 2026-03-27
2026-03-27 04:35:34,809 - root - INFO - Max routes: all
2026-03-27 05:31:15,423 - root - INFO - Fetched 5331 trains from API
2026-03-27 05:31:15,942 - root - INFO - Converted to DataFrame: 66417 rows × 23 columns
2026-03-27 05:31:15,950 - root - INFO - Filtered to relevant trains: 66417 → 12761 records (removed 53656 future departures)
2026-03-27 05:31:15,993 - root - INFO - Incremental save mode: 12761 new records
2026-03-27 05:31:16,017 - utils.incremental_merge - INFO - Loaded 5741 existing records from trains_20260327.csv
2026-03-27 05:31:16,194 - utils.incremental_merge - INFO - Merge analysis: 12761 new, 0 to update, 5741 unchanged
2026-03-27 05:31:16,294 - utils.incremental_merge - INFO - Adding 12761 completely new records
2026-03-27 05:31:16,294 - utils.incremental_merge - INFO - Updated 0 records, preserved 0 records
2026-03-27 05:31:16,298 - utils.incremental_merge - INFO - Merge complete: 18502 total records
2026-03-27 05:31:16,464 - root - INFO - Saved 18502 total records to data/collected/trains_20260327.csv
2026-03-27 05:31:16,464 - root - INFO - File size: 4337.19 KB
2026-03-27 05:31:16,542 - root - INFO - 
============================================================
2026-03-27 05:31:16,542 - root - INFO - COLLECTION SUMMARY
2026-03-27 05:31:16,542 - root - INFO - ============================================================
2026-03-27 05:31:16,542 - root - INFO - Total records: 12761
2026-03-27 05:31:16,543 - root - INFO - Unique trains: 1239
2026-03-27 05:31:16,543 - root - INFO - Unique routes: 357
2026-03-27 05:31:16,544 - root - INFO - Unique stations: 1153
2026-03-27 05:31:16,544 - root - INFO - 
Realtime data:
2026-03-27 05:31:16,544 - root - INFO -   - Modified states: 5407 (42.4%)
2026-03-27 05:31:16,544 - root - INFO -   - Records with delays: 2915 (22.8%)
2026-03-27 05:31:16,546 - root - INFO -   - Average delay: 2.9 minutes
2026-03-27 05:31:16,547 - root - INFO -   - Max delay: 48.0 minutes
2026-03-27 05:31:16,547 - root - INFO -   - Min delay: -3.0 minutes
2026-03-27 05:31:16,547 - root - INFO - ============================================================

2026-03-27 05:31:16,547 - __main__ - INFO - ============================================================
2026-03-27 05:31:16,547 - __main__ - INFO - COLLECTION COMPLETED SUCCESSFULLY
2026-03-27 05:31:16,547 - __main__ - INFO - ============================================================
