2026-05-15 11:41:49,866 - __main__ - INFO - ============================================================
2026-05-15 11:41:49,866 - __main__ - INFO - TRAIN DATA COLLECTION STARTED
2026-05-15 11:41:49,866 - __main__ - INFO - ============================================================
2026-05-15 11:41:49,866 - __main__ - INFO - Date: today
2026-05-15 11:41:49,866 - __main__ - INFO - Max routes: all
2026-05-15 11:41:49,866 - __main__ - INFO - Weather collection: disabled (use separate forecast collection)
2026-05-15 11:41:49,866 - __main__ - INFO - Mode: INCREMENTAL (merge)
2026-05-15 11:41:49,867 - __main__ - INFO - ============================================================

2026-05-15 11:41:49,867 - root - INFO - Collecting train data for 2026-05-15
2026-05-15 11:41:49,867 - root - INFO - Max routes: all
2026-05-15 12:25:48,247 - root - INFO - Fetched 4463 trains from API
2026-05-15 12:25:48,653 - root - INFO - Converted to DataFrame: 56574 rows × 23 columns
2026-05-15 12:25:48,661 - root - INFO - Filtered to relevant trains: 56574 → 30705 records (removed 25869 future departures)
2026-05-15 12:25:48,704 - root - INFO - Incremental save mode: 30705 new records
2026-05-15 12:25:48,798 - utils.incremental_merge - INFO - Loaded 24317 existing records from trains_20260515.csv
2026-05-15 12:25:49,337 - utils.incremental_merge - INFO - Merge analysis: 13488 new, 17217 to update, 7100 unchanged
2026-05-15 12:25:49,457 - utils.incremental_merge - INFO - Adding 13488 completely new records
2026-05-15 12:27:17,257 - utils.incremental_merge - INFO - Updated 11445 records, preserved 5772 records
2026-05-15 12:27:22,550 - utils.incremental_merge - INFO - Merge complete: 37805 total records
2026-05-15 12:27:23,851 - root - INFO - Saved 37805 total records to data/collected/trains_20260515.csv
2026-05-15 12:27:23,853 - root - INFO - File size: 9238.53 KB
2026-05-15 12:27:24,223 - root - INFO - 
============================================================
2026-05-15 12:27:24,223 - root - INFO - COLLECTION SUMMARY
2026-05-15 12:27:24,223 - root - INFO - ============================================================
2026-05-15 12:27:24,223 - root - INFO - Total records: 30705
2026-05-15 12:27:24,224 - root - INFO - Unique trains: 2594
2026-05-15 12:27:24,225 - root - INFO - Unique routes: 405
2026-05-15 12:27:24,226 - root - INFO - Unique stations: 1296
2026-05-15 12:27:24,227 - root - INFO - 
Realtime data:
2026-05-15 12:27:24,227 - root - INFO -   - Modified states: 7022 (22.9%)
2026-05-15 12:27:24,227 - root - INFO -   - Records with delays: 5483 (17.9%)
2026-05-15 12:27:24,230 - root - INFO -   - Average delay: 4.4 minutes
2026-05-15 12:27:24,230 - root - INFO -   - Max delay: 74.0 minutes
2026-05-15 12:27:24,230 - root - INFO -   - Min delay: -28.0 minutes
2026-05-15 12:27:24,230 - root - INFO - ============================================================

2026-05-15 12:27:24,230 - __main__ - INFO - ============================================================
2026-05-15 12:27:24,230 - __main__ - INFO - COLLECTION COMPLETED SUCCESSFULLY
2026-05-15 12:27:24,230 - __main__ - INFO - ============================================================
