2026-04-03 20:36:46,562 - __main__ - INFO - ============================================================
2026-04-03 20:36:46,562 - __main__ - INFO - TRAIN DATA COLLECTION STARTED
2026-04-03 20:36:46,562 - __main__ - INFO - ============================================================
2026-04-03 20:36:46,563 - __main__ - INFO - Date: today
2026-04-03 20:36:46,563 - __main__ - INFO - Max routes: all
2026-04-03 20:36:46,563 - __main__ - INFO - Weather collection: disabled (use separate forecast collection)
2026-04-03 20:36:46,563 - __main__ - INFO - Mode: INCREMENTAL (merge)
2026-04-03 20:36:46,563 - __main__ - INFO - ============================================================

2026-04-03 20:36:46,563 - root - INFO - Collecting train data for 2026-04-03
2026-04-03 20:36:46,563 - root - INFO - Max routes: all
2026-04-03 21:28:54,367 - root - INFO - Fetched 5167 trains from API
2026-04-03 21:28:54,833 - root - INFO - Converted to DataFrame: 63777 rows × 23 columns
2026-04-03 21:28:54,845 - root - INFO - Filtered to relevant trains: 63777 → 62064 records (removed 1713 future departures)
2026-04-03 21:28:54,892 - root - INFO - Incremental save mode: 62064 new records
2026-04-03 21:28:55,135 - utils.incremental_merge - INFO - Loaded 64431 existing records from trains_20260403.csv
2026-04-03 21:28:56,352 - utils.incremental_merge - INFO - Merge analysis: 8963 new, 53101 to update, 11330 unchanged
2026-04-03 21:28:56,475 - utils.incremental_merge - INFO - Adding 8963 completely new records
2026-04-03 21:33:35,692 - utils.incremental_merge - INFO - Updated 31480 records, preserved 21621 records
2026-04-03 21:33:56,923 - utils.incremental_merge - INFO - Merge complete: 73394 total records
2026-04-03 21:34:00,688 - root - INFO - Saved 73394 total records to data/collected/trains_20260403.csv
2026-04-03 21:34:00,688 - root - INFO - File size: 17813.57 KB
2026-04-03 21:34:01,694 - root - INFO - 
============================================================
2026-04-03 21:34:01,695 - root - INFO - COLLECTION SUMMARY
2026-04-03 21:34:01,695 - root - INFO - ============================================================
2026-04-03 21:34:01,695 - root - INFO - Total records: 62064
2026-04-03 21:34:01,696 - root - INFO - Unique trains: 5148
2026-04-03 21:34:01,697 - root - INFO - Unique routes: 550
2026-04-03 21:34:01,699 - root - INFO - Unique stations: 1389
2026-04-03 21:34:01,699 - root - INFO - 
Realtime data:
2026-04-03 21:34:01,699 - root - INFO -   - Modified states: 2751 (4.4%)
2026-04-03 21:34:01,700 - root - INFO -   - Records with delays: 1867 (3.0%)
2026-04-03 21:34:01,702 - root - INFO -   - Average delay: 5.9 minutes
2026-04-03 21:34:01,702 - root - INFO -   - Max delay: 107.0 minutes
2026-04-03 21:34:01,702 - root - INFO -   - Min delay: -4.0 minutes
2026-04-03 21:34:01,702 - root - INFO - ============================================================

2026-04-03 21:34:01,702 - __main__ - INFO - ============================================================
2026-04-03 21:34:01,702 - __main__ - INFO - COLLECTION COMPLETED SUCCESSFULLY
2026-04-03 21:34:01,702 - __main__ - INFO - ============================================================
