2026-04-19 06:29:03,278 - __main__ - INFO - ============================================================
2026-04-19 06:29:03,278 - __main__ - INFO - TRAIN DATA COLLECTION STARTED
2026-04-19 06:29:03,278 - __main__ - INFO - ============================================================
2026-04-19 06:29:03,278 - __main__ - INFO - Date: today
2026-04-19 06:29:03,278 - __main__ - INFO - Max routes: all
2026-04-19 06:29:03,278 - __main__ - INFO - Weather collection: disabled (use separate forecast collection)
2026-04-19 06:29:03,278 - __main__ - INFO - Mode: INCREMENTAL (merge)
2026-04-19 06:29:03,278 - __main__ - INFO - ============================================================

2026-04-19 06:29:03,278 - root - INFO - Collecting train data for 2026-04-19
2026-04-19 06:29:03,278 - root - INFO - Max routes: all
2026-04-19 07:03:00,559 - root - INFO - Fetched 3940 trains from API
2026-04-19 07:03:00,909 - root - INFO - Converted to DataFrame: 47368 rows × 23 columns
2026-04-19 07:03:00,915 - root - INFO - Filtered to relevant trains: 47368 → 13788 records (removed 33580 future departures)
2026-04-19 07:03:00,951 - root - INFO - Incremental save mode: 13788 new records
2026-04-19 07:03:00,995 - utils.incremental_merge - INFO - Loaded 10897 existing records from trains_20260419.csv
2026-04-19 07:03:01,239 - utils.incremental_merge - INFO - Merge analysis: 7659 new, 6129 to update, 4768 unchanged
2026-04-19 07:03:01,312 - utils.incremental_merge - INFO - Adding 7659 completely new records
2026-04-19 07:03:31,023 - utils.incremental_merge - INFO - Updated 5892 records, preserved 237 records
2026-04-19 07:03:33,029 - utils.incremental_merge - INFO - Merge complete: 18556 total records
2026-04-19 07:03:33,486 - root - INFO - Saved 18556 total records to data/collected/trains_20260419.csv
2026-04-19 07:03:33,487 - root - INFO - File size: 4414.66 KB
2026-04-19 07:03:33,627 - root - INFO - 
============================================================
2026-04-19 07:03:33,627 - root - INFO - COLLECTION SUMMARY
2026-04-19 07:03:33,627 - root - INFO - ============================================================
2026-04-19 07:03:33,627 - root - INFO - Total records: 13788
2026-04-19 07:03:33,628 - root - INFO - Unique trains: 1274
2026-04-19 07:03:33,628 - root - INFO - Unique routes: 355
2026-04-19 07:03:33,629 - root - INFO - Unique stations: 1193
2026-04-19 07:03:33,629 - root - INFO - 
Realtime data:
2026-04-19 07:03:33,629 - root - INFO -   - Modified states: 6768 (49.1%)
2026-04-19 07:03:33,629 - root - INFO -   - Records with delays: 3877 (28.1%)
2026-04-19 07:03:33,632 - root - INFO -   - Average delay: 2.1 minutes
2026-04-19 07:03:33,632 - root - INFO -   - Max delay: 31.0 minutes
2026-04-19 07:03:33,632 - root - INFO -   - Min delay: -28.0 minutes
2026-04-19 07:03:33,632 - root - INFO - ============================================================

2026-04-19 07:03:33,632 - __main__ - INFO - ============================================================
2026-04-19 07:03:33,632 - __main__ - INFO - COLLECTION COMPLETED SUCCESSFULLY
2026-04-19 07:03:33,632 - __main__ - INFO - ============================================================
