2026-06-08 20:56:54,567 - __main__ - INFO - ============================================================
2026-06-08 20:56:54,567 - __main__ - INFO - TRAIN DATA COLLECTION STARTED
2026-06-08 20:56:54,567 - __main__ - INFO - ============================================================
2026-06-08 20:56:54,567 - __main__ - INFO - Date: today
2026-06-08 20:56:54,567 - __main__ - INFO - Max routes: all
2026-06-08 20:56:54,567 - __main__ - INFO - Weather collection: disabled (use separate forecast collection)
2026-06-08 20:56:54,567 - __main__ - INFO - Mode: INCREMENTAL (merge)
2026-06-08 20:56:54,567 - __main__ - INFO - ============================================================

2026-06-08 20:56:54,567 - root - INFO - Collecting train data for 2026-06-08
2026-06-08 20:56:54,567 - root - INFO - Max routes: all
2026-06-08 21:25:28,372 - root - INFO - Fetched 3379 trains from API
2026-06-08 21:25:28,695 - root - INFO - Converted to DataFrame: 43228 rows × 23 columns
2026-06-08 21:25:28,704 - root - INFO - Filtered to relevant trains: 43228 → 42430 records (removed 798 future departures)
2026-06-08 21:25:28,745 - root - INFO - Incremental save mode: 42430 new records
2026-06-08 21:25:28,975 - utils.incremental_merge - INFO - Loaded 58557 existing records from trains_20260608.csv
2026-06-08 21:25:29,932 - utils.incremental_merge - INFO - Merge analysis: 7363 new, 35067 to update, 23490 unchanged
2026-06-08 21:25:30,111 - utils.incremental_merge - INFO - Adding 7363 completely new records
2026-06-08 21:28:13,851 - utils.incremental_merge - INFO - Updated 20889 records, preserved 14178 records
2026-06-08 21:28:30,303 - utils.incremental_merge - INFO - Merge complete: 65920 total records
2026-06-08 21:28:33,557 - root - INFO - Saved 65920 total records to data/collected/trains_20260608.csv
2026-06-08 21:28:33,558 - root - INFO - File size: 16176.64 KB
2026-06-08 21:28:34,404 - root - INFO - 
============================================================
2026-06-08 21:28:34,404 - root - INFO - COLLECTION SUMMARY
2026-06-08 21:28:34,404 - root - INFO - ============================================================
2026-06-08 21:28:34,404 - root - INFO - Total records: 42430
2026-06-08 21:28:34,405 - root - INFO - Unique trains: 3369
2026-06-08 21:28:34,406 - root - INFO - Unique routes: 483
2026-06-08 21:28:34,407 - root - INFO - Unique stations: 1354
2026-06-08 21:28:34,408 - root - INFO - 
Realtime data:
2026-06-08 21:28:34,408 - root - INFO -   - Modified states: 5947 (14.0%)
2026-06-08 21:28:34,408 - root - INFO -   - Records with delays: 4686 (11.0%)
2026-06-08 21:28:34,412 - root - INFO -   - Average delay: 5.0 minutes
2026-06-08 21:28:34,412 - root - INFO -   - Max delay: 79.0 minutes
2026-06-08 21:28:34,412 - root - INFO -   - Min delay: -5.0 minutes
2026-06-08 21:28:34,412 - root - INFO - ============================================================

2026-06-08 21:28:34,412 - __main__ - INFO - ============================================================
2026-06-08 21:28:34,412 - __main__ - INFO - COLLECTION COMPLETED SUCCESSFULLY
2026-06-08 21:28:34,412 - __main__ - INFO - ============================================================
