2026-04-14 23:42:42,888 - __main__ - INFO - ============================================================
2026-04-14 23:42:42,888 - __main__ - INFO - TRAIN DATA COLLECTION STARTED
2026-04-14 23:42:42,888 - __main__ - INFO - ============================================================
2026-04-14 23:42:42,889 - __main__ - INFO - Date: today
2026-04-14 23:42:42,889 - __main__ - INFO - Max routes: all
2026-04-14 23:42:42,889 - __main__ - INFO - Weather collection: disabled (use separate forecast collection)
2026-04-14 23:42:42,889 - __main__ - INFO - Mode: INCREMENTAL (merge)
2026-04-14 23:42:42,889 - __main__ - INFO - ============================================================

2026-04-14 23:42:42,889 - root - INFO - Collecting train data for 2026-04-14
2026-04-14 23:42:42,889 - root - INFO - Max routes: all
2026-04-15 00:23:49,678 - root - INFO - Fetched 4242 trains from API
2026-04-15 00:23:50,185 - root - INFO - Converted to DataFrame: 51618 rows × 23 columns
2026-04-15 00:23:50,193 - root - INFO - Filtered to relevant trains: 51618 → 1035 records (removed 50583 future departures)
2026-04-15 00:23:50,257 - root - INFO - Incremental save mode: 1035 new records
2026-04-15 00:23:50,257 - utils.incremental_merge - INFO - No existing file at data/collected/trains_20260415.csv, returning new data
2026-04-15 00:23:50,272 - root - INFO - Saved 1035 total records to data/collected/trains_20260415.csv
2026-04-15 00:23:50,272 - root - INFO - File size: 231.59 KB
2026-04-15 00:23:50,288 - root - INFO - 
============================================================
2026-04-15 00:23:50,288 - root - INFO - COLLECTION SUMMARY
2026-04-15 00:23:50,288 - root - INFO - ============================================================
2026-04-15 00:23:50,288 - root - INFO - Total records: 1035
2026-04-15 00:23:50,288 - root - INFO - Unique trains: 72
2026-04-15 00:23:50,289 - root - INFO - Unique routes: 32
2026-04-15 00:23:50,289 - root - INFO - Unique stations: 366
2026-04-15 00:23:50,290 - root - INFO - 
Realtime data:
2026-04-15 00:23:50,290 - root - INFO -   - Modified states: 524 (50.6%)
2026-04-15 00:23:50,290 - root - INFO -   - Records with delays: 375 (36.2%)
2026-04-15 00:23:50,291 - root - INFO -   - Average delay: 5.7 minutes
2026-04-15 00:23:50,292 - root - INFO -   - Max delay: 26.0 minutes
2026-04-15 00:23:50,292 - root - INFO -   - Min delay: -4.0 minutes
2026-04-15 00:23:50,292 - root - INFO - ============================================================

2026-04-15 00:23:50,292 - __main__ - INFO - ============================================================
2026-04-15 00:23:50,292 - __main__ - INFO - COLLECTION COMPLETED SUCCESSFULLY
2026-04-15 00:23:50,292 - __main__ - INFO - ============================================================
