2026-08-26 03:03:16,365 - __main__ - INFO - ============================================================
2026-08-26 03:03:16,365 - __main__ - INFO - TRAIN DATA COLLECTION STARTED
2026-08-26 03:03:16,365 - __main__ - INFO - ============================================================
2026-08-26 03:03:16,365 - __main__ - INFO - Date: today
2026-08-26 03:03:16,365 - __main__ - INFO - Max routes: all
2026-08-26 03:03:16,365 - __main__ - INFO - Batch size: 10
2026-08-26 03:03:16,365 - __main__ - INFO - Max concurrent requests: 5
2026-08-26 03:03:16,365 - __main__ - INFO - Weather collection: disabled (use separate forecast collection)
2026-08-26 03:03:16,365 - __main__ - INFO - Mode: INCREMENTAL (merge)
2026-08-26 03:03:16,365 - __main__ - INFO - ============================================================

2026-08-26 03:03:16,365 - root - INFO - Collecting train data for 2026-08-26
2026-08-26 03:03:16,366 - root - INFO - Max routes: all
2026-08-26 03:03:16,366 - root - INFO - Batch size: 10
2026-08-26 03:03:16,366 - root - INFO - Max concurrent requests: 5
2026-08-26 03:03:16,366 - root - INFO - Request timeout (s): 10
2026-08-26 03:03:16,366 - root - INFO - Trying API endpoint: https://mavplusz.hu/otp2-backend/otp/gtfs/v1
2026-08-26 03:03:23,998 - root - INFO - Successfully connected to: https://mavplusz.hu/otp2-backend/otp/gtfs/v1
2026-08-26 03:14:57,738 - root - INFO - Fetched 158463 trains from API
2026-08-26 03:15:11,745 - root - INFO - Converted to DataFrame: 1869425 rows × 23 columns
2026-08-26 03:15:11,836 - root - INFO - Filtered to relevant trains: 1869425 → 88488 records (removed 1780937 future departures)
2026-08-26 03:15:12,543 - root - INFO - Incremental save mode: 88488 new records
2026-08-26 03:15:12,543 - utils.incremental_merge - INFO - No existing file at data/collected/trains_20260826.csv, returning new data
2026-08-26 03:15:13,489 - root - INFO - Saved 88488 total records to data/collected/trains_20260826.csv
2026-08-26 03:15:13,489 - root - INFO - File size: 28704.51 KB
2026-08-26 03:15:13,908 - root - INFO - 
============================================================
2026-08-26 03:15:13,909 - root - INFO - COLLECTION SUMMARY
2026-08-26 03:15:13,909 - root - INFO - ============================================================
2026-08-26 03:15:13,909 - root - INFO - Total records: 88488
2026-08-26 03:15:13,911 - root - INFO - Unique trains: 12513
2026-08-26 03:15:13,914 - root - INFO - Unique routes: 3985
2026-08-26 03:15:13,916 - root - INFO - Unique stations: 11483
2026-08-26 03:15:13,917 - root - INFO - 
Realtime data:
2026-08-26 03:15:13,917 - root - INFO -   - Modified states: 4348 (4.9%)
2026-08-26 03:15:13,917 - root - INFO -   - Records with delays: 2115 (2.4%)
2026-08-26 03:15:13,920 - root - INFO -   - Average delay: 3.0 minutes
2026-08-26 03:15:13,920 - root - INFO -   - Max delay: 69.0 minutes
2026-08-26 03:15:13,920 - root - INFO -   - Min delay: -4.0 minutes
2026-08-26 03:15:13,920 - root - INFO - ============================================================

2026-08-26 03:15:13,920 - __main__ - INFO - ============================================================
2026-08-26 03:15:13,920 - __main__ - INFO - COLLECTION COMPLETED SUCCESSFULLY
2026-08-26 03:15:13,920 - __main__ - INFO - ============================================================
