2026-05-15 20:30:48,879 - __main__ - INFO - ============================================================
2026-05-15 20:30:48,879 - __main__ - INFO - TRAIN DATA COLLECTION STARTED
2026-05-15 20:30:48,880 - __main__ - INFO - ============================================================
2026-05-15 20:30:48,880 - __main__ - INFO - Date: today
2026-05-15 20:30:48,880 - __main__ - INFO - Max routes: all
2026-05-15 20:30:48,880 - __main__ - INFO - Weather collection: disabled (use separate forecast collection)
2026-05-15 20:30:48,880 - __main__ - INFO - Mode: INCREMENTAL (merge)
2026-05-15 20:30:48,880 - __main__ - INFO - ============================================================

2026-05-15 20:30:48,880 - root - INFO - Collecting train data for 2026-05-15
2026-05-15 20:30:48,880 - root - INFO - Max routes: all
2026-05-15 21:02:51,187 - root - INFO - Fetched 3691 trains from API
2026-05-15 21:02:51,531 - root - INFO - Converted to DataFrame: 46907 rows × 23 columns
2026-05-15 21:02:51,541 - root - INFO - Filtered to relevant trains: 46907 → 45411 records (removed 1496 future departures)
2026-05-15 21:02:51,580 - root - INFO - Incremental save mode: 45411 new records
2026-05-15 21:02:51,784 - utils.incremental_merge - INFO - Loaded 52898 existing records from trains_20260515.csv
2026-05-15 21:02:52,707 - utils.incremental_merge - INFO - Merge analysis: 13583 new, 31828 to update, 21070 unchanged
2026-05-15 21:02:52,903 - utils.incremental_merge - INFO - Adding 13583 completely new records
2026-05-15 21:05:22,656 - utils.incremental_merge - INFO - Updated 29200 records, preserved 2628 records
2026-05-15 21:05:35,638 - utils.incremental_merge - INFO - Merge complete: 66481 total records
2026-05-15 21:05:38,259 - root - INFO - Saved 66481 total records to data/collected/trains_20260515.csv
2026-05-15 21:05:38,260 - root - INFO - File size: 16341.23 KB
2026-05-15 21:05:38,959 - root - INFO - 
============================================================
2026-05-15 21:05:38,959 - root - INFO - COLLECTION SUMMARY
2026-05-15 21:05:38,959 - root - INFO - ============================================================
2026-05-15 21:05:38,959 - root - INFO - Total records: 45411
2026-05-15 21:05:38,960 - root - INFO - Unique trains: 3664
2026-05-15 21:05:38,961 - root - INFO - Unique routes: 513
2026-05-15 21:05:38,962 - root - INFO - Unique stations: 1389
2026-05-15 21:05:38,963 - root - INFO - 
Realtime data:
2026-05-15 21:05:38,963 - root - INFO -   - Modified states: 18959 (41.7%)
2026-05-15 21:05:38,963 - root - INFO -   - Records with delays: 14232 (31.3%)
2026-05-15 21:05:38,968 - root - INFO -   - Average delay: 4.3 minutes
2026-05-15 21:05:38,968 - root - INFO -   - Max delay: 84.0 minutes
2026-05-15 21:05:38,968 - root - INFO -   - Min delay: -28.0 minutes
2026-05-15 21:05:38,968 - root - INFO - ============================================================

2026-05-15 21:05:38,968 - __main__ - INFO - ============================================================
2026-05-15 21:05:38,968 - __main__ - INFO - COLLECTION COMPLETED SUCCESSFULLY
2026-05-15 21:05:38,968 - __main__ - INFO - ============================================================
