2026-08-14 04:07:12,053 - __main__ - INFO - ============================================================
2026-08-14 04:07:12,053 - __main__ - INFO - TRAIN DATA COLLECTION STARTED
2026-08-14 04:07:12,053 - __main__ - INFO - ============================================================
2026-08-14 04:07:12,053 - __main__ - INFO - Date: today
2026-08-14 04:07:12,053 - __main__ - INFO - Max routes: all
2026-08-14 04:07:12,053 - __main__ - INFO - Batch size: 10
2026-08-14 04:07:12,053 - __main__ - INFO - Max concurrent requests: 5
2026-08-14 04:07:12,053 - __main__ - INFO - Weather collection: disabled (use separate forecast collection)
2026-08-14 04:07:12,053 - __main__ - INFO - Mode: INCREMENTAL (merge)
2026-08-14 04:07:12,053 - __main__ - INFO - ============================================================

2026-08-14 04:07:12,053 - root - INFO - Collecting train data for 2026-08-14
2026-08-14 04:07:12,053 - root - INFO - Max routes: all
2026-08-14 04:07:12,053 - root - INFO - Batch size: 10
2026-08-14 04:07:12,053 - root - INFO - Max concurrent requests: 5
2026-08-14 04:07:12,053 - root - INFO - Request timeout (s): 10
2026-08-14 04:07:12,053 - root - INFO - Trying API endpoint: https://mavplusz.hu/otp2-backend/otp/gtfs/v1
2026-08-14 04:07:18,027 - root - INFO - Successfully connected to: https://mavplusz.hu/otp2-backend/otp/gtfs/v1
2026-08-14 04:18:28,292 - root - INFO - Fetched 171896 trains from API
2026-08-14 04:18:44,793 - root - INFO - Converted to DataFrame: 2016271 rows × 23 columns
2026-08-14 04:18:44,946 - root - INFO - Filtered to relevant trains: 2016271 → 182996 records (removed 1833275 future departures)
2026-08-14 04:18:46,070 - root - INFO - Incremental save mode: 182996 new records
2026-08-14 04:18:46,070 - utils.incremental_merge - INFO - No existing file at data/collected/trains_20260814.csv, returning new data
2026-08-14 04:18:48,116 - root - INFO - Saved 182996 total records to data/collected/trains_20260814.csv
2026-08-14 04:18:48,116 - root - INFO - File size: 59239.99 KB
2026-08-14 04:18:48,908 - root - INFO - 
============================================================
2026-08-14 04:18:48,909 - root - INFO - COLLECTION SUMMARY
2026-08-14 04:18:48,909 - root - INFO - ============================================================
2026-08-14 04:18:48,909 - root - INFO - Total records: 182996
2026-08-14 04:18:48,912 - root - INFO - Unique trains: 24253
2026-08-14 04:18:48,917 - root - INFO - Unique routes: 6306
2026-08-14 04:18:48,921 - root - INFO - Unique stations: 13854
2026-08-14 04:18:48,923 - root - INFO - 
Realtime data:
2026-08-14 04:18:48,923 - root - INFO -   - Modified states: 6974 (3.8%)
2026-08-14 04:18:48,923 - root - INFO -   - Records with delays: 3842 (2.1%)
2026-08-14 04:18:48,926 - root - INFO -   - Average delay: 2.3 minutes
2026-08-14 04:18:48,926 - root - INFO -   - Max delay: 51.0 minutes
2026-08-14 04:18:48,926 - root - INFO -   - Min delay: -18.0 minutes
2026-08-14 04:18:48,926 - root - INFO - ============================================================

2026-08-14 04:18:48,926 - __main__ - INFO - ============================================================
2026-08-14 04:18:48,926 - __main__ - INFO - COLLECTION COMPLETED SUCCESSFULLY
2026-08-14 04:18:48,926 - __main__ - INFO - ============================================================
