2026-04-20 04:58:23,503 - __main__ - INFO - ============================================================
2026-04-20 04:58:23,503 - __main__ - INFO - TRAIN DATA COLLECTION STARTED
2026-04-20 04:58:23,503 - __main__ - INFO - ============================================================
2026-04-20 04:58:23,503 - __main__ - INFO - Date: today
2026-04-20 04:58:23,503 - __main__ - INFO - Max routes: all
2026-04-20 04:58:23,503 - __main__ - INFO - Weather collection: disabled (use separate forecast collection)
2026-04-20 04:58:23,503 - __main__ - INFO - Mode: INCREMENTAL (merge)
2026-04-20 04:58:23,503 - __main__ - INFO - ============================================================

2026-04-20 04:58:23,503 - root - INFO - Collecting train data for 2026-04-20
2026-04-20 04:58:23,504 - root - INFO - Max routes: all
2026-04-20 05:31:48,747 - root - INFO - Fetched 3185 trains from API
2026-04-20 05:31:49,031 - root - INFO - Converted to DataFrame: 37482 rows × 23 columns
2026-04-20 05:31:49,037 - root - INFO - Filtered to relevant trains: 37482 → 7757 records (removed 29725 future departures)
2026-04-20 05:31:49,070 - root - INFO - Incremental save mode: 7757 new records
2026-04-20 05:31:49,076 - utils.incremental_merge - INFO - Loaded 759 existing records from trains_20260420.csv
2026-04-20 05:31:49,161 - utils.incremental_merge - INFO - Merge analysis: 7757 new, 0 to update, 759 unchanged
2026-04-20 05:31:49,207 - utils.incremental_merge - INFO - Adding 7757 completely new records
2026-04-20 05:31:49,207 - utils.incremental_merge - INFO - Updated 0 records, preserved 0 records
2026-04-20 05:31:49,210 - utils.incremental_merge - INFO - Merge complete: 8516 total records
2026-04-20 05:31:49,299 - root - INFO - Saved 8516 total records to data/collected/trains_20260420.csv
2026-04-20 05:31:49,299 - root - INFO - File size: 2026.03 KB
2026-04-20 05:31:49,342 - root - INFO - 
============================================================
2026-04-20 05:31:49,343 - root - INFO - COLLECTION SUMMARY
2026-04-20 05:31:49,343 - root - INFO - ============================================================
2026-04-20 05:31:49,343 - root - INFO - Total records: 7757
2026-04-20 05:31:49,343 - root - INFO - Unique trains: 736
2026-04-20 05:31:49,343 - root - INFO - Unique routes: 254
2026-04-20 05:31:49,344 - root - INFO - Unique stations: 982
2026-04-20 05:31:49,344 - root - INFO - 
Realtime data:
2026-04-20 05:31:49,344 - root - INFO -   - Modified states: 4385 (56.5%)
2026-04-20 05:31:49,344 - root - INFO -   - Records with delays: 2719 (35.1%)
2026-04-20 05:31:49,346 - root - INFO -   - Average delay: 1.8 minutes
2026-04-20 05:31:49,346 - root - INFO -   - Max delay: 13.0 minutes
2026-04-20 05:31:49,346 - root - INFO -   - Min delay: -5.0 minutes
2026-04-20 05:31:49,346 - root - INFO - ============================================================

2026-04-20 05:31:49,346 - __main__ - INFO - ============================================================
2026-04-20 05:31:49,346 - __main__ - INFO - COLLECTION COMPLETED SUCCESSFULLY
2026-04-20 05:31:49,346 - __main__ - INFO - ============================================================
