2026-05-21 03:13:56,396 - __main__ - INFO - ============================================================
2026-05-21 03:13:56,396 - __main__ - INFO - TRAIN DATA COLLECTION STARTED
2026-05-21 03:13:56,396 - __main__ - INFO - ============================================================
2026-05-21 03:13:56,396 - __main__ - INFO - Date: today
2026-05-21 03:13:56,396 - __main__ - INFO - Max routes: all
2026-05-21 03:13:56,396 - __main__ - INFO - Weather collection: disabled (use separate forecast collection)
2026-05-21 03:13:56,396 - __main__ - INFO - Mode: INCREMENTAL (merge)
2026-05-21 03:13:56,396 - __main__ - INFO - ============================================================

2026-05-21 03:13:56,397 - root - INFO - Collecting train data for 2026-05-21
2026-05-21 03:13:56,397 - root - INFO - Max routes: all
2026-05-21 04:02:09,313 - root - INFO - Fetched 4529 trains from API
2026-05-21 04:02:09,645 - root - INFO - Converted to DataFrame: 56471 rows × 23 columns
2026-05-21 04:02:09,651 - root - INFO - Filtered to relevant trains: 56471 → 6904 records (removed 49567 future departures)
2026-05-21 04:02:09,691 - root - INFO - Incremental save mode: 6904 new records
2026-05-21 04:02:09,697 - utils.incremental_merge - INFO - Loaded 1137 existing records from trains_20260521.csv
2026-05-21 04:02:09,757 - utils.incremental_merge - INFO - Merge analysis: 6904 new, 0 to update, 1137 unchanged
2026-05-21 04:02:09,792 - utils.incremental_merge - INFO - Adding 6904 completely new records
2026-05-21 04:02:09,792 - utils.incremental_merge - INFO - Updated 0 records, preserved 0 records
2026-05-21 04:02:09,794 - utils.incremental_merge - INFO - Merge complete: 8041 total records
2026-05-21 04:02:09,864 - root - INFO - Saved 8041 total records to data/collected/trains_20260521.csv
2026-05-21 04:02:09,864 - root - INFO - File size: 1888.87 KB
2026-05-21 04:02:09,897 - root - INFO - 
============================================================
2026-05-21 04:02:09,898 - root - INFO - COLLECTION SUMMARY
2026-05-21 04:02:09,898 - root - INFO - ============================================================
2026-05-21 04:02:09,898 - root - INFO - Total records: 6904
2026-05-21 04:02:09,898 - root - INFO - Unique trains: 638
2026-05-21 04:02:09,898 - root - INFO - Unique routes: 241
2026-05-21 04:02:09,899 - root - INFO - Unique stations: 1034
2026-05-21 04:02:09,899 - root - INFO - 
Realtime data:
2026-05-21 04:02:09,899 - root - INFO -   - Modified states: 4446 (64.4%)
2026-05-21 04:02:09,899 - root - INFO -   - Records with delays: 2127 (30.8%)
2026-05-21 04:02:09,901 - root - INFO -   - Average delay: 2.4 minutes
2026-05-21 04:02:09,901 - root - INFO -   - Max delay: 64.0 minutes
2026-05-21 04:02:09,901 - root - INFO -   - Min delay: -4.0 minutes
2026-05-21 04:02:09,901 - root - INFO - ============================================================

2026-05-21 04:02:09,901 - __main__ - INFO - ============================================================
2026-05-21 04:02:09,901 - __main__ - INFO - COLLECTION COMPLETED SUCCESSFULLY
2026-05-21 04:02:09,901 - __main__ - INFO - ============================================================
