2026-05-03 17:20:51,600 - __main__ - INFO - ============================================================
2026-05-03 17:20:51,600 - __main__ - INFO - TRAIN DATA COLLECTION STARTED
2026-05-03 17:20:51,600 - __main__ - INFO - ============================================================
2026-05-03 17:20:51,600 - __main__ - INFO - Date: today
2026-05-03 17:20:51,600 - __main__ - INFO - Max routes: all
2026-05-03 17:20:51,600 - __main__ - INFO - Weather collection: disabled (use separate forecast collection)
2026-05-03 17:20:51,600 - __main__ - INFO - Mode: INCREMENTAL (merge)
2026-05-03 17:20:51,600 - __main__ - INFO - ============================================================

2026-05-03 17:20:51,600 - root - INFO - Collecting train data for 2026-05-03
2026-05-03 17:20:51,601 - root - INFO - Max routes: all
2026-05-03 18:05:11,695 - root - INFO - Fetched 4461 trains from API
2026-05-03 18:05:12,109 - root - INFO - Converted to DataFrame: 56850 rows × 23 columns
2026-05-03 18:05:12,120 - root - INFO - Filtered to relevant trains: 56850 → 48709 records (removed 8141 future departures)
2026-05-03 18:05:12,163 - root - INFO - Incremental save mode: 48709 new records
2026-05-03 18:05:12,346 - utils.incremental_merge - INFO - Loaded 45648 existing records from trains_20260503.csv
2026-05-03 18:05:13,256 - utils.incremental_merge - INFO - Merge analysis: 14724 new, 33985 to update, 11663 unchanged
2026-05-03 18:05:13,411 - utils.incremental_merge - INFO - Adding 14724 completely new records
2026-05-03 18:08:26,337 - utils.incremental_merge - INFO - Updated 31570 records, preserved 2415 records
2026-05-03 18:08:36,568 - utils.incremental_merge - INFO - Merge complete: 60372 total records
2026-05-03 18:08:39,077 - root - INFO - Saved 60372 total records to data/collected/trains_20260503.csv
2026-05-03 18:08:39,080 - root - INFO - File size: 14709.48 KB
2026-05-03 18:08:39,770 - root - INFO - 
============================================================
2026-05-03 18:08:39,770 - root - INFO - COLLECTION SUMMARY
2026-05-03 18:08:39,770 - root - INFO - ============================================================
2026-05-03 18:08:39,770 - root - INFO - Total records: 48709
2026-05-03 18:08:39,772 - root - INFO - Unique trains: 4008
2026-05-03 18:08:39,773 - root - INFO - Unique routes: 497
2026-05-03 18:08:39,774 - root - INFO - Unique stations: 1342
2026-05-03 18:08:39,775 - root - INFO - 
Realtime data:
2026-05-03 18:08:39,775 - root - INFO -   - Modified states: 23323 (47.9%)
2026-05-03 18:08:39,775 - root - INFO -   - Records with delays: 17333 (35.6%)
2026-05-03 18:08:39,780 - root - INFO -   - Average delay: 3.8 minutes
2026-05-03 18:08:39,780 - root - INFO -   - Max delay: 53.0 minutes
2026-05-03 18:08:39,780 - root - INFO -   - Min delay: -29.0 minutes
2026-05-03 18:08:39,780 - root - INFO - ============================================================

2026-05-03 18:08:39,780 - __main__ - INFO - ============================================================
2026-05-03 18:08:39,780 - __main__ - INFO - COLLECTION COMPLETED SUCCESSFULLY
2026-05-03 18:08:39,780 - __main__ - INFO - ============================================================
