2026-05-22 09:11:37,764 - __main__ - INFO - ============================================================
2026-05-22 09:11:37,764 - __main__ - INFO - TRAIN DATA COLLECTION STARTED
2026-05-22 09:11:37,764 - __main__ - INFO - ============================================================
2026-05-22 09:11:37,764 - __main__ - INFO - Date: today
2026-05-22 09:11:37,764 - __main__ - INFO - Max routes: all
2026-05-22 09:11:37,764 - __main__ - INFO - Weather collection: disabled (use separate forecast collection)
2026-05-22 09:11:37,764 - __main__ - INFO - Mode: INCREMENTAL (merge)
2026-05-22 09:11:37,764 - __main__ - INFO - ============================================================

2026-05-22 09:11:37,764 - root - INFO - Collecting train data for 2026-05-22
2026-05-22 09:11:37,764 - root - INFO - Max routes: all
2026-05-22 09:44:27,255 - root - INFO - Fetched 5022 trains from API
2026-05-22 09:44:27,703 - root - INFO - Converted to DataFrame: 63127 rows × 23 columns
2026-05-22 09:44:27,712 - root - INFO - Filtered to relevant trains: 63127 → 25562 records (removed 37565 future departures)
2026-05-22 09:44:27,758 - root - INFO - Incremental save mode: 25562 new records
2026-05-22 09:44:27,819 - utils.incremental_merge - INFO - Loaded 14642 existing records from trains_20260522.csv
2026-05-22 09:44:28,208 - utils.incremental_merge - INFO - Merge analysis: 15056 new, 10506 to update, 4136 unchanged
2026-05-22 09:44:28,319 - utils.incremental_merge - INFO - Adding 15056 completely new records
2026-05-22 09:45:22,193 - utils.incremental_merge - INFO - Updated 9416 records, preserved 1090 records
2026-05-22 09:45:26,161 - utils.incremental_merge - INFO - Merge complete: 29698 total records
2026-05-22 09:45:27,061 - root - INFO - Saved 29698 total records to data/collected/trains_20260522.csv
2026-05-22 09:45:27,063 - root - INFO - File size: 7228.99 KB
2026-05-22 09:45:27,327 - root - INFO - 
============================================================
2026-05-22 09:45:27,328 - root - INFO - COLLECTION SUMMARY
2026-05-22 09:45:27,328 - root - INFO - ============================================================
2026-05-22 09:45:27,328 - root - INFO - Total records: 25562
2026-05-22 09:45:27,329 - root - INFO - Unique trains: 2212
2026-05-22 09:45:27,329 - root - INFO - Unique routes: 419
2026-05-22 09:45:27,330 - root - INFO - Unique stations: 1274
2026-05-22 09:45:27,331 - root - INFO - 
Realtime data:
2026-05-22 09:45:27,331 - root - INFO -   - Modified states: 13179 (51.6%)
2026-05-22 09:45:27,331 - root - INFO -   - Records with delays: 8921 (34.9%)
2026-05-22 09:45:27,335 - root - INFO -   - Average delay: 3.4 minutes
2026-05-22 09:45:27,335 - root - INFO -   - Max delay: 64.0 minutes
2026-05-22 09:45:27,335 - root - INFO -   - Min delay: -28.0 minutes
2026-05-22 09:45:27,335 - root - INFO - ============================================================

2026-05-22 09:45:27,335 - __main__ - INFO - ============================================================
2026-05-22 09:45:27,335 - __main__ - INFO - COLLECTION COMPLETED SUCCESSFULLY
2026-05-22 09:45:27,335 - __main__ - INFO - ============================================================
