2026-06-06 03:11:54,374 - __main__ - INFO - ============================================================
2026-06-06 03:11:54,374 - __main__ - INFO - TRAIN DATA COLLECTION STARTED
2026-06-06 03:11:54,374 - __main__ - INFO - ============================================================
2026-06-06 03:11:54,374 - __main__ - INFO - Date: today
2026-06-06 03:11:54,374 - __main__ - INFO - Max routes: all
2026-06-06 03:11:54,374 - __main__ - INFO - Weather collection: disabled (use separate forecast collection)
2026-06-06 03:11:54,374 - __main__ - INFO - Mode: INCREMENTAL (merge)
2026-06-06 03:11:54,374 - __main__ - INFO - ============================================================

2026-06-06 03:11:54,374 - root - INFO - Collecting train data for 2026-06-06
2026-06-06 03:11:54,375 - root - INFO - Max routes: all
2026-06-06 03:59:35,885 - root - INFO - Fetched 4180 trains from API
2026-06-06 03:59:36,251 - root - INFO - Converted to DataFrame: 52973 rows × 23 columns
2026-06-06 03:59:36,258 - root - INFO - Filtered to relevant trains: 52973 → 6221 records (removed 46752 future departures)
2026-06-06 03:59:36,288 - root - INFO - Incremental save mode: 6221 new records
2026-06-06 03:59:36,340 - utils.incremental_merge - INFO - Loaded 13733 existing records from trains_20260606.csv
2026-06-06 03:59:36,529 - utils.incremental_merge - INFO - Merge analysis: 6221 new, 0 to update, 13733 unchanged
2026-06-06 03:59:36,648 - utils.incremental_merge - INFO - Adding 6221 completely new records
2026-06-06 03:59:36,648 - utils.incremental_merge - INFO - Updated 0 records, preserved 0 records
2026-06-06 03:59:36,654 - utils.incremental_merge - INFO - Merge complete: 19954 total records
2026-06-06 03:59:36,819 - root - INFO - Saved 19954 total records to data/collected/trains_20260606.csv
2026-06-06 03:59:36,819 - root - INFO - File size: 4744.34 KB
2026-06-06 03:59:36,898 - root - INFO - 
============================================================
2026-06-06 03:59:36,898 - root - INFO - COLLECTION SUMMARY
2026-06-06 03:59:36,898 - root - INFO - ============================================================
2026-06-06 03:59:36,898 - root - INFO - Total records: 6221
2026-06-06 03:59:36,899 - root - INFO - Unique trains: 566
2026-06-06 03:59:36,899 - root - INFO - Unique routes: 236
2026-06-06 03:59:36,899 - root - INFO - Unique stations: 1008
2026-06-06 03:59:36,900 - root - INFO - 
Realtime data:
2026-06-06 03:59:36,900 - root - INFO -   - Modified states: 3550 (57.1%)
2026-06-06 03:59:36,900 - root - INFO -   - Records with delays: 1613 (25.9%)
2026-06-06 03:59:36,902 - root - INFO -   - Average delay: 1.9 minutes
2026-06-06 03:59:36,902 - root - INFO -   - Max delay: 37.0 minutes
2026-06-06 03:59:36,902 - root - INFO -   - Min delay: -4.0 minutes
2026-06-06 03:59:36,902 - root - INFO - ============================================================

2026-06-06 03:59:36,902 - __main__ - INFO - ============================================================
2026-06-06 03:59:36,902 - __main__ - INFO - COLLECTION COMPLETED SUCCESSFULLY
2026-06-06 03:59:36,902 - __main__ - INFO - ============================================================
