2026-08-28 01:17:25,913 - __main__ - INFO - ============================================================
2026-08-28 01:17:25,913 - __main__ - INFO - TRAIN DATA COLLECTION STARTED
2026-08-28 01:17:25,913 - __main__ - INFO - ============================================================
2026-08-28 01:17:25,913 - __main__ - INFO - Date: today
2026-08-28 01:17:25,913 - __main__ - INFO - Max routes: all
2026-08-28 01:17:25,913 - __main__ - INFO - Batch size: 10
2026-08-28 01:17:25,913 - __main__ - INFO - Max concurrent requests: 5
2026-08-28 01:17:25,913 - __main__ - INFO - Weather collection: disabled (use separate forecast collection)
2026-08-28 01:17:25,913 - __main__ - INFO - Mode: INCREMENTAL (merge)
2026-08-28 01:17:25,913 - __main__ - INFO - ============================================================

2026-08-28 01:17:25,913 - root - INFO - Collecting train data for 2026-08-28
2026-08-28 01:17:25,913 - root - INFO - Max routes: all
2026-08-28 01:17:25,913 - root - INFO - Batch size: 10
2026-08-28 01:17:25,913 - root - INFO - Max concurrent requests: 5
2026-08-28 01:17:25,913 - root - INFO - Request timeout (s): 10
2026-08-28 01:17:25,913 - root - INFO - Trying API endpoint: https://mavplusz.hu/otp2-backend/otp/gtfs/v1
2026-08-28 01:17:33,460 - root - INFO - Successfully connected to: https://mavplusz.hu/otp2-backend/otp/gtfs/v1
2026-08-28 01:28:56,675 - root - INFO - Fetched 158719 trains from API
2026-08-28 01:29:08,820 - root - INFO - Converted to DataFrame: 1873754 rows × 23 columns
2026-08-28 01:29:08,903 - root - INFO - Filtered to relevant trains: 1873754 → 39571 records (removed 1834183 future departures)
2026-08-28 01:29:09,807 - root - INFO - Incremental save mode: 39571 new records
2026-08-28 01:29:09,807 - utils.incremental_merge - INFO - No existing file at data/collected/trains_20260828.csv, returning new data
2026-08-28 01:29:10,166 - root - INFO - Saved 39571 total records to data/collected/trains_20260828.csv
2026-08-28 01:29:10,166 - root - INFO - File size: 13899.89 KB
2026-08-28 01:29:10,340 - root - INFO - 
============================================================
2026-08-28 01:29:10,340 - root - INFO - COLLECTION SUMMARY
2026-08-28 01:29:10,340 - root - INFO - ============================================================
2026-08-28 01:29:10,340 - root - INFO - Total records: 39571
2026-08-28 01:29:10,341 - root - INFO - Unique trains: 4870
2026-08-28 01:29:10,342 - root - INFO - Unique routes: 1333
2026-08-28 01:29:10,342 - root - INFO - Unique stations: 4868
2026-08-28 01:29:10,343 - root - INFO - 
Realtime data:
2026-08-28 01:29:10,343 - root - INFO -   - Modified states: 1135 (2.9%)
2026-08-28 01:29:10,343 - root - INFO -   - Records with delays: 437 (1.1%)
2026-08-28 01:29:10,344 - root - INFO -   - Average delay: 3.2 minutes
2026-08-28 01:29:10,344 - root - INFO -   - Max delay: 16.0 minutes
2026-08-28 01:29:10,344 - root - INFO -   - Min delay: -8.0 minutes
2026-08-28 01:29:10,344 - root - INFO - ============================================================

2026-08-28 01:29:10,344 - __main__ - INFO - ============================================================
2026-08-28 01:29:10,344 - __main__ - INFO - COLLECTION COMPLETED SUCCESSFULLY
2026-08-28 01:29:10,345 - __main__ - INFO - ============================================================
