2026-06-02 03:15:13,523 - __main__ - INFO - ============================================================
2026-06-02 03:15:13,523 - __main__ - INFO - TRAIN DATA COLLECTION STARTED
2026-06-02 03:15:13,523 - __main__ - INFO - ============================================================
2026-06-02 03:15:13,523 - __main__ - INFO - Date: today
2026-06-02 03:15:13,523 - __main__ - INFO - Max routes: all
2026-06-02 03:15:13,523 - __main__ - INFO - Weather collection: disabled (use separate forecast collection)
2026-06-02 03:15:13,523 - __main__ - INFO - Mode: INCREMENTAL (merge)
2026-06-02 03:15:13,523 - __main__ - INFO - ============================================================

2026-06-02 03:15:13,523 - root - INFO - Collecting train data for 2026-06-02
2026-06-02 03:15:13,523 - root - INFO - Max routes: all
2026-06-02 03:52:10,529 - root - INFO - Fetched 3595 trains from API
2026-06-02 03:52:10,852 - root - INFO - Converted to DataFrame: 44164 rows × 23 columns
2026-06-02 03:52:10,857 - root - INFO - Filtered to relevant trains: 44164 → 4847 records (removed 39317 future departures)
2026-06-02 03:52:10,893 - root - INFO - Incremental save mode: 4847 new records
2026-06-02 03:52:10,898 - utils.incremental_merge - INFO - Loaded 515 existing records from trains_20260602.csv
2026-06-02 03:52:10,954 - utils.incremental_merge - INFO - Merge analysis: 4847 new, 0 to update, 515 unchanged
2026-06-02 03:52:10,986 - utils.incremental_merge - INFO - Adding 4847 completely new records
2026-06-02 03:52:10,986 - utils.incremental_merge - INFO - Updated 0 records, preserved 0 records
2026-06-02 03:52:10,989 - utils.incremental_merge - INFO - Merge complete: 5362 total records
2026-06-02 03:52:11,049 - root - INFO - Saved 5362 total records to data/collected/trains_20260602.csv
2026-06-02 03:52:11,049 - root - INFO - File size: 1281.27 KB
2026-06-02 03:52:11,080 - root - INFO - 
============================================================
2026-06-02 03:52:11,080 - root - INFO - COLLECTION SUMMARY
2026-06-02 03:52:11,080 - root - INFO - ============================================================
2026-06-02 03:52:11,080 - root - INFO - Total records: 4847
2026-06-02 03:52:11,080 - root - INFO - Unique trains: 455
2026-06-02 03:52:11,081 - root - INFO - Unique routes: 192
2026-06-02 03:52:11,081 - root - INFO - Unique stations: 966
2026-06-02 03:52:11,082 - root - INFO - 
Realtime data:
2026-06-02 03:52:11,082 - root - INFO -   - Modified states: 3030 (62.5%)
2026-06-02 03:52:11,082 - root - INFO -   - Records with delays: 1399 (28.9%)
2026-06-02 03:52:11,084 - root - INFO -   - Average delay: 1.8 minutes
2026-06-02 03:52:11,084 - root - INFO -   - Max delay: 26.0 minutes
2026-06-02 03:52:11,084 - root - INFO -   - Min delay: -3.0 minutes
2026-06-02 03:52:11,084 - root - INFO - ============================================================

2026-06-02 03:52:11,084 - __main__ - INFO - ============================================================
2026-06-02 03:52:11,084 - __main__ - INFO - COLLECTION COMPLETED SUCCESSFULLY
2026-06-02 03:52:11,084 - __main__ - INFO - ============================================================
