2026-04-09 06:23:05,112 - __main__ - INFO - ============================================================
2026-04-09 06:23:05,113 - __main__ - INFO - TRAIN DATA COLLECTION STARTED
2026-04-09 06:23:05,113 - __main__ - INFO - ============================================================
2026-04-09 06:23:05,113 - __main__ - INFO - Date: today
2026-04-09 06:23:05,113 - __main__ - INFO - Max routes: all
2026-04-09 06:23:05,113 - __main__ - INFO - Weather collection: disabled (use separate forecast collection)
2026-04-09 06:23:05,113 - __main__ - INFO - Mode: INCREMENTAL (merge)
2026-04-09 06:23:05,113 - __main__ - INFO - ============================================================

2026-04-09 06:23:05,113 - root - INFO - Collecting train data for 2026-04-09
2026-04-09 06:23:05,113 - root - INFO - Max routes: all
2026-04-09 06:55:29,749 - root - INFO - Fetched 3780 trains from API
2026-04-09 06:55:30,107 - root - INFO - Converted to DataFrame: 46311 rows × 23 columns
2026-04-09 06:55:30,113 - root - INFO - Filtered to relevant trains: 46311 → 13231 records (removed 33080 future departures)
2026-04-09 06:55:30,154 - root - INFO - Incremental save mode: 13231 new records
2026-04-09 06:55:30,207 - utils.incremental_merge - INFO - Loaded 13571 existing records from trains_20260409.csv
2026-04-09 06:55:30,473 - utils.incremental_merge - INFO - Merge analysis: 5286 new, 7945 to update, 5626 unchanged
2026-04-09 06:55:30,539 - utils.incremental_merge - INFO - Adding 5286 completely new records
2026-04-09 06:56:04,039 - utils.incremental_merge - INFO - Updated 7518 records, preserved 427 records
2026-04-09 06:56:07,340 - utils.incremental_merge - INFO - Merge complete: 18857 total records
2026-04-09 06:56:08,014 - root - INFO - Saved 18857 total records to data/collected/trains_20260409.csv
2026-04-09 06:56:08,017 - root - INFO - File size: 4498.42 KB
2026-04-09 06:56:08,203 - root - INFO - 
============================================================
2026-04-09 06:56:08,203 - root - INFO - COLLECTION SUMMARY
2026-04-09 06:56:08,204 - root - INFO - ============================================================
2026-04-09 06:56:08,204 - root - INFO - Total records: 13231
2026-04-09 06:56:08,204 - root - INFO - Unique trains: 1204
2026-04-09 06:56:08,205 - root - INFO - Unique routes: 332
2026-04-09 06:56:08,205 - root - INFO - Unique stations: 1151
2026-04-09 06:56:08,206 - root - INFO - 
Realtime data:
2026-04-09 06:56:08,206 - root - INFO -   - Modified states: 7769 (58.7%)
2026-04-09 06:56:08,206 - root - INFO -   - Records with delays: 4913 (37.1%)
2026-04-09 06:56:08,209 - root - INFO -   - Average delay: 2.6 minutes
2026-04-09 06:56:08,209 - root - INFO -   - Max delay: 48.0 minutes
2026-04-09 06:56:08,209 - root - INFO -   - Min delay: -28.0 minutes
2026-04-09 06:56:08,209 - root - INFO - ============================================================

2026-04-09 06:56:08,209 - __main__ - INFO - ============================================================
2026-04-09 06:56:08,209 - __main__ - INFO - COLLECTION COMPLETED SUCCESSFULLY
2026-04-09 06:56:08,209 - __main__ - INFO - ============================================================
