2026-04-19 20:37:11,615 - __main__ - INFO - ============================================================
2026-04-19 20:37:11,615 - __main__ - INFO - TRAIN DATA COLLECTION STARTED
2026-04-19 20:37:11,616 - __main__ - INFO - ============================================================
2026-04-19 20:37:11,616 - __main__ - INFO - Date: today
2026-04-19 20:37:11,616 - __main__ - INFO - Max routes: all
2026-04-19 20:37:11,616 - __main__ - INFO - Weather collection: disabled (use separate forecast collection)
2026-04-19 20:37:11,616 - __main__ - INFO - Mode: INCREMENTAL (merge)
2026-04-19 20:37:11,616 - __main__ - INFO - ============================================================

2026-04-19 20:37:11,616 - root - INFO - Collecting train data for 2026-04-19
2026-04-19 20:37:11,616 - root - INFO - Max routes: all
2026-04-19 21:09:25,329 - root - INFO - Fetched 3639 trains from API
2026-04-19 21:09:25,648 - root - INFO - Converted to DataFrame: 45511 rows × 23 columns
2026-04-19 21:09:25,657 - root - INFO - Filtered to relevant trains: 45511 → 43994 records (removed 1517 future departures)
2026-04-19 21:09:25,692 - root - INFO - Incremental save mode: 43994 new records
2026-04-19 21:09:25,931 - utils.incremental_merge - INFO - Loaded 63823 existing records from trains_20260419.csv
2026-04-19 21:09:26,943 - utils.incremental_merge - INFO - Merge analysis: 6150 new, 37844 to update, 25979 unchanged
2026-04-19 21:09:27,127 - utils.incremental_merge - INFO - Adding 6150 completely new records
2026-04-19 21:12:36,764 - utils.incremental_merge - INFO - Updated 21935 records, preserved 15909 records
2026-04-19 21:12:51,105 - utils.incremental_merge - INFO - Merge complete: 69973 total records
2026-04-19 21:12:53,797 - root - INFO - Saved 69973 total records to data/collected/trains_20260419.csv
2026-04-19 21:12:53,797 - root - INFO - File size: 17041.24 KB
2026-04-19 21:12:54,572 - root - INFO - 
============================================================
2026-04-19 21:12:54,572 - root - INFO - COLLECTION SUMMARY
2026-04-19 21:12:54,573 - root - INFO - ============================================================
2026-04-19 21:12:54,573 - root - INFO - Total records: 43994
2026-04-19 21:12:54,574 - root - INFO - Unique trains: 3618
2026-04-19 21:12:54,575 - root - INFO - Unique routes: 419
2026-04-19 21:12:54,576 - root - INFO - Unique stations: 1273
2026-04-19 21:12:54,576 - root - INFO - 
Realtime data:
2026-04-19 21:12:54,576 - root - INFO -   - Modified states: 2434 (5.5%)
2026-04-19 21:12:54,576 - root - INFO -   - Records with delays: 1784 (4.1%)
2026-04-19 21:12:54,579 - root - INFO -   - Average delay: 4.8 minutes
2026-04-19 21:12:54,579 - root - INFO -   - Max delay: 40.0 minutes
2026-04-19 21:12:54,579 - root - INFO -   - Min delay: -28.0 minutes
2026-04-19 21:12:54,579 - root - INFO - ============================================================

2026-04-19 21:12:54,579 - __main__ - INFO - ============================================================
2026-04-19 21:12:54,579 - __main__ - INFO - COLLECTION COMPLETED SUCCESSFULLY
2026-04-19 21:12:54,579 - __main__ - INFO - ============================================================
