2026-04-12 11:34:51,282 - __main__ - INFO - ============================================================
2026-04-12 11:34:51,282 - __main__ - INFO - TRAIN DATA COLLECTION STARTED
2026-04-12 11:34:51,282 - __main__ - INFO - ============================================================
2026-04-12 11:34:51,282 - __main__ - INFO - Date: today
2026-04-12 11:34:51,282 - __main__ - INFO - Max routes: all
2026-04-12 11:34:51,282 - __main__ - INFO - Weather collection: disabled (use separate forecast collection)
2026-04-12 11:34:51,282 - __main__ - INFO - Mode: INCREMENTAL (merge)
2026-04-12 11:34:51,282 - __main__ - INFO - ============================================================

2026-04-12 11:34:51,282 - root - INFO - Collecting train data for 2026-04-12
2026-04-12 11:34:51,282 - root - INFO - Max routes: all
2026-04-12 12:06:23,931 - root - INFO - Fetched 3494 trains from API
2026-04-12 12:06:24,247 - root - INFO - Converted to DataFrame: 43089 rows × 23 columns
2026-04-12 12:06:24,254 - root - INFO - Filtered to relevant trains: 43089 → 23478 records (removed 19611 future departures)
2026-04-12 12:06:24,289 - root - INFO - Incremental save mode: 23478 new records
2026-04-12 12:06:24,497 - utils.incremental_merge - INFO - Loaded 55839 existing records from trains_20260412.csv
2026-04-12 12:06:25,269 - utils.incremental_merge - INFO - Merge analysis: 9341 new, 14137 to update, 41702 unchanged
2026-04-12 12:06:25,558 - utils.incremental_merge - INFO - Adding 9341 completely new records
2026-04-12 12:07:35,938 - utils.incremental_merge - INFO - Updated 7370 records, preserved 6767 records
2026-04-12 12:07:40,264 - utils.incremental_merge - INFO - Merge complete: 65180 total records
2026-04-12 12:07:41,675 - root - INFO - Saved 65180 total records to data/collected/trains_20260412.csv
2026-04-12 12:07:41,677 - root - INFO - File size: 15760.01 KB
2026-04-12 12:07:42,109 - root - INFO - 
============================================================
2026-04-12 12:07:42,109 - root - INFO - COLLECTION SUMMARY
2026-04-12 12:07:42,109 - root - INFO - ============================================================
2026-04-12 12:07:42,109 - root - INFO - Total records: 23478
2026-04-12 12:07:42,110 - root - INFO - Unique trains: 2024
2026-04-12 12:07:42,110 - root - INFO - Unique routes: 382
2026-04-12 12:07:42,111 - root - INFO - Unique stations: 1291
2026-04-12 12:07:42,112 - root - INFO - 
Realtime data:
2026-04-12 12:07:42,112 - root - INFO -   - Modified states: 3924 (16.7%)
2026-04-12 12:07:42,112 - root - INFO -   - Records with delays: 2391 (10.2%)
2026-04-12 12:07:42,115 - root - INFO -   - Average delay: 3.2 minutes
2026-04-12 12:07:42,115 - root - INFO -   - Max delay: 33.0 minutes
2026-04-12 12:07:42,115 - root - INFO -   - Min delay: -28.0 minutes
2026-04-12 12:07:42,115 - root - INFO - ============================================================

2026-04-12 12:07:42,115 - __main__ - INFO - ============================================================
2026-04-12 12:07:42,115 - __main__ - INFO - COLLECTION COMPLETED SUCCESSFULLY
2026-04-12 12:07:42,115 - __main__ - INFO - ============================================================
