2026-05-26 15:06:51,862 - __main__ - INFO - ============================================================
2026-05-26 15:06:51,862 - __main__ - INFO - TRAIN DATA COLLECTION STARTED
2026-05-26 15:06:51,862 - __main__ - INFO - ============================================================
2026-05-26 15:06:51,862 - __main__ - INFO - Date: today
2026-05-26 15:06:51,862 - __main__ - INFO - Max routes: all
2026-05-26 15:06:51,863 - __main__ - INFO - Weather collection: disabled (use separate forecast collection)
2026-05-26 15:06:51,863 - __main__ - INFO - Mode: INCREMENTAL (merge)
2026-05-26 15:06:51,863 - __main__ - INFO - ============================================================

2026-05-26 15:06:51,863 - root - INFO - Collecting train data for 2026-05-26
2026-05-26 15:06:51,863 - root - INFO - Max routes: all
2026-05-26 15:39:58,292 - root - INFO - Fetched 3876 trains from API
2026-05-26 15:39:58,646 - root - INFO - Converted to DataFrame: 48814 rows × 23 columns
2026-05-26 15:39:58,655 - root - INFO - Filtered to relevant trains: 48814 → 35775 records (removed 13039 future departures)
2026-05-26 15:39:58,697 - root - INFO - Incremental save mode: 35775 new records
2026-05-26 15:39:58,797 - utils.incremental_merge - INFO - Loaded 25472 existing records from trains_20260526.csv
2026-05-26 15:39:59,387 - utils.incremental_merge - INFO - Merge analysis: 20666 new, 15109 to update, 10363 unchanged
2026-05-26 15:39:59,570 - utils.incremental_merge - INFO - Adding 20666 completely new records
2026-05-26 15:41:13,939 - utils.incremental_merge - INFO - Updated 7231 records, preserved 7878 records
2026-05-26 15:41:19,679 - utils.incremental_merge - INFO - Merge complete: 46138 total records
2026-05-26 15:41:20,968 - root - INFO - Saved 46138 total records to data/collected/trains_20260526.csv
2026-05-26 15:41:20,970 - root - INFO - File size: 11377.50 KB
2026-05-26 15:41:21,377 - root - INFO - 
============================================================
2026-05-26 15:41:21,377 - root - INFO - COLLECTION SUMMARY
2026-05-26 15:41:21,377 - root - INFO - ============================================================
2026-05-26 15:41:21,377 - root - INFO - Total records: 35775
2026-05-26 15:41:21,378 - root - INFO - Unique trains: 3013
2026-05-26 15:41:21,379 - root - INFO - Unique routes: 450
2026-05-26 15:41:21,380 - root - INFO - Unique stations: 1343
2026-05-26 15:41:21,380 - root - INFO - 
Realtime data:
2026-05-26 15:41:21,380 - root - INFO -   - Modified states: 4227 (11.8%)
2026-05-26 15:41:21,381 - root - INFO -   - Records with delays: 3355 (9.4%)
2026-05-26 15:41:21,384 - root - INFO -   - Average delay: 5.3 minutes
2026-05-26 15:41:21,384 - root - INFO -   - Max delay: 51.0 minutes
2026-05-26 15:41:21,384 - root - INFO -   - Min delay: -5.0 minutes
2026-05-26 15:41:21,384 - root - INFO - ============================================================

2026-05-26 15:41:21,384 - __main__ - INFO - ============================================================
2026-05-26 15:41:21,384 - __main__ - INFO - COLLECTION COMPLETED SUCCESSFULLY
2026-05-26 15:41:21,384 - __main__ - INFO - ============================================================
