2026-05-12 17:44:42,065 - __main__ - INFO - ============================================================
2026-05-12 17:44:42,065 - __main__ - INFO - TRAIN DATA COLLECTION STARTED
2026-05-12 17:44:42,065 - __main__ - INFO - ============================================================
2026-05-12 17:44:42,065 - __main__ - INFO - Date: today
2026-05-12 17:44:42,065 - __main__ - INFO - Max routes: all
2026-05-12 17:44:42,065 - __main__ - INFO - Weather collection: disabled (use separate forecast collection)
2026-05-12 17:44:42,065 - __main__ - INFO - Mode: INCREMENTAL (merge)
2026-05-12 17:44:42,065 - __main__ - INFO - ============================================================

2026-05-12 17:44:42,065 - root - INFO - Collecting train data for 2026-05-12
2026-05-12 17:44:42,065 - root - INFO - Max routes: all
2026-05-12 18:31:44,319 - root - INFO - Fetched 4873 trains from API
2026-05-12 18:31:44,751 - root - INFO - Converted to DataFrame: 63351 rows × 23 columns
2026-05-12 18:31:44,766 - root - INFO - Filtered to relevant trains: 63351 → 55730 records (removed 7621 future departures)
2026-05-12 18:31:44,801 - root - INFO - Incremental save mode: 55730 new records
2026-05-12 18:31:44,982 - utils.incremental_merge - INFO - Loaded 48347 existing records from trains_20260512.csv
2026-05-12 18:31:45,932 - utils.incremental_merge - INFO - Merge analysis: 17704 new, 38026 to update, 10321 unchanged
2026-05-12 18:31:46,105 - utils.incremental_merge - INFO - Adding 17704 completely new records
2026-05-12 18:34:39,817 - utils.incremental_merge - INFO - Updated 21619 records, preserved 16407 records
2026-05-12 18:34:53,635 - utils.incremental_merge - INFO - Merge complete: 66051 total records
2026-05-12 18:34:56,324 - root - INFO - Saved 66051 total records to data/collected/trains_20260512.csv
2026-05-12 18:34:56,326 - root - INFO - File size: 16112.55 KB
2026-05-12 18:34:57,107 - root - INFO - 
============================================================
2026-05-12 18:34:57,107 - root - INFO - COLLECTION SUMMARY
2026-05-12 18:34:57,107 - root - INFO - ============================================================
2026-05-12 18:34:57,107 - root - INFO - Total records: 55730
2026-05-12 18:34:57,108 - root - INFO - Unique trains: 4478
2026-05-12 18:34:57,109 - root - INFO - Unique routes: 511
2026-05-12 18:34:57,110 - root - INFO - Unique stations: 1339
2026-05-12 18:34:57,111 - root - INFO - 
Realtime data:
2026-05-12 18:34:57,112 - root - INFO -   - Modified states: 8510 (15.3%)
2026-05-12 18:34:57,112 - root - INFO -   - Records with delays: 6511 (11.7%)
2026-05-12 18:34:57,116 - root - INFO -   - Average delay: 4.4 minutes
2026-05-12 18:34:57,116 - root - INFO -   - Max delay: 87.0 minutes
2026-05-12 18:34:57,116 - root - INFO -   - Min delay: -28.0 minutes
2026-05-12 18:34:57,116 - root - INFO - ============================================================

2026-05-12 18:34:57,116 - __main__ - INFO - ============================================================
2026-05-12 18:34:57,116 - __main__ - INFO - COLLECTION COMPLETED SUCCESSFULLY
2026-05-12 18:34:57,116 - __main__ - INFO - ============================================================
