2026-05-04 08:54:28,017 - __main__ - INFO - ============================================================
2026-05-04 08:54:28,017 - __main__ - INFO - TRAIN DATA COLLECTION STARTED
2026-05-04 08:54:28,017 - __main__ - INFO - ============================================================
2026-05-04 08:54:28,018 - __main__ - INFO - Date: today
2026-05-04 08:54:28,018 - __main__ - INFO - Max routes: all
2026-05-04 08:54:28,018 - __main__ - INFO - Weather collection: disabled (use separate forecast collection)
2026-05-04 08:54:28,018 - __main__ - INFO - Mode: INCREMENTAL (merge)
2026-05-04 08:54:28,018 - __main__ - INFO - ============================================================

2026-05-04 08:54:28,018 - root - INFO - Collecting train data for 2026-05-04
2026-05-04 08:54:28,018 - root - INFO - Max routes: all
2026-05-04 09:25:56,925 - root - INFO - Fetched 2874 trains from API
2026-05-04 09:25:57,214 - root - INFO - Converted to DataFrame: 37028 rows × 23 columns
2026-05-04 09:25:57,221 - root - INFO - Filtered to relevant trains: 37028 → 15174 records (removed 21854 future departures)
2026-05-04 09:25:57,255 - root - INFO - Incremental save mode: 15174 new records
2026-05-04 09:25:57,312 - utils.incremental_merge - INFO - Loaded 13639 existing records from trains_20260504.csv
2026-05-04 09:25:57,597 - utils.incremental_merge - INFO - Merge analysis: 8061 new, 7113 to update, 6526 unchanged
2026-05-04 09:25:57,680 - utils.incremental_merge - INFO - Adding 8061 completely new records
2026-05-04 09:26:28,313 - utils.incremental_merge - INFO - Updated 6730 records, preserved 383 records
2026-05-04 09:26:31,310 - utils.incremental_merge - INFO - Merge complete: 21700 total records
2026-05-04 09:26:31,954 - root - INFO - Saved 21700 total records to data/collected/trains_20260504.csv
2026-05-04 09:26:31,957 - root - INFO - File size: 5199.26 KB
2026-05-04 09:26:32,132 - root - INFO - 
============================================================
2026-05-04 09:26:32,132 - root - INFO - COLLECTION SUMMARY
2026-05-04 09:26:32,132 - root - INFO - ============================================================
2026-05-04 09:26:32,132 - root - INFO - Total records: 15174
2026-05-04 09:26:32,133 - root - INFO - Unique trains: 1277
2026-05-04 09:26:32,133 - root - INFO - Unique routes: 315
2026-05-04 09:26:32,134 - root - INFO - Unique stations: 1159
2026-05-04 09:26:32,135 - root - INFO - 
Realtime data:
2026-05-04 09:26:32,135 - root - INFO -   - Modified states: 8628 (56.9%)
2026-05-04 09:26:32,135 - root - INFO -   - Records with delays: 5804 (38.2%)
2026-05-04 09:26:32,137 - root - INFO -   - Average delay: 2.8 minutes
2026-05-04 09:26:32,138 - root - INFO -   - Max delay: 70.0 minutes
2026-05-04 09:26:32,138 - root - INFO -   - Min delay: -8.0 minutes
2026-05-04 09:26:32,138 - root - INFO - ============================================================

2026-05-04 09:26:32,138 - __main__ - INFO - ============================================================
2026-05-04 09:26:32,138 - __main__ - INFO - COLLECTION COMPLETED SUCCESSFULLY
2026-05-04 09:26:32,138 - __main__ - INFO - ============================================================
