2026-05-22 06:26:33,232 - __main__ - INFO - ============================================================
2026-05-22 06:26:33,232 - __main__ - INFO - TRAIN DATA COLLECTION STARTED
2026-05-22 06:26:33,232 - __main__ - INFO - ============================================================
2026-05-22 06:26:33,233 - __main__ - INFO - Date: today
2026-05-22 06:26:33,233 - __main__ - INFO - Max routes: all
2026-05-22 06:26:33,233 - __main__ - INFO - Weather collection: disabled (use separate forecast collection)
2026-05-22 06:26:33,233 - __main__ - INFO - Mode: INCREMENTAL (merge)
2026-05-22 06:26:33,233 - __main__ - INFO - ============================================================

2026-05-22 06:26:33,233 - root - INFO - Collecting train data for 2026-05-22
2026-05-22 06:26:33,233 - root - INFO - Max routes: all
2026-05-22 06:59:02,491 - root - INFO - Fetched 3188 trains from API
2026-05-22 06:59:02,791 - root - INFO - Converted to DataFrame: 39226 rows × 23 columns
2026-05-22 06:59:02,798 - root - INFO - Filtered to relevant trains: 39226 → 11202 records (removed 28024 future departures)
2026-05-22 06:59:02,835 - root - INFO - Incremental save mode: 11202 new records
2026-05-22 06:59:02,861 - utils.incremental_merge - INFO - Loaded 6098 existing records from trains_20260522.csv
2026-05-22 06:59:03,030 - utils.incremental_merge - INFO - Merge analysis: 8544 new, 2658 to update, 3440 unchanged
2026-05-22 06:59:03,101 - utils.incremental_merge - INFO - Adding 8544 completely new records
2026-05-22 06:59:13,703 - utils.incremental_merge - INFO - Updated 2477 records, preserved 181 records
2026-05-22 06:59:14,780 - utils.incremental_merge - INFO - Merge complete: 14642 total records
2026-05-22 06:59:15,073 - root - INFO - Saved 14642 total records to data/collected/trains_20260522.csv
2026-05-22 06:59:15,075 - root - INFO - File size: 3530.63 KB
2026-05-22 06:59:15,169 - root - INFO - 
============================================================
2026-05-22 06:59:15,169 - root - INFO - COLLECTION SUMMARY
2026-05-22 06:59:15,169 - root - INFO - ============================================================
2026-05-22 06:59:15,169 - root - INFO - Total records: 11202
2026-05-22 06:59:15,170 - root - INFO - Unique trains: 994
2026-05-22 06:59:15,171 - root - INFO - Unique routes: 299
2026-05-22 06:59:15,171 - root - INFO - Unique stations: 1154
2026-05-22 06:59:15,172 - root - INFO - 
Realtime data:
2026-05-22 06:59:15,172 - root - INFO -   - Modified states: 6534 (58.3%)
2026-05-22 06:59:15,172 - root - INFO -   - Records with delays: 4247 (37.9%)
2026-05-22 06:59:15,174 - root - INFO -   - Average delay: 3.1 minutes
2026-05-22 06:59:15,174 - root - INFO -   - Max delay: 64.0 minutes
2026-05-22 06:59:15,174 - root - INFO -   - Min delay: -28.0 minutes
2026-05-22 06:59:15,174 - root - INFO - ============================================================

2026-05-22 06:59:15,175 - __main__ - INFO - ============================================================
2026-05-22 06:59:15,175 - __main__ - INFO - COLLECTION COMPLETED SUCCESSFULLY
2026-05-22 06:59:15,175 - __main__ - INFO - ============================================================
