2026-03-29 17:30:54,664 - __main__ - INFO - ============================================================
2026-03-29 17:30:54,664 - __main__ - INFO - TRAIN DATA COLLECTION STARTED
2026-03-29 17:30:54,664 - __main__ - INFO - ============================================================
2026-03-29 17:30:54,664 - __main__ - INFO - Date: today
2026-03-29 17:30:54,664 - __main__ - INFO - Max routes: all
2026-03-29 17:30:54,664 - __main__ - INFO - Weather collection: disabled (use separate forecast collection)
2026-03-29 17:30:54,664 - __main__ - INFO - Mode: INCREMENTAL (merge)
2026-03-29 17:30:54,664 - __main__ - INFO - ============================================================

2026-03-29 17:30:54,664 - root - INFO - Collecting train data for 2026-03-29
2026-03-29 17:30:54,664 - root - INFO - Max routes: all
2026-03-29 18:28:11,962 - root - INFO - Fetched 5123 trains from API
2026-03-29 18:28:12,420 - root - INFO - Converted to DataFrame: 63549 rows × 23 columns
2026-03-29 18:28:12,432 - root - INFO - Filtered to relevant trains: 63549 → 55757 records (removed 7792 future departures)
2026-03-29 18:28:12,476 - root - INFO - Incremental save mode: 55757 new records
2026-03-29 18:28:12,761 - utils.incremental_merge - INFO - Loaded 76323 existing records from trains_20260329.csv
2026-03-29 18:28:14,036 - utils.incremental_merge - INFO - Merge analysis: 13184 new, 42573 to update, 33750 unchanged
2026-03-29 18:28:14,303 - utils.incremental_merge - INFO - Adding 13184 completely new records
2026-03-29 18:32:03,941 - utils.incremental_merge - INFO - Updated 29965 records, preserved 12608 records
2026-03-29 18:32:19,922 - utils.incremental_merge - INFO - Merge complete: 89507 total records
2026-03-29 18:32:23,024 - root - INFO - Saved 89507 total records to data/collected/trains_20260329.csv
2026-03-29 18:32:23,025 - root - INFO - File size: 21587.88 KB
2026-03-29 18:32:23,911 - root - INFO - 
============================================================
2026-03-29 18:32:23,911 - root - INFO - COLLECTION SUMMARY
2026-03-29 18:32:23,911 - root - INFO - ============================================================
2026-03-29 18:32:23,911 - root - INFO - Total records: 55757
2026-03-29 18:32:23,912 - root - INFO - Unique trains: 4692
2026-03-29 18:32:23,913 - root - INFO - Unique routes: 480
2026-03-29 18:32:23,914 - root - INFO - Unique stations: 1333
2026-03-29 18:32:23,915 - root - INFO - 
Realtime data:
2026-03-29 18:32:23,915 - root - INFO -   - Modified states: 4930 (8.8%)
2026-03-29 18:32:23,915 - root - INFO -   - Records with delays: 3905 (7.0%)
2026-03-29 18:32:23,919 - root - INFO -   - Average delay: 6.8 minutes
2026-03-29 18:32:23,919 - root - INFO -   - Max delay: 83.0 minutes
2026-03-29 18:32:23,919 - root - INFO -   - Min delay: -28.0 minutes
2026-03-29 18:32:23,919 - root - INFO - ============================================================

2026-03-29 18:32:23,919 - __main__ - INFO - ============================================================
2026-03-29 18:32:23,919 - __main__ - INFO - COLLECTION COMPLETED SUCCESSFULLY
2026-03-29 18:32:23,919 - __main__ - INFO - ============================================================
