2026-04-11 20:33:06,038 - __main__ - INFO - ============================================================
2026-04-11 20:33:06,038 - __main__ - INFO - TRAIN DATA COLLECTION STARTED
2026-04-11 20:33:06,038 - __main__ - INFO - ============================================================
2026-04-11 20:33:06,038 - __main__ - INFO - Date: today
2026-04-11 20:33:06,038 - __main__ - INFO - Max routes: all
2026-04-11 20:33:06,038 - __main__ - INFO - Weather collection: disabled (use separate forecast collection)
2026-04-11 20:33:06,038 - __main__ - INFO - Mode: INCREMENTAL (merge)
2026-04-11 20:33:06,039 - __main__ - INFO - ============================================================

2026-04-11 20:33:06,039 - root - INFO - Collecting train data for 2026-04-11
2026-04-11 20:33:06,039 - root - INFO - Max routes: all
2026-04-11 21:06:05,132 - root - INFO - Fetched 3371 trains from API
2026-04-11 21:06:05,432 - root - INFO - Converted to DataFrame: 41272 rows × 23 columns
2026-04-11 21:06:05,440 - root - INFO - Filtered to relevant trains: 41272 → 39657 records (removed 1615 future departures)
2026-04-11 21:06:05,476 - root - INFO - Incremental save mode: 39657 new records
2026-04-11 21:06:05,694 - utils.incremental_merge - INFO - Loaded 58052 existing records from trains_20260411.csv
2026-04-11 21:06:06,647 - utils.incremental_merge - INFO - Merge analysis: 8725 new, 30932 to update, 27120 unchanged
2026-04-11 21:06:06,850 - utils.incremental_merge - INFO - Adding 8725 completely new records
2026-04-11 21:08:26,054 - utils.incremental_merge - INFO - Updated 21516 records, preserved 9416 records
2026-04-11 21:08:39,173 - utils.incremental_merge - INFO - Merge complete: 66777 total records
2026-04-11 21:08:41,736 - root - INFO - Saved 66777 total records to data/collected/trains_20260411.csv
2026-04-11 21:08:41,738 - root - INFO - File size: 16159.78 KB
2026-04-11 21:08:42,391 - root - INFO - 
============================================================
2026-04-11 21:08:42,391 - root - INFO - COLLECTION SUMMARY
2026-04-11 21:08:42,391 - root - INFO - ============================================================
2026-04-11 21:08:42,391 - root - INFO - Total records: 39657
2026-04-11 21:08:42,392 - root - INFO - Unique trains: 3353
2026-04-11 21:08:42,393 - root - INFO - Unique routes: 412
2026-04-11 21:08:42,394 - root - INFO - Unique stations: 1297
2026-04-11 21:08:42,395 - root - INFO - 
Realtime data:
2026-04-11 21:08:42,395 - root - INFO -   - Modified states: 5778 (14.6%)
2026-04-11 21:08:42,395 - root - INFO -   - Records with delays: 3841 (9.7%)
2026-04-11 21:08:42,398 - root - INFO -   - Average delay: 3.4 minutes
2026-04-11 21:08:42,398 - root - INFO -   - Max delay: 63.0 minutes
2026-04-11 21:08:42,398 - root - INFO -   - Min delay: -8.0 minutes
2026-04-11 21:08:42,398 - root - INFO - ============================================================

2026-04-11 21:08:42,398 - __main__ - INFO - ============================================================
2026-04-11 21:08:42,398 - __main__ - INFO - COLLECTION COMPLETED SUCCESSFULLY
2026-04-11 21:08:42,398 - __main__ - INFO - ============================================================
