2026-09-19 00:58:50,070 - __main__ - INFO - ============================================================
2026-09-19 00:58:50,070 - __main__ - INFO - TRAIN DATA COLLECTION STARTED
2026-09-19 00:58:50,070 - __main__ - INFO - ============================================================
2026-09-19 00:58:50,070 - __main__ - INFO - Date: today
2026-09-19 00:58:50,070 - __main__ - INFO - Max routes: all
2026-09-19 00:58:50,071 - __main__ - INFO - Batch size: 10
2026-09-19 00:58:50,071 - __main__ - INFO - Max concurrent requests: 5
2026-09-19 00:58:50,071 - __main__ - INFO - Weather collection: disabled (use separate forecast collection)
2026-09-19 00:58:50,071 - __main__ - INFO - Mode: INCREMENTAL (merge)
2026-09-19 00:58:50,071 - __main__ - INFO - ============================================================

2026-09-19 00:58:50,071 - root - INFO - Collecting train data for 2026-09-19
2026-09-19 00:58:50,071 - root - INFO - Max routes: all
2026-09-19 00:58:50,071 - root - INFO - Batch size: 10
2026-09-19 00:58:50,071 - root - INFO - Max concurrent requests: 5
2026-09-19 00:58:50,071 - root - INFO - Request timeout (s): 10
2026-09-19 00:58:50,071 - root - INFO - Trying API endpoint: https://mavplusz.hu/otp2-backend/otp/gtfs/v1
2026-09-19 00:58:57,096 - root - INFO - Successfully connected to: https://mavplusz.hu/otp2-backend/otp/gtfs/v1
2026-09-19 01:06:48,830 - root - INFO - Fetched 151955 trains from API
2026-09-19 01:07:01,502 - root - INFO - Converted to DataFrame: 1745448 rows × 23 columns
2026-09-19 01:07:01,585 - root - INFO - Filtered to relevant trains: 1745448 → 37095 records (removed 1708353 future departures)
2026-09-19 01:07:02,446 - root - INFO - Incremental save mode: 37095 new records
2026-09-19 01:07:02,446 - utils.incremental_merge - INFO - No existing file at data/collected/trains_20260919.csv, returning new data
2026-09-19 01:07:02,811 - root - INFO - Saved 37095 total records to data/collected/trains_20260919.csv
2026-09-19 01:07:02,811 - root - INFO - File size: 12732.64 KB
2026-09-19 01:07:03,010 - root - INFO - 
============================================================
2026-09-19 01:07:03,010 - root - INFO - COLLECTION SUMMARY
2026-09-19 01:07:03,010 - root - INFO - ============================================================
2026-09-19 01:07:03,010 - root - INFO - Total records: 37095
2026-09-19 01:07:03,011 - root - INFO - Unique trains: 4701
2026-09-19 01:07:03,012 - root - INFO - Unique routes: 1328
2026-09-19 01:07:03,013 - root - INFO - Unique stations: 4428
2026-09-19 01:07:03,014 - root - INFO - 
Realtime data:
2026-09-19 01:07:03,014 - root - INFO -   - Modified states: 810 (2.2%)
2026-09-19 01:07:03,014 - root - INFO -   - Records with delays: 351 (0.9%)
2026-09-19 01:07:03,016 - root - INFO -   - Average delay: 2.3 minutes
2026-09-19 01:07:03,016 - root - INFO -   - Max delay: 55.0 minutes
2026-09-19 01:07:03,016 - root - INFO -   - Min delay: -4.0 minutes
2026-09-19 01:07:03,016 - root - INFO - ============================================================

2026-09-19 01:07:03,016 - __main__ - INFO - ============================================================
2026-09-19 01:07:03,016 - __main__ - INFO - COLLECTION COMPLETED SUCCESSFULLY
2026-09-19 01:07:03,016 - __main__ - INFO - ============================================================
