2026-06-07 14:40:01,517 - __main__ - INFO - ============================================================
2026-06-07 14:40:01,517 - __main__ - INFO - TRAIN DATA COLLECTION STARTED
2026-06-07 14:40:01,517 - __main__ - INFO - ============================================================
2026-06-07 14:40:01,517 - __main__ - INFO - Date: today
2026-06-07 14:40:01,517 - __main__ - INFO - Max routes: all
2026-06-07 14:40:01,517 - __main__ - INFO - Weather collection: disabled (use separate forecast collection)
2026-06-07 14:40:01,517 - __main__ - INFO - Mode: INCREMENTAL (merge)
2026-06-07 14:40:01,517 - __main__ - INFO - ============================================================

2026-06-07 14:40:01,517 - root - INFO - Collecting train data for 2026-06-07
2026-06-07 14:40:01,517 - root - INFO - Max routes: all
2026-06-07 15:08:16,035 - root - INFO - Fetched 3324 trains from API
2026-06-07 15:08:16,347 - root - INFO - Converted to DataFrame: 42111 rows × 23 columns
2026-06-07 15:08:16,355 - root - INFO - Filtered to relevant trains: 42111 → 30269 records (removed 11842 future departures)
2026-06-07 15:08:16,395 - root - INFO - Incremental save mode: 30269 new records
2026-06-07 15:08:16,527 - utils.incremental_merge - INFO - Loaded 33456 existing records from trains_20260607.csv
2026-06-07 15:08:17,127 - utils.incremental_merge - INFO - Merge analysis: 10748 new, 19521 to update, 13935 unchanged
2026-06-07 15:08:17,270 - utils.incremental_merge - INFO - Adding 10748 completely new records
2026-06-07 15:09:40,822 - utils.incremental_merge - INFO - Updated 11133 records, preserved 8388 records
2026-06-07 15:09:50,110 - utils.incremental_merge - INFO - Merge complete: 44204 total records
2026-06-07 15:09:52,000 - root - INFO - Saved 44204 total records to data/collected/trains_20260607.csv
2026-06-07 15:09:52,003 - root - INFO - File size: 10821.46 KB
2026-06-07 15:09:52,537 - root - INFO - 
============================================================
2026-06-07 15:09:52,537 - root - INFO - COLLECTION SUMMARY
2026-06-07 15:09:52,538 - root - INFO - ============================================================
2026-06-07 15:09:52,538 - root - INFO - Total records: 30269
2026-06-07 15:09:52,539 - root - INFO - Unique trains: 2518
2026-06-07 15:09:52,539 - root - INFO - Unique routes: 409
2026-06-07 15:09:52,540 - root - INFO - Unique stations: 1301
2026-06-07 15:09:52,541 - root - INFO - 
Realtime data:
2026-06-07 15:09:52,541 - root - INFO -   - Modified states: 5897 (19.5%)
2026-06-07 15:09:52,541 - root - INFO -   - Records with delays: 4521 (14.9%)
2026-06-07 15:09:52,544 - root - INFO -   - Average delay: 6.0 minutes
2026-06-07 15:09:52,544 - root - INFO -   - Max delay: 79.0 minutes
2026-06-07 15:09:52,544 - root - INFO -   - Min delay: -5.0 minutes
2026-06-07 15:09:52,544 - root - INFO - ============================================================

2026-06-07 15:09:52,544 - __main__ - INFO - ============================================================
2026-06-07 15:09:52,545 - __main__ - INFO - COLLECTION COMPLETED SUCCESSFULLY
2026-06-07 15:09:52,545 - __main__ - INFO - ============================================================
