2026-06-06 17:30:23,091 - __main__ - INFO - ============================================================
2026-06-06 17:30:23,091 - __main__ - INFO - TRAIN DATA COLLECTION STARTED
2026-06-06 17:30:23,091 - __main__ - INFO - ============================================================
2026-06-06 17:30:23,091 - __main__ - INFO - Date: today
2026-06-06 17:30:23,091 - __main__ - INFO - Max routes: all
2026-06-06 17:30:23,091 - __main__ - INFO - Weather collection: disabled (use separate forecast collection)
2026-06-06 17:30:23,091 - __main__ - INFO - Mode: INCREMENTAL (merge)
2026-06-06 17:30:23,091 - __main__ - INFO - ============================================================

2026-06-06 17:30:23,091 - root - INFO - Collecting train data for 2026-06-06
2026-06-06 17:30:23,091 - root - INFO - Max routes: all
2026-06-06 17:59:56,195 - root - INFO - Fetched 2900 trains from API
2026-06-06 17:59:56,473 - root - INFO - Converted to DataFrame: 36879 rows × 23 columns
2026-06-06 17:59:56,481 - root - INFO - Filtered to relevant trains: 36879 → 31661 records (removed 5218 future departures)
2026-06-06 17:59:56,517 - root - INFO - Incremental save mode: 31661 new records
2026-06-06 17:59:56,727 - utils.incremental_merge - INFO - Loaded 56296 existing records from trains_20260606.csv
2026-06-06 17:59:57,560 - utils.incremental_merge - INFO - Merge analysis: 7033 new, 24628 to update, 31668 unchanged
2026-06-06 17:59:57,780 - utils.incremental_merge - INFO - Adding 7033 completely new records
2026-06-06 18:01:50,065 - utils.incremental_merge - INFO - Updated 15368 records, preserved 9260 records
2026-06-06 18:02:01,933 - utils.incremental_merge - INFO - Merge complete: 63329 total records
2026-06-06 18:02:04,302 - root - INFO - Saved 63329 total records to data/collected/trains_20260606.csv
2026-06-06 18:02:04,305 - root - INFO - File size: 15459.71 KB
2026-06-06 18:02:04,939 - root - INFO - 
============================================================
2026-06-06 18:02:04,939 - root - INFO - COLLECTION SUMMARY
2026-06-06 18:02:04,940 - root - INFO - ============================================================
2026-06-06 18:02:04,940 - root - INFO - Total records: 31661
2026-06-06 18:02:04,941 - root - INFO - Unique trains: 2589
2026-06-06 18:02:04,941 - root - INFO - Unique routes: 367
2026-06-06 18:02:04,942 - root - INFO - Unique stations: 1252
2026-06-06 18:02:04,943 - root - INFO - 
Realtime data:
2026-06-06 18:02:04,943 - root - INFO -   - Modified states: 4520 (14.3%)
2026-06-06 18:02:04,943 - root - INFO -   - Records with delays: 2897 (9.2%)
2026-06-06 18:02:04,946 - root - INFO -   - Average delay: 5.7 minutes
2026-06-06 18:02:04,946 - root - INFO -   - Max delay: 109.0 minutes
2026-06-06 18:02:04,946 - root - INFO -   - Min delay: -4.0 minutes
2026-06-06 18:02:04,946 - root - INFO - ============================================================

2026-06-06 18:02:04,946 - __main__ - INFO - ============================================================
2026-06-06 18:02:04,946 - __main__ - INFO - COLLECTION COMPLETED SUCCESSFULLY
2026-06-06 18:02:04,946 - __main__ - INFO - ============================================================
