2026-05-03 20:16:33,209 - __main__ - INFO - ============================================================
2026-05-03 20:16:33,209 - __main__ - INFO - TRAIN DATA COLLECTION STARTED
2026-05-03 20:16:33,209 - __main__ - INFO - ============================================================
2026-05-03 20:16:33,209 - __main__ - INFO - Date: today
2026-05-03 20:16:33,209 - __main__ - INFO - Max routes: all
2026-05-03 20:16:33,209 - __main__ - INFO - Weather collection: disabled (use separate forecast collection)
2026-05-03 20:16:33,209 - __main__ - INFO - Mode: INCREMENTAL (merge)
2026-05-03 20:16:33,209 - __main__ - INFO - ============================================================

2026-05-03 20:16:33,209 - root - INFO - Collecting train data for 2026-05-03
2026-05-03 20:16:33,209 - root - INFO - Max routes: all
2026-05-03 20:47:25,090 - root - INFO - Fetched 2978 trains from API
2026-05-03 20:47:25,370 - root - INFO - Converted to DataFrame: 39041 rows × 23 columns
2026-05-03 20:47:25,378 - root - INFO - Filtered to relevant trains: 39041 → 37647 records (removed 1394 future departures)
2026-05-03 20:47:25,411 - root - INFO - Incremental save mode: 37647 new records
2026-05-03 20:47:25,644 - utils.incremental_merge - INFO - Loaded 60372 existing records from trains_20260503.csv
2026-05-03 20:47:26,599 - utils.incremental_merge - INFO - Merge analysis: 7133 new, 30514 to update, 29858 unchanged
2026-05-03 20:47:26,811 - utils.incremental_merge - INFO - Adding 7133 completely new records
2026-05-03 20:50:18,295 - utils.incremental_merge - INFO - Updated 28944 records, preserved 1570 records
2026-05-03 20:50:29,537 - utils.incremental_merge - INFO - Merge complete: 67505 total records
2026-05-03 20:50:31,801 - root - INFO - Saved 67505 total records to data/collected/trains_20260503.csv
2026-05-03 20:50:31,802 - root - INFO - File size: 16450.44 KB
2026-05-03 20:50:32,447 - root - INFO - 
============================================================
2026-05-03 20:50:32,448 - root - INFO - COLLECTION SUMMARY
2026-05-03 20:50:32,448 - root - INFO - ============================================================
2026-05-03 20:50:32,448 - root - INFO - Total records: 37647
2026-05-03 20:50:32,449 - root - INFO - Unique trains: 2939
2026-05-03 20:50:32,450 - root - INFO - Unique routes: 429
2026-05-03 20:50:32,450 - root - INFO - Unique stations: 1360
2026-05-03 20:50:32,451 - root - INFO - 
Realtime data:
2026-05-03 20:50:32,451 - root - INFO -   - Modified states: 18329 (48.7%)
2026-05-03 20:50:32,451 - root - INFO -   - Records with delays: 13190 (35.0%)
2026-05-03 20:50:32,456 - root - INFO -   - Average delay: 3.8 minutes
2026-05-03 20:50:32,456 - root - INFO -   - Max delay: 101.0 minutes
2026-05-03 20:50:32,456 - root - INFO -   - Min delay: -25.0 minutes
2026-05-03 20:50:32,456 - root - INFO - ============================================================

2026-05-03 20:50:32,456 - __main__ - INFO - ============================================================
2026-05-03 20:50:32,456 - __main__ - INFO - COLLECTION COMPLETED SUCCESSFULLY
2026-05-03 20:50:32,456 - __main__ - INFO - ============================================================
