2026-09-03 00:57:44,647 - __main__ - INFO - ============================================================
2026-09-03 00:57:44,647 - __main__ - INFO - TRAIN DATA COLLECTION STARTED
2026-09-03 00:57:44,647 - __main__ - INFO - ============================================================
2026-09-03 00:57:44,647 - __main__ - INFO - Date: today
2026-09-03 00:57:44,647 - __main__ - INFO - Max routes: all
2026-09-03 00:57:44,647 - __main__ - INFO - Batch size: 10
2026-09-03 00:57:44,647 - __main__ - INFO - Max concurrent requests: 5
2026-09-03 00:57:44,647 - __main__ - INFO - Weather collection: disabled (use separate forecast collection)
2026-09-03 00:57:44,647 - __main__ - INFO - Mode: INCREMENTAL (merge)
2026-09-03 00:57:44,647 - __main__ - INFO - ============================================================

2026-09-03 00:57:44,647 - root - INFO - Collecting train data for 2026-09-03
2026-09-03 00:57:44,647 - root - INFO - Max routes: all
2026-09-03 00:57:44,647 - root - INFO - Batch size: 10
2026-09-03 00:57:44,647 - root - INFO - Max concurrent requests: 5
2026-09-03 00:57:44,647 - root - INFO - Request timeout (s): 10
2026-09-03 00:57:44,647 - root - INFO - Trying API endpoint: https://mavplusz.hu/otp2-backend/otp/gtfs/v1
2026-09-03 00:57:52,219 - root - INFO - Successfully connected to: https://mavplusz.hu/otp2-backend/otp/gtfs/v1
2026-09-03 01:07:22,448 - root - INFO - Fetched 158094 trains from API
2026-09-03 01:07:36,648 - root - INFO - Converted to DataFrame: 1828678 rows × 23 columns
2026-09-03 01:07:36,736 - root - INFO - Filtered to relevant trains: 1828678 → 38626 records (removed 1790052 future departures)
2026-09-03 01:07:37,702 - root - INFO - Incremental save mode: 38626 new records
2026-09-03 01:07:37,702 - utils.incremental_merge - INFO - No existing file at data/collected/trains_20260903.csv, returning new data
2026-09-03 01:07:38,186 - root - INFO - Saved 38626 total records to data/collected/trains_20260903.csv
2026-09-03 01:07:38,186 - root - INFO - File size: 13639.91 KB
2026-09-03 01:07:38,422 - root - INFO - 
============================================================
2026-09-03 01:07:38,422 - root - INFO - COLLECTION SUMMARY
2026-09-03 01:07:38,422 - root - INFO - ============================================================
2026-09-03 01:07:38,422 - root - INFO - Total records: 38626
2026-09-03 01:07:38,423 - root - INFO - Unique trains: 4849
2026-09-03 01:07:38,425 - root - INFO - Unique routes: 1341
2026-09-03 01:07:38,426 - root - INFO - Unique stations: 4516
2026-09-03 01:07:38,427 - root - INFO - 
Realtime data:
2026-09-03 01:07:38,427 - root - INFO -   - Modified states: 698 (1.8%)
2026-09-03 01:07:38,427 - root - INFO -   - Records with delays: 256 (0.7%)
2026-09-03 01:07:38,429 - root - INFO -   - Average delay: 2.2 minutes
2026-09-03 01:07:38,429 - root - INFO -   - Max delay: 63.0 minutes
2026-09-03 01:07:38,429 - root - INFO -   - Min delay: -59.0 minutes
2026-09-03 01:07:38,429 - root - INFO - ============================================================

2026-09-03 01:07:38,429 - __main__ - INFO - ============================================================
2026-09-03 01:07:38,429 - __main__ - INFO - COLLECTION COMPLETED SUCCESSFULLY
2026-09-03 01:07:38,429 - __main__ - INFO - ============================================================
