2026-04-30 03:11:17,605 - __main__ - INFO - ============================================================
2026-04-30 03:11:17,605 - __main__ - INFO - TRAIN DATA COLLECTION STARTED
2026-04-30 03:11:17,605 - __main__ - INFO - ============================================================
2026-04-30 03:11:17,605 - __main__ - INFO - Date: today
2026-04-30 03:11:17,605 - __main__ - INFO - Max routes: all
2026-04-30 03:11:17,605 - __main__ - INFO - Weather collection: disabled (use separate forecast collection)
2026-04-30 03:11:17,605 - __main__ - INFO - Mode: INCREMENTAL (merge)
2026-04-30 03:11:17,605 - __main__ - INFO - ============================================================

2026-04-30 03:11:17,606 - root - INFO - Collecting train data for 2026-04-30
2026-04-30 03:11:17,606 - root - INFO - Max routes: all
2026-04-30 03:42:25,417 - root - INFO - Fetched 3111 trains from API
2026-04-30 03:42:25,722 - root - INFO - Converted to DataFrame: 40923 rows × 23 columns
2026-04-30 03:42:25,727 - root - INFO - Filtered to relevant trains: 40923 → 3991 records (removed 36932 future departures)
2026-04-30 03:42:25,759 - root - INFO - Incremental save mode: 3991 new records
2026-04-30 03:42:25,759 - utils.incremental_merge - INFO - No existing file at data/collected/trains_20260430.csv, returning new data
2026-04-30 03:42:25,801 - root - INFO - Saved 3991 total records to data/collected/trains_20260430.csv
2026-04-30 03:42:25,801 - root - INFO - File size: 933.13 KB
2026-04-30 03:42:25,825 - root - INFO - 
============================================================
2026-04-30 03:42:25,825 - root - INFO - COLLECTION SUMMARY
2026-04-30 03:42:25,825 - root - INFO - ============================================================
2026-04-30 03:42:25,825 - root - INFO - Total records: 3991
2026-04-30 03:42:25,825 - root - INFO - Unique trains: 355
2026-04-30 03:42:25,825 - root - INFO - Unique routes: 151
2026-04-30 03:42:25,826 - root - INFO - Unique stations: 865
2026-04-30 03:42:25,826 - root - INFO - 
Realtime data:
2026-04-30 03:42:25,826 - root - INFO -   - Modified states: 2799 (70.1%)
2026-04-30 03:42:25,826 - root - INFO -   - Records with delays: 1227 (30.7%)
2026-04-30 03:42:25,828 - root - INFO -   - Average delay: 3.2 minutes
2026-04-30 03:42:25,828 - root - INFO -   - Max delay: 38.0 minutes
2026-04-30 03:42:25,828 - root - INFO -   - Min delay: -3.0 minutes
2026-04-30 03:42:25,828 - root - INFO - ============================================================

2026-04-30 03:42:25,828 - __main__ - INFO - ============================================================
2026-04-30 03:42:25,828 - __main__ - INFO - COLLECTION COMPLETED SUCCESSFULLY
2026-04-30 03:42:25,828 - __main__ - INFO - ============================================================
