2026-04-13 15:16:33,213 - __main__ - INFO - ============================================================
2026-04-13 15:16:33,213 - __main__ - INFO - TRAIN DATA COLLECTION STARTED
2026-04-13 15:16:33,213 - __main__ - INFO - ============================================================
2026-04-13 15:16:33,213 - __main__ - INFO - Date: today
2026-04-13 15:16:33,213 - __main__ - INFO - Max routes: all
2026-04-13 15:16:33,213 - __main__ - INFO - Weather collection: disabled (use separate forecast collection)
2026-04-13 15:16:33,213 - __main__ - INFO - Mode: INCREMENTAL (merge)
2026-04-13 15:16:33,213 - __main__ - INFO - ============================================================

2026-04-13 15:16:33,213 - root - INFO - Collecting train data for 2026-04-13
2026-04-13 15:16:33,213 - root - INFO - Max routes: all
2026-04-13 15:49:47,656 - root - INFO - Fetched 3332 trains from API
2026-04-13 15:49:47,965 - root - INFO - Converted to DataFrame: 41353 rows × 23 columns
2026-04-13 15:49:47,973 - root - INFO - Filtered to relevant trains: 41353 → 30736 records (removed 10617 future departures)
2026-04-13 15:49:48,010 - root - INFO - Incremental save mode: 30736 new records
2026-04-13 15:49:48,213 - utils.incremental_merge - INFO - Loaded 55615 existing records from trains_20260413.csv
2026-04-13 15:49:49,041 - utils.incremental_merge - INFO - Merge analysis: 11709 new, 19027 to update, 36588 unchanged
2026-04-13 15:49:49,312 - utils.incremental_merge - INFO - Adding 11709 completely new records
2026-04-13 15:51:09,790 - utils.incremental_merge - INFO - Updated 9151 records, preserved 9876 records
2026-04-13 15:51:18,166 - utils.incremental_merge - INFO - Merge complete: 67324 total records
2026-04-13 15:51:20,035 - root - INFO - Saved 67324 total records to data/collected/trains_20260413.csv
2026-04-13 15:51:20,036 - root - INFO - File size: 16287.00 KB
2026-04-13 15:51:20,567 - root - INFO - 
============================================================
2026-04-13 15:51:20,567 - root - INFO - COLLECTION SUMMARY
2026-04-13 15:51:20,567 - root - INFO - ============================================================
2026-04-13 15:51:20,567 - root - INFO - Total records: 30736
2026-04-13 15:51:20,568 - root - INFO - Unique trains: 2618
2026-04-13 15:51:20,569 - root - INFO - Unique routes: 384
2026-04-13 15:51:20,570 - root - INFO - Unique stations: 1322
2026-04-13 15:51:20,570 - root - INFO - 
Realtime data:
2026-04-13 15:51:20,570 - root - INFO -   - Modified states: 5360 (17.4%)
2026-04-13 15:51:20,570 - root - INFO -   - Records with delays: 3859 (12.6%)
2026-04-13 15:51:20,573 - root - INFO -   - Average delay: 3.3 minutes
2026-04-13 15:51:20,574 - root - INFO -   - Max delay: 28.0 minutes
2026-04-13 15:51:20,574 - root - INFO -   - Min delay: -28.0 minutes
2026-04-13 15:51:20,574 - root - INFO - ============================================================

2026-04-13 15:51:20,574 - __main__ - INFO - ============================================================
2026-04-13 15:51:20,574 - __main__ - INFO - COLLECTION COMPLETED SUCCESSFULLY
2026-04-13 15:51:20,574 - __main__ - INFO - ============================================================
