2026-03-22 23:27:47,734 - __main__ - INFO - ============================================================
2026-03-22 23:27:47,735 - __main__ - INFO - TRAIN DATA COLLECTION STARTED
2026-03-22 23:27:47,735 - __main__ - INFO - ============================================================
2026-03-22 23:27:47,735 - __main__ - INFO - Date: today
2026-03-22 23:27:47,735 - __main__ - INFO - Max routes: all
2026-03-22 23:27:47,735 - __main__ - INFO - Weather collection: disabled (use separate forecast collection)
2026-03-22 23:27:47,735 - __main__ - INFO - Mode: INCREMENTAL (merge)
2026-03-22 23:27:47,735 - __main__ - INFO - ============================================================

2026-03-22 23:27:47,735 - root - INFO - Collecting train data for 2026-03-22
2026-03-22 23:27:47,735 - root - INFO - Max routes: all
2026-03-23 00:08:58,498 - root - INFO - Fetched 4352 trains from API
2026-03-23 00:08:58,907 - root - INFO - Converted to DataFrame: 54649 rows × 23 columns
2026-03-23 00:08:58,915 - root - INFO - Filtered to relevant trains: 54649 → 23328 records (removed 31321 future departures)
2026-03-23 00:08:58,956 - root - INFO - Incremental save mode: 23328 new records
2026-03-23 00:08:58,956 - utils.incremental_merge - INFO - No existing file at data/collected/trains_20260323.csv, returning new data
2026-03-23 00:08:59,198 - root - INFO - Saved 23328 total records to data/collected/trains_20260323.csv
2026-03-23 00:08:59,199 - root - INFO - File size: 5672.26 KB
2026-03-23 00:08:59,301 - root - INFO - 
============================================================
2026-03-23 00:08:59,301 - root - INFO - COLLECTION SUMMARY
2026-03-23 00:08:59,301 - root - INFO - ============================================================
2026-03-23 00:08:59,301 - root - INFO - Total records: 23328
2026-03-23 00:08:59,302 - root - INFO - Unique trains: 1894
2026-03-23 00:08:59,302 - root - INFO - Unique routes: 317
2026-03-23 00:08:59,303 - root - INFO - Unique stations: 1050
2026-03-23 00:08:59,304 - root - INFO - 
Realtime data:
2026-03-23 00:08:59,304 - root - INFO -   - Modified states: 22988 (98.5%)
2026-03-23 00:08:59,304 - root - INFO -   - Records with delays: 15173 (65.0%)
2026-03-23 00:08:59,308 - root - INFO -   - Average delay: 3.7 minutes
2026-03-23 00:08:59,308 - root - INFO -   - Max delay: 150.0 minutes
2026-03-23 00:08:59,308 - root - INFO -   - Min delay: -28.0 minutes
2026-03-23 00:08:59,308 - root - INFO - ============================================================

2026-03-23 00:08:59,308 - __main__ - INFO - ============================================================
2026-03-23 00:08:59,308 - __main__ - INFO - COLLECTION COMPLETED SUCCESSFULLY
2026-03-23 00:08:59,308 - __main__ - INFO - ============================================================
