2026-05-13 20:38:24,586 - __main__ - INFO - ============================================================
2026-05-13 20:38:24,586 - __main__ - INFO - TRAIN DATA COLLECTION STARTED
2026-05-13 20:38:24,586 - __main__ - INFO - ============================================================
2026-05-13 20:38:24,586 - __main__ - INFO - Date: today
2026-05-13 20:38:24,586 - __main__ - INFO - Max routes: all
2026-05-13 20:38:24,586 - __main__ - INFO - Weather collection: disabled (use separate forecast collection)
2026-05-13 20:38:24,586 - __main__ - INFO - Mode: INCREMENTAL (merge)
2026-05-13 20:38:24,586 - __main__ - INFO - ============================================================

2026-05-13 20:38:24,586 - root - INFO - Collecting train data for 2026-05-13
2026-05-13 20:38:24,586 - root - INFO - Max routes: all
2026-05-13 21:17:50,331 - root - INFO - Fetched 3664 trains from API
2026-05-13 21:17:50,691 - root - INFO - Converted to DataFrame: 46857 rows × 23 columns
2026-05-13 21:17:50,700 - root - INFO - Filtered to relevant trains: 46857 → 45742 records (removed 1115 future departures)
2026-05-13 21:17:50,740 - root - INFO - Incremental save mode: 45742 new records
2026-05-13 21:17:50,965 - utils.incremental_merge - INFO - Loaded 58010 existing records from trains_20260513.csv
2026-05-13 21:17:52,010 - utils.incremental_merge - INFO - Merge analysis: 8783 new, 36959 to update, 21051 unchanged
2026-05-13 21:17:52,193 - utils.incremental_merge - INFO - Adding 8783 completely new records
2026-05-13 21:21:16,980 - utils.incremental_merge - INFO - Updated 20075 records, preserved 16884 records
2026-05-13 21:21:32,575 - utils.incremental_merge - INFO - Merge complete: 66793 total records
2026-05-13 21:21:35,523 - root - INFO - Saved 66793 total records to data/collected/trains_20260513.csv
2026-05-13 21:21:35,525 - root - INFO - File size: 16387.43 KB
2026-05-13 21:21:36,320 - root - INFO - 
============================================================
2026-05-13 21:21:36,320 - root - INFO - COLLECTION SUMMARY
2026-05-13 21:21:36,320 - root - INFO - ============================================================
2026-05-13 21:21:36,320 - root - INFO - Total records: 45742
2026-05-13 21:21:36,321 - root - INFO - Unique trains: 3647
2026-05-13 21:21:36,322 - root - INFO - Unique routes: 480
2026-05-13 21:21:36,323 - root - INFO - Unique stations: 1374
2026-05-13 21:21:36,324 - root - INFO - 
Realtime data:
2026-05-13 21:21:36,324 - root - INFO -   - Modified states: 4866 (10.6%)
2026-05-13 21:21:36,324 - root - INFO -   - Records with delays: 3184 (7.0%)
2026-05-13 21:21:36,327 - root - INFO -   - Average delay: 5.0 minutes
2026-05-13 21:21:36,327 - root - INFO -   - Max delay: 77.0 minutes
2026-05-13 21:21:36,327 - root - INFO -   - Min delay: -8.0 minutes
2026-05-13 21:21:36,327 - root - INFO - ============================================================

2026-05-13 21:21:36,327 - __main__ - INFO - ============================================================
2026-05-13 21:21:36,328 - __main__ - INFO - COLLECTION COMPLETED SUCCESSFULLY
2026-05-13 21:21:36,328 - __main__ - INFO - ============================================================
