2026-04-04 05:57:56,079 - __main__ - INFO - ============================================================
2026-04-04 05:57:56,079 - __main__ - INFO - TRAIN DATA COLLECTION STARTED
2026-04-04 05:57:56,079 - __main__ - INFO - ============================================================
2026-04-04 05:57:56,079 - __main__ - INFO - Date: today
2026-04-04 05:57:56,079 - __main__ - INFO - Max routes: all
2026-04-04 05:57:56,079 - __main__ - INFO - Weather collection: disabled (use separate forecast collection)
2026-04-04 05:57:56,079 - __main__ - INFO - Mode: INCREMENTAL (merge)
2026-04-04 05:57:56,079 - __main__ - INFO - ============================================================

2026-04-04 05:57:56,079 - root - INFO - Collecting train data for 2026-04-04
2026-04-04 05:57:56,079 - root - INFO - Max routes: all
2026-04-04 06:40:11,212 - root - INFO - Fetched 4469 trains from API
2026-04-04 06:40:11,613 - root - INFO - Converted to DataFrame: 55527 rows × 23 columns
2026-04-04 06:40:11,620 - root - INFO - Filtered to relevant trains: 55527 → 14702 records (removed 40825 future departures)
2026-04-04 06:40:11,660 - root - INFO - Incremental save mode: 14702 new records
2026-04-04 06:40:11,705 - utils.incremental_merge - INFO - Loaded 11440 existing records from trains_20260404.csv
2026-04-04 06:40:11,961 - utils.incremental_merge - INFO - Merge analysis: 7169 new, 7533 to update, 3907 unchanged
2026-04-04 06:40:12,025 - utils.incremental_merge - INFO - Adding 7169 completely new records
2026-04-04 06:40:48,398 - utils.incremental_merge - INFO - Updated 7202 records, preserved 331 records
2026-04-04 06:40:50,915 - utils.incremental_merge - INFO - Merge complete: 18609 total records
2026-04-04 06:40:51,447 - root - INFO - Saved 18609 total records to data/collected/trains_20260404.csv
2026-04-04 06:40:51,449 - root - INFO - File size: 4417.23 KB
2026-04-04 06:40:51,608 - root - INFO - 
============================================================
2026-04-04 06:40:51,609 - root - INFO - COLLECTION SUMMARY
2026-04-04 06:40:51,609 - root - INFO - ============================================================
2026-04-04 06:40:51,609 - root - INFO - Total records: 14702
2026-04-04 06:40:51,609 - root - INFO - Unique trains: 1333
2026-04-04 06:40:51,610 - root - INFO - Unique routes: 359
2026-04-04 06:40:51,610 - root - INFO - Unique stations: 1196
2026-04-04 06:40:51,611 - root - INFO - 
Realtime data:
2026-04-04 06:40:51,611 - root - INFO -   - Modified states: 6934 (47.2%)
2026-04-04 06:40:51,611 - root - INFO -   - Records with delays: 3875 (26.4%)
2026-04-04 06:40:51,614 - root - INFO -   - Average delay: 2.2 minutes
2026-04-04 06:40:51,614 - root - INFO -   - Max delay: 32.0 minutes
2026-04-04 06:40:51,614 - root - INFO -   - Min delay: -28.0 minutes
2026-04-04 06:40:51,614 - root - INFO - ============================================================

2026-04-04 06:40:51,614 - __main__ - INFO - ============================================================
2026-04-04 06:40:51,614 - __main__ - INFO - COLLECTION COMPLETED SUCCESSFULLY
2026-04-04 06:40:51,614 - __main__ - INFO - ============================================================
