2026-04-11 06:01:26,764 - __main__ - INFO - ============================================================
2026-04-11 06:01:26,764 - __main__ - INFO - TRAIN DATA COLLECTION STARTED
2026-04-11 06:01:26,764 - __main__ - INFO - ============================================================
2026-04-11 06:01:26,764 - __main__ - INFO - Date: today
2026-04-11 06:01:26,764 - __main__ - INFO - Max routes: all
2026-04-11 06:01:26,764 - __main__ - INFO - Weather collection: disabled (use separate forecast collection)
2026-04-11 06:01:26,764 - __main__ - INFO - Mode: INCREMENTAL (merge)
2026-04-11 06:01:26,764 - __main__ - INFO - ============================================================

2026-04-11 06:01:26,764 - root - INFO - Collecting train data for 2026-04-11
2026-04-11 06:01:26,764 - root - INFO - Max routes: all
2026-04-11 06:49:03,492 - root - INFO - Fetched 4527 trains from API
2026-04-11 06:49:03,871 - root - INFO - Converted to DataFrame: 55573 rows × 23 columns
2026-04-11 06:49:03,879 - root - INFO - Filtered to relevant trains: 55573 → 15591 records (removed 39982 future departures)
2026-04-11 06:49:03,909 - root - INFO - Incremental save mode: 15591 new records
2026-04-11 06:49:03,915 - utils.incremental_merge - INFO - Loaded 954 existing records from trains_20260411.csv
2026-04-11 06:49:04,067 - utils.incremental_merge - INFO - Merge analysis: 15591 new, 0 to update, 954 unchanged
2026-04-11 06:49:04,164 - utils.incremental_merge - INFO - Adding 15591 completely new records
2026-04-11 06:49:04,164 - utils.incremental_merge - INFO - Updated 0 records, preserved 0 records
2026-04-11 06:49:04,168 - utils.incremental_merge - INFO - Merge complete: 16545 total records
2026-04-11 06:49:04,326 - root - INFO - Saved 16545 total records to data/collected/trains_20260411.csv
2026-04-11 06:49:04,326 - root - INFO - File size: 3941.20 KB
2026-04-11 06:49:04,395 - root - INFO - 
============================================================
2026-04-11 06:49:04,395 - root - INFO - COLLECTION SUMMARY
2026-04-11 06:49:04,395 - root - INFO - ============================================================
2026-04-11 06:49:04,395 - root - INFO - Total records: 15591
2026-04-11 06:49:04,396 - root - INFO - Unique trains: 1413
2026-04-11 06:49:04,396 - root - INFO - Unique routes: 378
2026-04-11 06:49:04,396 - root - INFO - Unique stations: 1199
2026-04-11 06:49:04,397 - root - INFO - 
Realtime data:
2026-04-11 06:49:04,397 - root - INFO -   - Modified states: 5368 (34.4%)
2026-04-11 06:49:04,397 - root - INFO -   - Records with delays: 3246 (20.8%)
2026-04-11 06:49:04,399 - root - INFO -   - Average delay: 3.6 minutes
2026-04-11 06:49:04,400 - root - INFO -   - Max delay: 202.0 minutes
2026-04-11 06:49:04,400 - root - INFO -   - Min delay: -28.0 minutes
2026-04-11 06:49:04,400 - root - INFO - ============================================================

2026-04-11 06:49:04,400 - __main__ - INFO - ============================================================
2026-04-11 06:49:04,400 - __main__ - INFO - COLLECTION COMPLETED SUCCESSFULLY
2026-04-11 06:49:04,400 - __main__ - INFO - ============================================================
