2026-06-08 18:02:53,069 - __main__ - INFO - ============================================================
2026-06-08 18:02:53,069 - __main__ - INFO - TRAIN DATA COLLECTION STARTED
2026-06-08 18:02:53,069 - __main__ - INFO - ============================================================
2026-06-08 18:02:53,069 - __main__ - INFO - Date: today
2026-06-08 18:02:53,069 - __main__ - INFO - Max routes: all
2026-06-08 18:02:53,069 - __main__ - INFO - Weather collection: disabled (use separate forecast collection)
2026-06-08 18:02:53,069 - __main__ - INFO - Mode: INCREMENTAL (merge)
2026-06-08 18:02:53,069 - __main__ - INFO - ============================================================

2026-06-08 18:02:53,069 - root - INFO - Collecting train data for 2026-06-08
2026-06-08 18:02:53,069 - root - INFO - Max routes: all
2026-06-08 18:32:53,362 - root - INFO - Fetched 3530 trains from API
2026-06-08 18:32:53,699 - root - INFO - Converted to DataFrame: 44880 rows × 23 columns
2026-06-08 18:32:53,708 - root - INFO - Filtered to relevant trains: 44880 → 40010 records (removed 4870 future departures)
2026-06-08 18:32:53,751 - root - INFO - Incremental save mode: 40010 new records
2026-06-08 18:32:53,951 - utils.incremental_merge - INFO - Loaded 49066 existing records from trains_20260608.csv
2026-06-08 18:32:54,819 - utils.incremental_merge - INFO - Merge analysis: 9491 new, 30519 to update, 18547 unchanged
2026-06-08 18:32:54,989 - utils.incremental_merge - INFO - Adding 9491 completely new records
2026-06-08 18:35:37,473 - utils.incremental_merge - INFO - Updated 15789 records, preserved 14730 records
2026-06-08 18:35:50,346 - utils.incremental_merge - INFO - Merge complete: 58557 total records
2026-06-08 18:35:52,939 - root - INFO - Saved 58557 total records to data/collected/trains_20260608.csv
2026-06-08 18:35:52,940 - root - INFO - File size: 14393.43 KB
2026-06-08 18:35:53,743 - root - INFO - 
============================================================
2026-06-08 18:35:53,744 - root - INFO - COLLECTION SUMMARY
2026-06-08 18:35:53,744 - root - INFO - ============================================================
2026-06-08 18:35:53,744 - root - INFO - Total records: 40010
2026-06-08 18:35:53,745 - root - INFO - Unique trains: 3264
2026-06-08 18:35:53,746 - root - INFO - Unique routes: 476
2026-06-08 18:35:53,747 - root - INFO - Unique stations: 1357
2026-06-08 18:35:53,748 - root - INFO - 
Realtime data:
2026-06-08 18:35:53,748 - root - INFO -   - Modified states: 3970 (9.9%)
2026-06-08 18:35:53,748 - root - INFO -   - Records with delays: 2874 (7.2%)
2026-06-08 18:35:53,751 - root - INFO -   - Average delay: 6.0 minutes
2026-06-08 18:35:53,751 - root - INFO -   - Max delay: 54.0 minutes
2026-06-08 18:35:53,751 - root - INFO -   - Min delay: -5.0 minutes
2026-06-08 18:35:53,751 - root - INFO - ============================================================

2026-06-08 18:35:53,751 - __main__ - INFO - ============================================================
2026-06-08 18:35:53,751 - __main__ - INFO - COLLECTION COMPLETED SUCCESSFULLY
2026-06-08 18:35:53,751 - __main__ - INFO - ============================================================
