2026-04-12 17:35:30,112 - __main__ - INFO - ============================================================
2026-04-12 17:35:30,112 - __main__ - INFO - TRAIN DATA COLLECTION STARTED
2026-04-12 17:35:30,112 - __main__ - INFO - ============================================================
2026-04-12 17:35:30,112 - __main__ - INFO - Date: today
2026-04-12 17:35:30,112 - __main__ - INFO - Max routes: all
2026-04-12 17:35:30,112 - __main__ - INFO - Weather collection: disabled (use separate forecast collection)
2026-04-12 17:35:30,112 - __main__ - INFO - Mode: INCREMENTAL (merge)
2026-04-12 17:35:30,112 - __main__ - INFO - ============================================================

2026-04-12 17:35:30,112 - root - INFO - Collecting train data for 2026-04-12
2026-04-12 17:35:30,112 - root - INFO - Max routes: all
2026-04-12 18:27:56,388 - root - INFO - Fetched 4682 trains from API
2026-04-12 18:27:56,804 - root - INFO - Converted to DataFrame: 56694 rows × 23 columns
2026-04-12 18:27:56,814 - root - INFO - Filtered to relevant trains: 56694 → 49681 records (removed 7013 future departures)
2026-04-12 18:27:56,858 - root - INFO - Incremental save mode: 49681 new records
2026-04-12 18:27:57,152 - utils.incremental_merge - INFO - Loaded 77793 existing records from trains_20260412.csv
2026-04-12 18:27:58,393 - utils.incremental_merge - INFO - Merge analysis: 14885 new, 34796 to update, 42997 unchanged
2026-04-12 18:27:58,722 - utils.incremental_merge - INFO - Adding 14885 completely new records
2026-04-12 18:31:08,048 - utils.incremental_merge - INFO - Updated 25163 records, preserved 9633 records
2026-04-12 18:31:21,365 - utils.incremental_merge - INFO - Merge complete: 92678 total records
2026-04-12 18:31:24,130 - root - INFO - Saved 92678 total records to data/collected/trains_20260412.csv
2026-04-12 18:31:24,130 - root - INFO - File size: 22527.05 KB
2026-04-12 18:31:24,956 - root - INFO - 
============================================================
2026-04-12 18:31:24,956 - root - INFO - COLLECTION SUMMARY
2026-04-12 18:31:24,956 - root - INFO - ============================================================
2026-04-12 18:31:24,956 - root - INFO - Total records: 49681
2026-04-12 18:31:24,957 - root - INFO - Unique trains: 4277
2026-04-12 18:31:24,958 - root - INFO - Unique routes: 521
2026-04-12 18:31:24,959 - root - INFO - Unique stations: 1367
2026-04-12 18:31:24,960 - root - INFO - 
Realtime data:
2026-04-12 18:31:24,960 - root - INFO -   - Modified states: 13216 (26.6%)
2026-04-12 18:31:24,960 - root - INFO -   - Records with delays: 9831 (19.8%)
2026-04-12 18:31:24,965 - root - INFO -   - Average delay: 3.6 minutes
2026-04-12 18:31:24,965 - root - INFO -   - Max delay: 52.0 minutes
2026-04-12 18:31:24,965 - root - INFO -   - Min delay: -29.0 minutes
2026-04-12 18:31:24,965 - root - INFO - ============================================================

2026-04-12 18:31:24,965 - __main__ - INFO - ============================================================
2026-04-12 18:31:24,965 - __main__ - INFO - COLLECTION COMPLETED SUCCESSFULLY
2026-04-12 18:31:24,965 - __main__ - INFO - ============================================================
