2026-04-19 23:36:01,076 - __main__ - INFO - ============================================================
2026-04-19 23:36:01,077 - __main__ - INFO - TRAIN DATA COLLECTION STARTED
2026-04-19 23:36:01,077 - __main__ - INFO - ============================================================
2026-04-19 23:36:01,077 - __main__ - INFO - Date: today
2026-04-19 23:36:01,077 - __main__ - INFO - Max routes: all
2026-04-19 23:36:01,077 - __main__ - INFO - Weather collection: disabled (use separate forecast collection)
2026-04-19 23:36:01,077 - __main__ - INFO - Mode: INCREMENTAL (merge)
2026-04-19 23:36:01,077 - __main__ - INFO - ============================================================

2026-04-19 23:36:01,077 - root - INFO - Collecting train data for 2026-04-19
2026-04-19 23:36:01,077 - root - INFO - Max routes: all
2026-04-20 00:09:51,525 - root - INFO - Fetched 3753 trains from API
2026-04-20 00:09:51,856 - root - INFO - Converted to DataFrame: 44857 rows × 23 columns
2026-04-20 00:09:51,860 - root - INFO - Filtered to relevant trains: 44857 → 759 records (removed 44098 future departures)
2026-04-20 00:09:51,895 - root - INFO - Incremental save mode: 759 new records
2026-04-20 00:09:51,895 - utils.incremental_merge - INFO - No existing file at data/collected/trains_20260420.csv, returning new data
2026-04-20 00:09:51,905 - root - INFO - Saved 759 total records to data/collected/trains_20260420.csv
2026-04-20 00:09:51,905 - root - INFO - File size: 175.84 KB
2026-04-20 00:09:51,916 - root - INFO - 
============================================================
2026-04-20 00:09:51,916 - root - INFO - COLLECTION SUMMARY
2026-04-20 00:09:51,916 - root - INFO - ============================================================
2026-04-20 00:09:51,916 - root - INFO - Total records: 759
2026-04-20 00:09:51,917 - root - INFO - Unique trains: 53
2026-04-20 00:09:51,917 - root - INFO - Unique routes: 33
2026-04-20 00:09:51,917 - root - INFO - Unique stations: 404
2026-04-20 00:09:51,918 - root - INFO - 
Realtime data:
2026-04-20 00:09:51,918 - root - INFO -   - Modified states: 494 (65.1%)
2026-04-20 00:09:51,918 - root - INFO -   - Records with delays: 364 (48.0%)
2026-04-20 00:09:51,919 - root - INFO -   - Average delay: 7.0 minutes
2026-04-20 00:09:51,919 - root - INFO -   - Max delay: 53.0 minutes
2026-04-20 00:09:51,920 - root - INFO -   - Min delay: -3.0 minutes
2026-04-20 00:09:51,920 - root - INFO - ============================================================

2026-04-20 00:09:51,920 - __main__ - INFO - ============================================================
2026-04-20 00:09:51,920 - __main__ - INFO - COLLECTION COMPLETED SUCCESSFULLY
2026-04-20 00:09:51,920 - __main__ - INFO - ============================================================
