2026-04-19 08:53:57,862 - __main__ - INFO - ============================================================
2026-04-19 08:53:57,862 - __main__ - INFO - TRAIN DATA COLLECTION STARTED
2026-04-19 08:53:57,862 - __main__ - INFO - ============================================================
2026-04-19 08:53:57,862 - __main__ - INFO - Date: today
2026-04-19 08:53:57,862 - __main__ - INFO - Max routes: all
2026-04-19 08:53:57,862 - __main__ - INFO - Weather collection: disabled (use separate forecast collection)
2026-04-19 08:53:57,862 - __main__ - INFO - Mode: INCREMENTAL (merge)
2026-04-19 08:53:57,862 - __main__ - INFO - ============================================================

2026-04-19 08:53:57,862 - root - INFO - Collecting train data for 2026-04-19
2026-04-19 08:53:57,862 - root - INFO - Max routes: all
2026-04-19 09:27:42,696 - root - INFO - Fetched 3785 trains from API
2026-04-19 09:27:43,031 - root - INFO - Converted to DataFrame: 45107 rows × 23 columns
2026-04-19 09:27:43,038 - root - INFO - Filtered to relevant trains: 45107 → 17623 records (removed 27484 future departures)
2026-04-19 09:27:43,074 - root - INFO - Incremental save mode: 17623 new records
2026-04-19 09:27:43,144 - utils.incremental_merge - INFO - Loaded 18556 existing records from trains_20260419.csv
2026-04-19 09:27:43,511 - utils.incremental_merge - INFO - Merge analysis: 7394 new, 10229 to update, 8327 unchanged
2026-04-19 09:27:43,605 - utils.incremental_merge - INFO - Adding 7394 completely new records
2026-04-19 09:28:35,213 - utils.incremental_merge - INFO - Updated 9650 records, preserved 579 records
2026-04-19 09:28:38,836 - utils.incremental_merge - INFO - Merge complete: 25950 total records
2026-04-19 09:28:39,590 - root - INFO - Saved 25950 total records to data/collected/trains_20260419.csv
2026-04-19 09:28:39,591 - root - INFO - File size: 6242.06 KB
2026-04-19 09:28:39,811 - root - INFO - 
============================================================
2026-04-19 09:28:39,811 - root - INFO - COLLECTION SUMMARY
2026-04-19 09:28:39,811 - root - INFO - ============================================================
2026-04-19 09:28:39,811 - root - INFO - Total records: 17623
2026-04-19 09:28:39,812 - root - INFO - Unique trains: 1619
2026-04-19 09:28:39,812 - root - INFO - Unique routes: 375
2026-04-19 09:28:39,813 - root - INFO - Unique stations: 1215
2026-04-19 09:28:39,813 - root - INFO - 
Realtime data:
2026-04-19 09:28:39,814 - root - INFO -   - Modified states: 7906 (44.9%)
2026-04-19 09:28:39,814 - root - INFO -   - Records with delays: 5167 (29.3%)
2026-04-19 09:28:39,816 - root - INFO -   - Average delay: 2.2 minutes
2026-04-19 09:28:39,816 - root - INFO -   - Max delay: 28.0 minutes
2026-04-19 09:28:39,817 - root - INFO -   - Min delay: -5.0 minutes
2026-04-19 09:28:39,817 - root - INFO - ============================================================

2026-04-19 09:28:39,817 - __main__ - INFO - ============================================================
2026-04-19 09:28:39,817 - __main__ - INFO - COLLECTION COMPLETED SUCCESSFULLY
2026-04-19 09:28:39,817 - __main__ - INFO - ============================================================
