2026-03-24 11:45:33,427 - __main__ - INFO - ============================================================
2026-03-24 11:45:33,427 - __main__ - INFO - TRAIN DATA COLLECTION STARTED
2026-03-24 11:45:33,427 - __main__ - INFO - ============================================================
2026-03-24 11:45:33,427 - __main__ - INFO - Date: today
2026-03-24 11:45:33,427 - __main__ - INFO - Max routes: all
2026-03-24 11:45:33,427 - __main__ - INFO - Weather collection: disabled (use separate forecast collection)
2026-03-24 11:45:33,428 - __main__ - INFO - Mode: INCREMENTAL (merge)
2026-03-24 11:45:33,428 - __main__ - INFO - ============================================================

2026-03-24 11:45:33,428 - root - INFO - Collecting train data for 2026-03-24
2026-03-24 11:45:33,428 - root - INFO - Max routes: all
2026-03-24 12:20:06,476 - root - INFO - Fetched 3344 trains from API
2026-03-24 12:20:06,797 - root - INFO - Converted to DataFrame: 42671 rows × 23 columns
2026-03-24 12:20:06,804 - root - INFO - Filtered to relevant trains: 42671 → 22452 records (removed 20219 future departures)
2026-03-24 12:20:06,839 - root - INFO - Incremental save mode: 22452 new records
2026-03-24 12:20:06,947 - utils.incremental_merge - INFO - Loaded 27619 existing records from trains_20260324.csv
2026-03-24 12:20:07,434 - utils.incremental_merge - INFO - Merge analysis: 9291 new, 13161 to update, 14458 unchanged
2026-03-24 12:20:07,570 - utils.incremental_merge - INFO - Adding 9291 completely new records
2026-03-24 12:21:13,702 - utils.incremental_merge - INFO - Updated 12440 records, preserved 721 records
2026-03-24 12:21:18,249 - utils.incremental_merge - INFO - Merge complete: 36910 total records
2026-03-24 12:21:19,282 - root - INFO - Saved 36910 total records to data/collected/trains_20260324.csv
2026-03-24 12:21:19,283 - root - INFO - File size: 8762.29 KB
2026-03-24 12:21:19,666 - root - INFO - 
============================================================
2026-03-24 12:21:19,666 - root - INFO - COLLECTION SUMMARY
2026-03-24 12:21:19,666 - root - INFO - ============================================================
2026-03-24 12:21:19,667 - root - INFO - Total records: 22452
2026-03-24 12:21:19,667 - root - INFO - Unique trains: 1932
2026-03-24 12:21:19,668 - root - INFO - Unique routes: 322
2026-03-24 12:21:19,669 - root - INFO - Unique stations: 1209
2026-03-24 12:21:19,669 - root - INFO - 
Realtime data:
2026-03-24 12:21:19,669 - root - INFO -   - Modified states: 9921 (44.2%)
2026-03-24 12:21:19,670 - root - INFO -   - Records with delays: 6918 (30.8%)
2026-03-24 12:21:19,673 - root - INFO -   - Average delay: 2.8 minutes
2026-03-24 12:21:19,673 - root - INFO -   - Max delay: 55.0 minutes
2026-03-24 12:21:19,673 - root - INFO -   - Min delay: -28.0 minutes
2026-03-24 12:21:19,673 - root - INFO - ============================================================

2026-03-24 12:21:19,673 - __main__ - INFO - ============================================================
2026-03-24 12:21:19,673 - __main__ - INFO - COLLECTION COMPLETED SUCCESSFULLY
2026-03-24 12:21:19,673 - __main__ - INFO - ============================================================
