2026-05-06 23:21:49,275 - __main__ - INFO - ============================================================
2026-05-06 23:21:49,275 - __main__ - INFO - TRAIN DATA COLLECTION STARTED
2026-05-06 23:21:49,275 - __main__ - INFO - ============================================================
2026-05-06 23:21:49,275 - __main__ - INFO - Date: today
2026-05-06 23:21:49,275 - __main__ - INFO - Max routes: all
2026-05-06 23:21:49,275 - __main__ - INFO - Weather collection: disabled (use separate forecast collection)
2026-05-06 23:21:49,275 - __main__ - INFO - Mode: INCREMENTAL (merge)
2026-05-06 23:21:49,275 - __main__ - INFO - ============================================================

2026-05-06 23:21:49,275 - root - INFO - Collecting train data for 2026-05-06
2026-05-06 23:21:49,276 - root - INFO - Max routes: all
2026-05-07 00:11:07,327 - root - INFO - Fetched 4650 trains from API
2026-05-07 00:11:07,762 - root - INFO - Converted to DataFrame: 60384 rows × 23 columns
2026-05-07 00:11:07,767 - root - INFO - Filtered to relevant trains: 60384 → 1451 records (removed 58933 future departures)
2026-05-07 00:11:07,809 - root - INFO - Incremental save mode: 1451 new records
2026-05-07 00:11:07,809 - utils.incremental_merge - INFO - No existing file at data/collected/trains_20260507.csv, returning new data
2026-05-07 00:11:07,826 - root - INFO - Saved 1451 total records to data/collected/trains_20260507.csv
2026-05-07 00:11:07,826 - root - INFO - File size: 322.60 KB
2026-05-07 00:11:07,839 - root - INFO - 
============================================================
2026-05-07 00:11:07,839 - root - INFO - COLLECTION SUMMARY
2026-05-07 00:11:07,840 - root - INFO - ============================================================
2026-05-07 00:11:07,840 - root - INFO - Total records: 1451
2026-05-07 00:11:07,840 - root - INFO - Unique trains: 96
2026-05-07 00:11:07,840 - root - INFO - Unique routes: 49
2026-05-07 00:11:07,841 - root - INFO - Unique stations: 490
2026-05-07 00:11:07,841 - root - INFO - 
Realtime data:
2026-05-07 00:11:07,841 - root - INFO -   - Modified states: 1214 (83.7%)
2026-05-07 00:11:07,841 - root - INFO -   - Records with delays: 757 (52.2%)
2026-05-07 00:11:07,843 - root - INFO -   - Average delay: 4.3 minutes
2026-05-07 00:11:07,843 - root - INFO -   - Max delay: 60.0 minutes
2026-05-07 00:11:07,843 - root - INFO -   - Min delay: -4.0 minutes
2026-05-07 00:11:07,843 - root - INFO - ============================================================

2026-05-07 00:11:07,843 - __main__ - INFO - ============================================================
2026-05-07 00:11:07,843 - __main__ - INFO - COLLECTION COMPLETED SUCCESSFULLY
2026-05-07 00:11:07,843 - __main__ - INFO - ============================================================
