2026-06-02 21:08:31,864 - __main__ - INFO - ============================================================
2026-06-02 21:08:31,864 - __main__ - INFO - TRAIN DATA COLLECTION STARTED
2026-06-02 21:08:31,864 - __main__ - INFO - ============================================================
2026-06-02 21:08:31,864 - __main__ - INFO - Date: today
2026-06-02 21:08:31,864 - __main__ - INFO - Max routes: all
2026-06-02 21:08:31,864 - __main__ - INFO - Weather collection: disabled (use separate forecast collection)
2026-06-02 21:08:31,864 - __main__ - INFO - Mode: INCREMENTAL (merge)
2026-06-02 21:08:31,864 - __main__ - INFO - ============================================================

2026-06-02 21:08:31,864 - root - INFO - Collecting train data for 2026-06-02
2026-06-02 21:08:31,864 - root - INFO - Max routes: all
2026-06-02 22:00:11,585 - root - INFO - Fetched 5135 trains from API
2026-06-02 22:00:11,959 - root - INFO - Converted to DataFrame: 64406 rows × 23 columns
2026-06-02 22:00:11,969 - root - INFO - Filtered to relevant trains: 64406 → 63300 records (removed 1106 future departures)
2026-06-02 22:00:12,017 - root - INFO - Incremental save mode: 63300 new records
2026-06-02 22:00:12,263 - utils.incremental_merge - INFO - Loaded 64703 existing records from trains_20260602.csv
2026-06-02 22:00:13,205 - utils.incremental_merge - INFO - Merge analysis: 9708 new, 53592 to update, 11111 unchanged
2026-06-02 22:00:13,301 - utils.incremental_merge - INFO - Adding 9708 completely new records
2026-06-02 22:03:28,496 - utils.incremental_merge - INFO - Updated 31648 records, preserved 21944 records
2026-06-02 22:03:50,471 - utils.incremental_merge - INFO - Merge complete: 74411 total records
2026-06-02 22:03:54,348 - root - INFO - Saved 74411 total records to data/collected/trains_20260602.csv
2026-06-02 22:03:54,351 - root - INFO - File size: 18290.27 KB
2026-06-02 22:03:55,321 - root - INFO - 
============================================================
2026-06-02 22:03:55,321 - root - INFO - COLLECTION SUMMARY
2026-06-02 22:03:55,321 - root - INFO - ============================================================
2026-06-02 22:03:55,321 - root - INFO - Total records: 63300
2026-06-02 22:03:55,322 - root - INFO - Unique trains: 5133
2026-06-02 22:03:55,323 - root - INFO - Unique routes: 540
2026-06-02 22:03:55,324 - root - INFO - Unique stations: 1384
2026-06-02 22:03:55,325 - root - INFO - 
Realtime data:
2026-06-02 22:03:55,325 - root - INFO -   - Modified states: 3094 (4.9%)
2026-06-02 22:03:55,325 - root - INFO -   - Records with delays: 2356 (3.7%)
2026-06-02 22:03:55,327 - root - INFO -   - Average delay: 4.5 minutes
2026-06-02 22:03:55,327 - root - INFO -   - Max delay: 32.0 minutes
2026-06-02 22:03:55,327 - root - INFO -   - Min delay: -22.0 minutes
2026-06-02 22:03:55,327 - root - INFO - ============================================================

2026-06-02 22:03:55,327 - __main__ - INFO - ============================================================
2026-06-02 22:03:55,327 - __main__ - INFO - COLLECTION COMPLETED SUCCESSFULLY
2026-06-02 22:03:55,327 - __main__ - INFO - ============================================================
