2026-04-06 23:36:06,453 - __main__ - INFO - ============================================================
2026-04-06 23:36:06,453 - __main__ - INFO - TRAIN DATA COLLECTION STARTED
2026-04-06 23:36:06,453 - __main__ - INFO - ============================================================
2026-04-06 23:36:06,453 - __main__ - INFO - Date: today
2026-04-06 23:36:06,453 - __main__ - INFO - Max routes: all
2026-04-06 23:36:06,453 - __main__ - INFO - Weather collection: disabled (use separate forecast collection)
2026-04-06 23:36:06,453 - __main__ - INFO - Mode: INCREMENTAL (merge)
2026-04-06 23:36:06,453 - __main__ - INFO - ============================================================

2026-04-06 23:36:06,453 - root - INFO - Collecting train data for 2026-04-06
2026-04-06 23:36:06,453 - root - INFO - Max routes: all
2026-04-07 00:10:34,680 - root - INFO - Fetched 3867 trains from API
2026-04-07 00:10:35,032 - root - INFO - Converted to DataFrame: 48625 rows × 23 columns
2026-04-07 00:10:35,037 - root - INFO - Filtered to relevant trains: 48625 → 1045 records (removed 47580 future departures)
2026-04-07 00:10:35,074 - root - INFO - Incremental save mode: 1045 new records
2026-04-07 00:10:35,075 - utils.incremental_merge - INFO - No existing file at data/collected/trains_20260407.csv, returning new data
2026-04-07 00:10:35,087 - root - INFO - Saved 1045 total records to data/collected/trains_20260407.csv
2026-04-07 00:10:35,087 - root - INFO - File size: 236.34 KB
2026-04-07 00:10:35,099 - root - INFO - 
============================================================
2026-04-07 00:10:35,099 - root - INFO - COLLECTION SUMMARY
2026-04-07 00:10:35,099 - root - INFO - ============================================================
2026-04-07 00:10:35,099 - root - INFO - Total records: 1045
2026-04-07 00:10:35,100 - root - INFO - Unique trains: 73
2026-04-07 00:10:35,100 - root - INFO - Unique routes: 32
2026-04-07 00:10:35,100 - root - INFO - Unique stations: 419
2026-04-07 00:10:35,101 - root - INFO - 
Realtime data:
2026-04-07 00:10:35,101 - root - INFO -   - Modified states: 614 (58.8%)
2026-04-07 00:10:35,101 - root - INFO -   - Records with delays: 424 (40.6%)
2026-04-07 00:10:35,102 - root - INFO -   - Average delay: 6.3 minutes
2026-04-07 00:10:35,102 - root - INFO -   - Max delay: 35.0 minutes
2026-04-07 00:10:35,102 - root - INFO -   - Min delay: -10.0 minutes
2026-04-07 00:10:35,102 - root - INFO - ============================================================

2026-04-07 00:10:35,102 - __main__ - INFO - ============================================================
2026-04-07 00:10:35,103 - __main__ - INFO - COLLECTION COMPLETED SUCCESSFULLY
2026-04-07 00:10:35,103 - __main__ - INFO - ============================================================
