2026-04-17 17:49:48,542 - __main__ - INFO - ============================================================
2026-04-17 17:49:48,542 - __main__ - INFO - TRAIN DATA COLLECTION STARTED
2026-04-17 17:49:48,542 - __main__ - INFO - ============================================================
2026-04-17 17:49:48,542 - __main__ - INFO - Date: today
2026-04-17 17:49:48,542 - __main__ - INFO - Max routes: all
2026-04-17 17:49:48,542 - __main__ - INFO - Weather collection: disabled (use separate forecast collection)
2026-04-17 17:49:48,542 - __main__ - INFO - Mode: INCREMENTAL (merge)
2026-04-17 17:49:48,542 - __main__ - INFO - ============================================================

2026-04-17 17:49:48,542 - root - INFO - Collecting train data for 2026-04-17
2026-04-17 17:49:48,542 - root - INFO - Max routes: all
2026-04-17 18:21:44,165 - root - INFO - Fetched 3662 trains from API
2026-04-17 18:21:44,474 - root - INFO - Converted to DataFrame: 43870 rows × 23 columns
2026-04-17 18:21:44,483 - root - INFO - Filtered to relevant trains: 43870 → 38241 records (removed 5629 future departures)
2026-04-17 18:21:44,518 - root - INFO - Incremental save mode: 38241 new records
2026-04-17 18:21:44,699 - utils.incremental_merge - INFO - Loaded 47105 existing records from trains_20260417.csv
2026-04-17 18:21:45,510 - utils.incremental_merge - INFO - Merge analysis: 11400 new, 26841 to update, 20264 unchanged
2026-04-17 18:21:45,695 - utils.incremental_merge - INFO - Adding 11400 completely new records
2026-04-17 18:24:04,731 - utils.incremental_merge - INFO - Updated 20161 records, preserved 6680 records
2026-04-17 18:24:12,552 - utils.incremental_merge - INFO - Merge complete: 58505 total records
2026-04-17 18:24:14,546 - root - INFO - Saved 58505 total records to data/collected/trains_20260417.csv
2026-04-17 18:24:14,547 - root - INFO - File size: 14257.04 KB
2026-04-17 18:24:15,093 - root - INFO - 
============================================================
2026-04-17 18:24:15,093 - root - INFO - COLLECTION SUMMARY
2026-04-17 18:24:15,093 - root - INFO - ============================================================
2026-04-17 18:24:15,093 - root - INFO - Total records: 38241
2026-04-17 18:24:15,094 - root - INFO - Unique trains: 3322
2026-04-17 18:24:15,095 - root - INFO - Unique routes: 473
2026-04-17 18:24:15,096 - root - INFO - Unique stations: 1351
2026-04-17 18:24:15,097 - root - INFO - 
Realtime data:
2026-04-17 18:24:15,097 - root - INFO -   - Modified states: 12182 (31.9%)
2026-04-17 18:24:15,097 - root - INFO -   - Records with delays: 8318 (21.8%)
2026-04-17 18:24:15,100 - root - INFO -   - Average delay: 3.4 minutes
2026-04-17 18:24:15,101 - root - INFO -   - Max delay: 85.0 minutes
2026-04-17 18:24:15,101 - root - INFO -   - Min delay: -29.0 minutes
2026-04-17 18:24:15,101 - root - INFO - ============================================================

2026-04-17 18:24:15,101 - __main__ - INFO - ============================================================
2026-04-17 18:24:15,101 - __main__ - INFO - COLLECTION COMPLETED SUCCESSFULLY
2026-04-17 18:24:15,101 - __main__ - INFO - ============================================================
