2026-05-12 03:11:03,965 - __main__ - INFO - ============================================================
2026-05-12 03:11:03,965 - __main__ - INFO - TRAIN DATA COLLECTION STARTED
2026-05-12 03:11:03,965 - __main__ - INFO - ============================================================
2026-05-12 03:11:03,965 - __main__ - INFO - Date: today
2026-05-12 03:11:03,965 - __main__ - INFO - Max routes: all
2026-05-12 03:11:03,965 - __main__ - INFO - Weather collection: disabled (use separate forecast collection)
2026-05-12 03:11:03,966 - __main__ - INFO - Mode: INCREMENTAL (merge)
2026-05-12 03:11:03,966 - __main__ - INFO - ============================================================

2026-05-12 03:11:03,966 - root - INFO - Collecting train data for 2026-05-12
2026-05-12 03:11:03,966 - root - INFO - Max routes: all
2026-05-12 03:47:53,712 - root - INFO - Fetched 3911 trains from API
2026-05-12 03:47:54,073 - root - INFO - Converted to DataFrame: 50491 rows × 23 columns
2026-05-12 03:47:54,079 - root - INFO - Filtered to relevant trains: 50491 → 5293 records (removed 45198 future departures)
2026-05-12 03:47:54,116 - root - INFO - Incremental save mode: 5293 new records
2026-05-12 03:47:54,127 - utils.incremental_merge - INFO - Loaded 1962 existing records from trains_20260512.csv
2026-05-12 03:47:54,200 - utils.incremental_merge - INFO - Merge analysis: 5293 new, 0 to update, 1962 unchanged
2026-05-12 03:47:54,241 - utils.incremental_merge - INFO - Adding 5293 completely new records
2026-05-12 03:47:54,241 - utils.incremental_merge - INFO - Updated 0 records, preserved 0 records
2026-05-12 03:47:54,244 - utils.incremental_merge - INFO - Merge complete: 7255 total records
2026-05-12 03:47:54,314 - root - INFO - Saved 7255 total records to data/collected/trains_20260512.csv
2026-05-12 03:47:54,314 - root - INFO - File size: 1703.46 KB
2026-05-12 03:47:54,353 - root - INFO - 
============================================================
2026-05-12 03:47:54,353 - root - INFO - COLLECTION SUMMARY
2026-05-12 03:47:54,353 - root - INFO - ============================================================
2026-05-12 03:47:54,353 - root - INFO - Total records: 5293
2026-05-12 03:47:54,353 - root - INFO - Unique trains: 482
2026-05-12 03:47:54,354 - root - INFO - Unique routes: 210
2026-05-12 03:47:54,354 - root - INFO - Unique stations: 1004
2026-05-12 03:47:54,355 - root - INFO - 
Realtime data:
2026-05-12 03:47:54,355 - root - INFO -   - Modified states: 3363 (63.5%)
2026-05-12 03:47:54,355 - root - INFO -   - Records with delays: 1571 (29.7%)
2026-05-12 03:47:54,357 - root - INFO -   - Average delay: 3.4 minutes
2026-05-12 03:47:54,357 - root - INFO -   - Max delay: 41.0 minutes
2026-05-12 03:47:54,357 - root - INFO -   - Min delay: -4.0 minutes
2026-05-12 03:47:54,357 - root - INFO - ============================================================

2026-05-12 03:47:54,357 - __main__ - INFO - ============================================================
2026-05-12 03:47:54,357 - __main__ - INFO - COLLECTION COMPLETED SUCCESSFULLY
2026-05-12 03:47:54,357 - __main__ - INFO - ============================================================
