2026-06-12 09:29:27,495 - __main__ - INFO - ============================================================
2026-06-12 09:29:27,495 - __main__ - INFO - TRAIN DATA COLLECTION STARTED
2026-06-12 09:29:27,495 - __main__ - INFO - ============================================================
2026-06-12 09:29:27,495 - __main__ - INFO - Date: today
2026-06-12 09:29:27,495 - __main__ - INFO - Max routes: all
2026-06-12 09:29:27,496 - __main__ - INFO - Weather collection: disabled (use separate forecast collection)
2026-06-12 09:29:27,496 - __main__ - INFO - Mode: INCREMENTAL (merge)
2026-06-12 09:29:27,496 - __main__ - INFO - ============================================================

2026-06-12 09:29:27,496 - root - INFO - Collecting train data for 2026-06-12
2026-06-12 09:29:27,496 - root - INFO - Max routes: all
2026-06-12 10:01:17,061 - root - INFO - Fetched 2942 trains from API
2026-06-12 10:01:17,344 - root - INFO - Converted to DataFrame: 39229 rows × 23 columns
2026-06-12 10:01:17,351 - root - INFO - Filtered to relevant trains: 39229 → 17148 records (removed 22081 future departures)
2026-06-12 10:01:17,386 - root - INFO - Incremental save mode: 17148 new records
2026-06-12 10:01:17,465 - utils.incremental_merge - INFO - Loaded 20709 existing records from trains_20260612.csv
2026-06-12 10:01:17,835 - utils.incremental_merge - INFO - Merge analysis: 6940 new, 10208 to update, 10501 unchanged
2026-06-12 10:01:17,939 - utils.incremental_merge - INFO - Adding 6940 completely new records
2026-06-12 10:02:06,442 - utils.incremental_merge - INFO - Updated 4572 records, preserved 5636 records
2026-06-12 10:02:10,707 - utils.incremental_merge - INFO - Merge complete: 27649 total records
2026-06-12 10:02:11,601 - root - INFO - Saved 27649 total records to data/collected/trains_20260612.csv
2026-06-12 10:02:11,602 - root - INFO - File size: 6623.05 KB
2026-06-12 10:02:11,850 - root - INFO - 
============================================================
2026-06-12 10:02:11,850 - root - INFO - COLLECTION SUMMARY
2026-06-12 10:02:11,850 - root - INFO - ============================================================
2026-06-12 10:02:11,850 - root - INFO - Total records: 17148
2026-06-12 10:02:11,851 - root - INFO - Unique trains: 1367
2026-06-12 10:02:11,852 - root - INFO - Unique routes: 307
2026-06-12 10:02:11,852 - root - INFO - Unique stations: 1187
2026-06-12 10:02:11,853 - root - INFO - 
Realtime data:
2026-06-12 10:02:11,853 - root - INFO -   - Modified states: 2732 (15.9%)
2026-06-12 10:02:11,853 - root - INFO -   - Records with delays: 1891 (11.0%)
2026-06-12 10:02:11,856 - root - INFO -   - Average delay: 6.1 minutes
2026-06-12 10:02:11,856 - root - INFO -   - Max delay: 52.0 minutes
2026-06-12 10:02:11,856 - root - INFO -   - Min delay: -4.0 minutes
2026-06-12 10:02:11,856 - root - INFO - ============================================================

2026-06-12 10:02:11,856 - __main__ - INFO - ============================================================
2026-06-12 10:02:11,856 - __main__ - INFO - COLLECTION COMPLETED SUCCESSFULLY
2026-06-12 10:02:11,856 - __main__ - INFO - ============================================================
