2026-05-27 03:13:20,804 - __main__ - INFO - ============================================================
2026-05-27 03:13:20,804 - __main__ - INFO - TRAIN DATA COLLECTION STARTED
2026-05-27 03:13:20,804 - __main__ - INFO - ============================================================
2026-05-27 03:13:20,804 - __main__ - INFO - Date: today
2026-05-27 03:13:20,804 - __main__ - INFO - Max routes: all
2026-05-27 03:13:20,804 - __main__ - INFO - Weather collection: disabled (use separate forecast collection)
2026-05-27 03:13:20,805 - __main__ - INFO - Mode: INCREMENTAL (merge)
2026-05-27 03:13:20,805 - __main__ - INFO - ============================================================

2026-05-27 03:13:20,805 - root - INFO - Collecting train data for 2026-05-27
2026-05-27 03:13:20,805 - root - INFO - Max routes: all
2026-05-27 03:45:45,465 - root - INFO - Fetched 3065 trains from API
2026-05-27 03:45:45,744 - root - INFO - Converted to DataFrame: 37860 rows × 23 columns
2026-05-27 03:45:45,749 - root - INFO - Filtered to relevant trains: 37860 → 3536 records (removed 34324 future departures)
2026-05-27 03:45:45,783 - root - INFO - Incremental save mode: 3536 new records
2026-05-27 03:45:45,789 - utils.incremental_merge - INFO - Loaded 806 existing records from trains_20260527.csv
2026-05-27 03:45:45,835 - utils.incremental_merge - INFO - Merge analysis: 3536 new, 0 to update, 806 unchanged
2026-05-27 03:45:45,862 - utils.incremental_merge - INFO - Adding 3536 completely new records
2026-05-27 03:45:45,862 - utils.incremental_merge - INFO - Updated 0 records, preserved 0 records
2026-05-27 03:45:45,865 - utils.incremental_merge - INFO - Merge complete: 4342 total records
2026-05-27 03:45:45,913 - root - INFO - Saved 4342 total records to data/collected/trains_20260527.csv
2026-05-27 03:45:45,914 - root - INFO - File size: 1062.64 KB
2026-05-27 03:45:45,942 - root - INFO - 
============================================================
2026-05-27 03:45:45,943 - root - INFO - COLLECTION SUMMARY
2026-05-27 03:45:45,943 - root - INFO - ============================================================
2026-05-27 03:45:45,943 - root - INFO - Total records: 3536
2026-05-27 03:45:45,943 - root - INFO - Unique trains: 343
2026-05-27 03:45:45,943 - root - INFO - Unique routes: 163
2026-05-27 03:45:45,944 - root - INFO - Unique stations: 888
2026-05-27 03:45:45,944 - root - INFO - 
Realtime data:
2026-05-27 03:45:45,945 - root - INFO -   - Modified states: 2136 (60.4%)
2026-05-27 03:45:45,945 - root - INFO -   - Records with delays: 1000 (28.3%)
2026-05-27 03:45:45,946 - root - INFO -   - Average delay: 1.8 minutes
2026-05-27 03:45:45,947 - root - INFO -   - Max delay: 25.0 minutes
2026-05-27 03:45:45,947 - root - INFO -   - Min delay: -3.0 minutes
2026-05-27 03:45:45,947 - root - INFO - ============================================================

2026-05-27 03:45:45,947 - __main__ - INFO - ============================================================
2026-05-27 03:45:45,947 - __main__ - INFO - COLLECTION COMPLETED SUCCESSFULLY
2026-05-27 03:45:45,947 - __main__ - INFO - ============================================================
