2026-05-09 03:10:35,849 - __main__ - INFO - ============================================================
2026-05-09 03:10:35,849 - __main__ - INFO - TRAIN DATA COLLECTION STARTED
2026-05-09 03:10:35,849 - __main__ - INFO - ============================================================
2026-05-09 03:10:35,849 - __main__ - INFO - Date: today
2026-05-09 03:10:35,849 - __main__ - INFO - Max routes: all
2026-05-09 03:10:35,849 - __main__ - INFO - Weather collection: disabled (use separate forecast collection)
2026-05-09 03:10:35,849 - __main__ - INFO - Mode: INCREMENTAL (merge)
2026-05-09 03:10:35,849 - __main__ - INFO - ============================================================

2026-05-09 03:10:35,849 - root - INFO - Collecting train data for 2026-05-09
2026-05-09 03:10:35,849 - root - INFO - Max routes: all
2026-05-09 03:57:49,817 - root - INFO - Fetched 4787 trains from API
2026-05-09 03:57:50,256 - root - INFO - Converted to DataFrame: 62283 rows × 23 columns
2026-05-09 03:57:50,263 - root - INFO - Filtered to relevant trains: 62283 → 7243 records (removed 55040 future departures)
2026-05-09 03:57:50,304 - root - INFO - Incremental save mode: 7243 new records
2026-05-09 03:57:50,348 - utils.incremental_merge - INFO - Loaded 11280 existing records from trains_20260509.csv
2026-05-09 03:57:50,531 - utils.incremental_merge - INFO - Merge analysis: 7243 new, 0 to update, 11280 unchanged
2026-05-09 03:57:50,632 - utils.incremental_merge - INFO - Adding 7243 completely new records
2026-05-09 03:57:50,632 - utils.incremental_merge - INFO - Updated 0 records, preserved 0 records
2026-05-09 03:57:50,637 - utils.incremental_merge - INFO - Merge complete: 18523 total records
2026-05-09 03:57:50,796 - root - INFO - Saved 18523 total records to data/collected/trains_20260509.csv
2026-05-09 03:57:50,796 - root - INFO - File size: 4374.23 KB
2026-05-09 03:57:50,876 - root - INFO - 
============================================================
2026-05-09 03:57:50,876 - root - INFO - COLLECTION SUMMARY
2026-05-09 03:57:50,876 - root - INFO - ============================================================
2026-05-09 03:57:50,876 - root - INFO - Total records: 7243
2026-05-09 03:57:50,876 - root - INFO - Unique trains: 672
2026-05-09 03:57:50,877 - root - INFO - Unique routes: 278
2026-05-09 03:57:50,877 - root - INFO - Unique stations: 1079
2026-05-09 03:57:50,878 - root - INFO - 
Realtime data:
2026-05-09 03:57:50,878 - root - INFO -   - Modified states: 3831 (52.9%)
2026-05-09 03:57:50,878 - root - INFO -   - Records with delays: 1565 (21.6%)
2026-05-09 03:57:50,880 - root - INFO -   - Average delay: 1.7 minutes
2026-05-09 03:57:50,880 - root - INFO -   - Max delay: 49.0 minutes
2026-05-09 03:57:50,880 - root - INFO -   - Min delay: -28.0 minutes
2026-05-09 03:57:50,880 - root - INFO - ============================================================

2026-05-09 03:57:50,880 - __main__ - INFO - ============================================================
2026-05-09 03:57:50,880 - __main__ - INFO - COLLECTION COMPLETED SUCCESSFULLY
2026-05-09 03:57:50,880 - __main__ - INFO - ============================================================
