2026-04-12 23:35:07,607 - __main__ - INFO - ============================================================
2026-04-12 23:35:07,607 - __main__ - INFO - TRAIN DATA COLLECTION STARTED
2026-04-12 23:35:07,607 - __main__ - INFO - ============================================================
2026-04-12 23:35:07,607 - __main__ - INFO - Date: today
2026-04-12 23:35:07,607 - __main__ - INFO - Max routes: all
2026-04-12 23:35:07,607 - __main__ - INFO - Weather collection: disabled (use separate forecast collection)
2026-04-12 23:35:07,607 - __main__ - INFO - Mode: INCREMENTAL (merge)
2026-04-12 23:35:07,607 - __main__ - INFO - ============================================================

2026-04-12 23:35:07,607 - root - INFO - Collecting train data for 2026-04-12
2026-04-12 23:35:07,607 - root - INFO - Max routes: all
2026-04-13 00:08:08,636 - root - INFO - Fetched 3742 trains from API
2026-04-13 00:08:08,983 - root - INFO - Converted to DataFrame: 45922 rows × 23 columns
2026-04-13 00:08:08,991 - root - INFO - Filtered to relevant trains: 45922 → 21149 records (removed 24773 future departures)
2026-04-13 00:08:09,030 - root - INFO - Incremental save mode: 21149 new records
2026-04-13 00:08:09,030 - utils.incremental_merge - INFO - No existing file at data/collected/trains_20260413.csv, returning new data
2026-04-13 00:08:09,247 - root - INFO - Saved 21149 total records to data/collected/trains_20260413.csv
2026-04-13 00:08:09,247 - root - INFO - File size: 5103.91 KB
2026-04-13 00:08:09,338 - root - INFO - 
============================================================
2026-04-13 00:08:09,338 - root - INFO - COLLECTION SUMMARY
2026-04-13 00:08:09,338 - root - INFO - ============================================================
2026-04-13 00:08:09,338 - root - INFO - Total records: 21149
2026-04-13 00:08:09,339 - root - INFO - Unique trains: 1692
2026-04-13 00:08:09,339 - root - INFO - Unique routes: 262
2026-04-13 00:08:09,340 - root - INFO - Unique stations: 951
2026-04-13 00:08:09,341 - root - INFO - 
Realtime data:
2026-04-13 00:08:09,341 - root - INFO -   - Modified states: 20913 (98.9%)
2026-04-13 00:08:09,341 - root - INFO -   - Records with delays: 13680 (64.7%)
2026-04-13 00:08:09,345 - root - INFO -   - Average delay: 3.1 minutes
2026-04-13 00:08:09,345 - root - INFO -   - Max delay: 53.0 minutes
2026-04-13 00:08:09,345 - root - INFO -   - Min delay: -7.0 minutes
2026-04-13 00:08:09,345 - root - INFO - ============================================================

2026-04-13 00:08:09,345 - __main__ - INFO - ============================================================
2026-04-13 00:08:09,345 - __main__ - INFO - COLLECTION COMPLETED SUCCESSFULLY
2026-04-13 00:08:09,345 - __main__ - INFO - ============================================================
