2026-04-28 03:10:35,312 - __main__ - INFO - ============================================================
2026-04-28 03:10:35,312 - __main__ - INFO - TRAIN DATA COLLECTION STARTED
2026-04-28 03:10:35,313 - __main__ - INFO - ============================================================
2026-04-28 03:10:35,313 - __main__ - INFO - Date: today
2026-04-28 03:10:35,313 - __main__ - INFO - Max routes: all
2026-04-28 03:10:35,313 - __main__ - INFO - Weather collection: disabled (use separate forecast collection)
2026-04-28 03:10:35,313 - __main__ - INFO - Mode: INCREMENTAL (merge)
2026-04-28 03:10:35,313 - __main__ - INFO - ============================================================

2026-04-28 03:10:35,313 - root - INFO - Collecting train data for 2026-04-28
2026-04-28 03:10:35,313 - root - INFO - Max routes: all
2026-04-28 03:49:21,294 - root - INFO - Fetched 3898 trains from API
2026-04-28 03:49:21,629 - root - INFO - Converted to DataFrame: 49814 rows × 23 columns
2026-04-28 03:49:21,635 - root - INFO - Filtered to relevant trains: 49814 → 5904 records (removed 43910 future departures)
2026-04-28 03:49:21,662 - root - INFO - Incremental save mode: 5904 new records
2026-04-28 03:49:21,669 - utils.incremental_merge - INFO - Loaded 881 existing records from trains_20260428.csv
2026-04-28 03:49:21,733 - utils.incremental_merge - INFO - Merge analysis: 5904 new, 0 to update, 881 unchanged
2026-04-28 03:49:21,773 - utils.incremental_merge - INFO - Adding 5904 completely new records
2026-04-28 03:49:21,773 - utils.incremental_merge - INFO - Updated 0 records, preserved 0 records
2026-04-28 03:49:21,776 - utils.incremental_merge - INFO - Merge complete: 6785 total records
2026-04-28 03:49:21,840 - root - INFO - Saved 6785 total records to data/collected/trains_20260428.csv
2026-04-28 03:49:21,840 - root - INFO - File size: 1596.71 KB
2026-04-28 03:49:21,873 - root - INFO - 
============================================================
2026-04-28 03:49:21,873 - root - INFO - COLLECTION SUMMARY
2026-04-28 03:49:21,873 - root - INFO - ============================================================
2026-04-28 03:49:21,873 - root - INFO - Total records: 5904
2026-04-28 03:49:21,874 - root - INFO - Unique trains: 528
2026-04-28 03:49:21,874 - root - INFO - Unique routes: 236
2026-04-28 03:49:21,874 - root - INFO - Unique stations: 1045
2026-04-28 03:49:21,875 - root - INFO - 
Realtime data:
2026-04-28 03:49:21,875 - root - INFO -   - Modified states: 3712 (62.9%)
2026-04-28 03:49:21,875 - root - INFO -   - Records with delays: 1772 (30.0%)
2026-04-28 03:49:21,877 - root - INFO -   - Average delay: 1.9 minutes
2026-04-28 03:49:21,877 - root - INFO -   - Max delay: 15.0 minutes
2026-04-28 03:49:21,877 - root - INFO -   - Min delay: -5.0 minutes
2026-04-28 03:49:21,877 - root - INFO - ============================================================

2026-04-28 03:49:21,877 - __main__ - INFO - ============================================================
2026-04-28 03:49:21,877 - __main__ - INFO - COLLECTION COMPLETED SUCCESSFULLY
2026-04-28 03:49:21,877 - __main__ - INFO - ============================================================
