2026-05-09 11:21:59,603 - __main__ - INFO - ============================================================
2026-05-09 11:21:59,603 - __main__ - INFO - TRAIN DATA COLLECTION STARTED
2026-05-09 11:21:59,603 - __main__ - INFO - ============================================================
2026-05-09 11:21:59,603 - __main__ - INFO - Date: today
2026-05-09 11:21:59,603 - __main__ - INFO - Max routes: all
2026-05-09 11:21:59,603 - __main__ - INFO - Weather collection: disabled (use separate forecast collection)
2026-05-09 11:21:59,603 - __main__ - INFO - Mode: INCREMENTAL (merge)
2026-05-09 11:21:59,603 - __main__ - INFO - ============================================================

2026-05-09 11:21:59,603 - root - INFO - Collecting train data for 2026-05-09
2026-05-09 11:21:59,603 - root - INFO - Max routes: all
2026-05-09 12:05:23,446 - root - INFO - Fetched 4204 trains from API
2026-05-09 12:05:23,852 - root - INFO - Converted to DataFrame: 53423 rows × 23 columns
2026-05-09 12:05:23,861 - root - INFO - Filtered to relevant trains: 53423 → 28085 records (removed 25338 future departures)
2026-05-09 12:05:23,906 - root - INFO - Incremental save mode: 28085 new records
2026-05-09 12:05:24,044 - utils.incremental_merge - INFO - Loaded 36409 existing records from trains_20260509.csv
2026-05-09 12:05:24,685 - utils.incremental_merge - INFO - Merge analysis: 10538 new, 17547 to update, 18862 unchanged
2026-05-09 12:05:24,851 - utils.incremental_merge - INFO - Adding 10538 completely new records
2026-05-09 12:06:45,102 - utils.incremental_merge - INFO - Updated 14558 records, preserved 2989 records
2026-05-09 12:06:51,065 - utils.incremental_merge - INFO - Merge complete: 46947 total records
2026-05-09 12:06:52,678 - root - INFO - Saved 46947 total records to data/collected/trains_20260509.csv
2026-05-09 12:06:52,679 - root - INFO - File size: 11258.98 KB
2026-05-09 12:06:53,102 - root - INFO - 
============================================================
2026-05-09 12:06:53,103 - root - INFO - COLLECTION SUMMARY
2026-05-09 12:06:53,103 - root - INFO - ============================================================
2026-05-09 12:06:53,103 - root - INFO - Total records: 28085
2026-05-09 12:06:53,104 - root - INFO - Unique trains: 2375
2026-05-09 12:06:53,104 - root - INFO - Unique routes: 385
2026-05-09 12:06:53,105 - root - INFO - Unique stations: 1296
2026-05-09 12:06:53,106 - root - INFO - 
Realtime data:
2026-05-09 12:06:53,106 - root - INFO -   - Modified states: 11114 (39.6%)
2026-05-09 12:06:53,106 - root - INFO -   - Records with delays: 7324 (26.1%)
2026-05-09 12:06:53,110 - root - INFO -   - Average delay: 3.3 minutes
2026-05-09 12:06:53,110 - root - INFO -   - Max delay: 99.0 minutes
2026-05-09 12:06:53,110 - root - INFO -   - Min delay: -29.0 minutes
2026-05-09 12:06:53,110 - root - INFO - ============================================================

2026-05-09 12:06:53,110 - __main__ - INFO - ============================================================
2026-05-09 12:06:53,110 - __main__ - INFO - COLLECTION COMPLETED SUCCESSFULLY
2026-05-09 12:06:53,110 - __main__ - INFO - ============================================================
