2026-05-20 09:13:12,506 - __main__ - INFO - ============================================================
2026-05-20 09:13:12,506 - __main__ - INFO - TRAIN DATA COLLECTION STARTED
2026-05-20 09:13:12,506 - __main__ - INFO - ============================================================
2026-05-20 09:13:12,506 - __main__ - INFO - Date: today
2026-05-20 09:13:12,506 - __main__ - INFO - Max routes: all
2026-05-20 09:13:12,506 - __main__ - INFO - Weather collection: disabled (use separate forecast collection)
2026-05-20 09:13:12,506 - __main__ - INFO - Mode: INCREMENTAL (merge)
2026-05-20 09:13:12,506 - __main__ - INFO - ============================================================

2026-05-20 09:13:12,507 - root - INFO - Collecting train data for 2026-05-20
2026-05-20 09:13:12,507 - root - INFO - Max routes: all
2026-05-20 09:54:18,158 - root - INFO - Fetched 3666 trains from API
2026-05-20 09:54:18,489 - root - INFO - Converted to DataFrame: 46970 rows × 23 columns
2026-05-20 09:54:18,499 - root - INFO - Filtered to relevant trains: 46970 → 19686 records (removed 27284 future departures)
2026-05-20 09:54:18,525 - root - INFO - Incremental save mode: 19686 new records
2026-05-20 09:54:18,590 - utils.incremental_merge - INFO - Loaded 17763 existing records from trains_20260520.csv
2026-05-20 09:54:18,934 - utils.incremental_merge - INFO - Merge analysis: 9049 new, 10637 to update, 7126 unchanged
2026-05-20 09:54:19,038 - utils.incremental_merge - INFO - Adding 9049 completely new records
2026-05-20 09:55:02,532 - utils.incremental_merge - INFO - Updated 5306 records, preserved 5331 records
2026-05-20 09:55:05,715 - utils.incremental_merge - INFO - Merge complete: 26812 total records
2026-05-20 09:55:06,494 - root - INFO - Saved 26812 total records to data/collected/trains_20260520.csv
2026-05-20 09:55:06,496 - root - INFO - File size: 6496.40 KB
2026-05-20 09:55:06,731 - root - INFO - 
============================================================
2026-05-20 09:55:06,732 - root - INFO - COLLECTION SUMMARY
2026-05-20 09:55:06,732 - root - INFO - ============================================================
2026-05-20 09:55:06,732 - root - INFO - Total records: 19686
2026-05-20 09:55:06,732 - root - INFO - Unique trains: 1678
2026-05-20 09:55:06,733 - root - INFO - Unique routes: 325
2026-05-20 09:55:06,734 - root - INFO - Unique stations: 1182
2026-05-20 09:55:06,734 - root - INFO - 
Realtime data:
2026-05-20 09:55:06,734 - root - INFO -   - Modified states: 4710 (23.9%)
2026-05-20 09:55:06,734 - root - INFO -   - Records with delays: 3308 (16.8%)
2026-05-20 09:55:06,737 - root - INFO -   - Average delay: 5.1 minutes
2026-05-20 09:55:06,737 - root - INFO -   - Max delay: 61.0 minutes
2026-05-20 09:55:06,737 - root - INFO -   - Min delay: -28.0 minutes
2026-05-20 09:55:06,737 - root - INFO - ============================================================

2026-05-20 09:55:06,737 - __main__ - INFO - ============================================================
2026-05-20 09:55:06,737 - __main__ - INFO - COLLECTION COMPLETED SUCCESSFULLY
2026-05-20 09:55:06,737 - __main__ - INFO - ============================================================
