2026-06-12 17:49:36,773 - __main__ - INFO - ============================================================
2026-06-12 17:49:36,773 - __main__ - INFO - TRAIN DATA COLLECTION STARTED
2026-06-12 17:49:36,774 - __main__ - INFO - ============================================================
2026-06-12 17:49:36,774 - __main__ - INFO - Date: today
2026-06-12 17:49:36,774 - __main__ - INFO - Max routes: all
2026-06-12 17:49:36,774 - __main__ - INFO - Weather collection: disabled (use separate forecast collection)
2026-06-12 17:49:36,774 - __main__ - INFO - Mode: INCREMENTAL (merge)
2026-06-12 17:49:36,774 - __main__ - INFO - ============================================================

2026-06-12 17:49:36,774 - root - INFO - Collecting train data for 2026-06-12
2026-06-12 17:49:36,774 - root - INFO - Max routes: all
2026-06-12 18:37:54,013 - root - INFO - Fetched 4864 trains from API
2026-06-12 18:37:54,469 - root - INFO - Converted to DataFrame: 62678 rows × 23 columns
2026-06-12 18:37:54,481 - root - INFO - Filtered to relevant trains: 62678 → 55478 records (removed 7200 future departures)
2026-06-12 18:37:54,528 - root - INFO - Incremental save mode: 55478 new records
2026-06-12 18:37:54,724 - utils.incremental_merge - INFO - Loaded 53242 existing records from trains_20260612.csv
2026-06-12 18:37:55,794 - utils.incremental_merge - INFO - Merge analysis: 12914 new, 42564 to update, 10678 unchanged
2026-06-12 18:37:55,939 - utils.incremental_merge - INFO - Adding 12914 completely new records
2026-06-12 18:41:54,052 - utils.incremental_merge - INFO - Updated 23053 records, preserved 19511 records
2026-06-12 18:42:12,968 - utils.incremental_merge - INFO - Merge complete: 66156 total records
2026-06-12 18:42:16,455 - root - INFO - Saved 66156 total records to data/collected/trains_20260612.csv
2026-06-12 18:42:16,458 - root - INFO - File size: 16148.94 KB
2026-06-12 18:42:17,442 - root - INFO - 
============================================================
2026-06-12 18:42:17,443 - root - INFO - COLLECTION SUMMARY
2026-06-12 18:42:17,443 - root - INFO - ============================================================
2026-06-12 18:42:17,443 - root - INFO - Total records: 55478
2026-06-12 18:42:17,444 - root - INFO - Unique trains: 4510
2026-06-12 18:42:17,445 - root - INFO - Unique routes: 529
2026-06-12 18:42:17,446 - root - INFO - Unique stations: 1365
2026-06-12 18:42:17,447 - root - INFO - 
Realtime data:
2026-06-12 18:42:17,448 - root - INFO -   - Modified states: 5486 (9.9%)
2026-06-12 18:42:17,448 - root - INFO -   - Records with delays: 4120 (7.4%)
2026-06-12 18:42:17,452 - root - INFO -   - Average delay: 6.8 minutes
2026-06-12 18:42:17,452 - root - INFO -   - Max delay: 51.0 minutes
2026-06-12 18:42:17,452 - root - INFO -   - Min delay: -28.0 minutes
2026-06-12 18:42:17,452 - root - INFO - ============================================================

2026-06-12 18:42:17,452 - __main__ - INFO - ============================================================
2026-06-12 18:42:17,452 - __main__ - INFO - COLLECTION COMPLETED SUCCESSFULLY
2026-06-12 18:42:17,452 - __main__ - INFO - ============================================================
