2026-05-25 06:34:23,513 - __main__ - INFO - ============================================================
2026-05-25 06:34:23,513 - __main__ - INFO - TRAIN DATA COLLECTION STARTED
2026-05-25 06:34:23,513 - __main__ - INFO - ============================================================
2026-05-25 06:34:23,513 - __main__ - INFO - Date: today
2026-05-25 06:34:23,513 - __main__ - INFO - Max routes: all
2026-05-25 06:34:23,513 - __main__ - INFO - Weather collection: disabled (use separate forecast collection)
2026-05-25 06:34:23,513 - __main__ - INFO - Mode: INCREMENTAL (merge)
2026-05-25 06:34:23,513 - __main__ - INFO - ============================================================

2026-05-25 06:34:23,514 - root - INFO - Collecting train data for 2026-05-25
2026-05-25 06:34:23,514 - root - INFO - Max routes: all
2026-05-25 07:07:10,229 - root - INFO - Fetched 3141 trains from API
2026-05-25 07:07:10,514 - root - INFO - Converted to DataFrame: 39430 rows × 23 columns
2026-05-25 07:07:10,520 - root - INFO - Filtered to relevant trains: 39430 → 10784 records (removed 28646 future departures)
2026-05-25 07:07:10,553 - root - INFO - Incremental save mode: 10784 new records
2026-05-25 07:07:10,578 - utils.incremental_merge - INFO - Loaded 5857 existing records from trains_20260525.csv
2026-05-25 07:07:10,745 - utils.incremental_merge - INFO - Merge analysis: 8719 new, 2065 to update, 3792 unchanged
2026-05-25 07:07:10,819 - utils.incremental_merge - INFO - Adding 8719 completely new records
2026-05-25 07:07:20,101 - utils.incremental_merge - INFO - Updated 943 records, preserved 1122 records
2026-05-25 07:07:20,728 - utils.incremental_merge - INFO - Merge complete: 14576 total records
2026-05-25 07:07:20,972 - root - INFO - Saved 14576 total records to data/collected/trains_20260525.csv
2026-05-25 07:07:20,972 - root - INFO - File size: 3545.57 KB
2026-05-25 07:07:21,060 - root - INFO - 
============================================================
2026-05-25 07:07:21,060 - root - INFO - COLLECTION SUMMARY
2026-05-25 07:07:21,060 - root - INFO - ============================================================
2026-05-25 07:07:21,060 - root - INFO - Total records: 10784
2026-05-25 07:07:21,061 - root - INFO - Unique trains: 970
2026-05-25 07:07:21,061 - root - INFO - Unique routes: 273
2026-05-25 07:07:21,062 - root - INFO - Unique stations: 1121
2026-05-25 07:07:21,062 - root - INFO - 
Realtime data:
2026-05-25 07:07:21,062 - root - INFO -   - Modified states: 3436 (31.9%)
2026-05-25 07:07:21,062 - root - INFO -   - Records with delays: 1875 (17.4%)
2026-05-25 07:07:21,065 - root - INFO -   - Average delay: 2.0 minutes
2026-05-25 07:07:21,065 - root - INFO -   - Max delay: 33.0 minutes
2026-05-25 07:07:21,065 - root - INFO -   - Min delay: -28.0 minutes
2026-05-25 07:07:21,065 - root - INFO - ============================================================

2026-05-25 07:07:21,065 - __main__ - INFO - ============================================================
2026-05-25 07:07:21,065 - __main__ - INFO - COLLECTION COMPLETED SUCCESSFULLY
2026-05-25 07:07:21,065 - __main__ - INFO - ============================================================
