2026-05-31 11:36:10,705 - __main__ - INFO - ============================================================
2026-05-31 11:36:10,705 - __main__ - INFO - TRAIN DATA COLLECTION STARTED
2026-05-31 11:36:10,705 - __main__ - INFO - ============================================================
2026-05-31 11:36:10,705 - __main__ - INFO - Date: today
2026-05-31 11:36:10,705 - __main__ - INFO - Max routes: all
2026-05-31 11:36:10,705 - __main__ - INFO - Weather collection: disabled (use separate forecast collection)
2026-05-31 11:36:10,706 - __main__ - INFO - Mode: INCREMENTAL (merge)
2026-05-31 11:36:10,706 - __main__ - INFO - ============================================================

2026-05-31 11:36:10,706 - root - INFO - Collecting train data for 2026-05-31
2026-05-31 11:36:10,706 - root - INFO - Max routes: all
2026-05-31 12:12:36,294 - root - INFO - Fetched 3703 trains from API
2026-05-31 12:12:36,621 - root - INFO - Converted to DataFrame: 46254 rows × 23 columns
2026-05-31 12:12:36,631 - root - INFO - Filtered to relevant trains: 46254 → 24722 records (removed 21532 future departures)
2026-05-31 12:12:36,659 - root - INFO - Incremental save mode: 24722 new records
2026-05-31 12:12:36,763 - utils.incremental_merge - INFO - Loaded 27749 existing records from trains_20260531.csv
2026-05-31 12:12:37,249 - utils.incremental_merge - INFO - Merge analysis: 8523 new, 16199 to update, 11550 unchanged
2026-05-31 12:12:37,380 - utils.incremental_merge - INFO - Adding 8523 completely new records
2026-05-31 12:13:45,722 - utils.incremental_merge - INFO - Updated 9259 records, preserved 6940 records
2026-05-31 12:13:50,512 - utils.incremental_merge - INFO - Merge complete: 36272 total records
2026-05-31 12:13:51,653 - root - INFO - Saved 36272 total records to data/collected/trains_20260531.csv
2026-05-31 12:13:51,655 - root - INFO - File size: 8868.50 KB
2026-05-31 12:13:52,023 - root - INFO - 
============================================================
2026-05-31 12:13:52,023 - root - INFO - COLLECTION SUMMARY
2026-05-31 12:13:52,023 - root - INFO - ============================================================
2026-05-31 12:13:52,023 - root - INFO - Total records: 24722
2026-05-31 12:13:52,024 - root - INFO - Unique trains: 2121
2026-05-31 12:13:52,025 - root - INFO - Unique routes: 361
2026-05-31 12:13:52,025 - root - INFO - Unique stations: 1216
2026-05-31 12:13:52,026 - root - INFO - 
Realtime data:
2026-05-31 12:13:52,026 - root - INFO -   - Modified states: 2900 (11.7%)
2026-05-31 12:13:52,026 - root - INFO -   - Records with delays: 2006 (8.1%)
2026-05-31 12:13:52,028 - root - INFO -   - Average delay: 8.3 minutes
2026-05-31 12:13:52,028 - root - INFO -   - Max delay: 117.0 minutes
2026-05-31 12:13:52,028 - root - INFO -   - Min delay: -29.0 minutes
2026-05-31 12:13:52,028 - root - INFO - ============================================================

2026-05-31 12:13:52,028 - __main__ - INFO - ============================================================
2026-05-31 12:13:52,029 - __main__ - INFO - COLLECTION COMPLETED SUCCESSFULLY
2026-05-31 12:13:52,029 - __main__ - INFO - ============================================================
