2026-09-10 00:52:15,534 - __main__ - INFO - ============================================================
2026-09-10 00:52:15,534 - __main__ - INFO - TRAIN DATA COLLECTION STARTED
2026-09-10 00:52:15,534 - __main__ - INFO - ============================================================
2026-09-10 00:52:15,534 - __main__ - INFO - Date: today
2026-09-10 00:52:15,534 - __main__ - INFO - Max routes: all
2026-09-10 00:52:15,534 - __main__ - INFO - Batch size: 10
2026-09-10 00:52:15,534 - __main__ - INFO - Max concurrent requests: 5
2026-09-10 00:52:15,534 - __main__ - INFO - Weather collection: disabled (use separate forecast collection)
2026-09-10 00:52:15,534 - __main__ - INFO - Mode: INCREMENTAL (merge)
2026-09-10 00:52:15,534 - __main__ - INFO - ============================================================

2026-09-10 00:52:15,534 - root - INFO - Collecting train data for 2026-09-10
2026-09-10 00:52:15,534 - root - INFO - Max routes: all
2026-09-10 00:52:15,534 - root - INFO - Batch size: 10
2026-09-10 00:52:15,534 - root - INFO - Max concurrent requests: 5
2026-09-10 00:52:15,534 - root - INFO - Request timeout (s): 10
2026-09-10 00:52:15,534 - root - INFO - Trying API endpoint: https://mavplusz.hu/otp2-backend/otp/gtfs/v1
2026-09-10 00:52:24,869 - root - INFO - Successfully connected to: https://mavplusz.hu/otp2-backend/otp/gtfs/v1
2026-09-10 01:05:20,686 - root - INFO - Fetched 160119 trains from API
2026-09-10 01:05:35,117 - root - INFO - Converted to DataFrame: 1849718 rows × 23 columns
2026-09-10 01:05:35,203 - root - INFO - Filtered to relevant trains: 1849718 → 38853 records (removed 1810865 future departures)
2026-09-10 01:05:36,103 - root - INFO - Incremental save mode: 38853 new records
2026-09-10 01:05:36,103 - utils.incremental_merge - INFO - No existing file at data/collected/trains_20260910.csv, returning new data
2026-09-10 01:05:36,549 - root - INFO - Saved 38853 total records to data/collected/trains_20260910.csv
2026-09-10 01:05:36,549 - root - INFO - File size: 13677.66 KB
2026-09-10 01:05:36,763 - root - INFO - 
============================================================
2026-09-10 01:05:36,764 - root - INFO - COLLECTION SUMMARY
2026-09-10 01:05:36,764 - root - INFO - ============================================================
2026-09-10 01:05:36,764 - root - INFO - Total records: 38853
2026-09-10 01:05:36,765 - root - INFO - Unique trains: 4872
2026-09-10 01:05:36,766 - root - INFO - Unique routes: 1354
2026-09-10 01:05:36,767 - root - INFO - Unique stations: 4437
2026-09-10 01:05:36,768 - root - INFO - 
Realtime data:
2026-09-10 01:05:36,768 - root - INFO -   - Modified states: 477 (1.2%)
2026-09-10 01:05:36,768 - root - INFO -   - Records with delays: 157 (0.4%)
2026-09-10 01:05:36,770 - root - INFO -   - Average delay: 5.6 minutes
2026-09-10 01:05:36,770 - root - INFO -   - Max delay: 81.0 minutes
2026-09-10 01:05:36,770 - root - INFO -   - Min delay: -1.0 minutes
2026-09-10 01:05:36,770 - root - INFO - ============================================================

2026-09-10 01:05:36,770 - __main__ - INFO - ============================================================
2026-09-10 01:05:36,770 - __main__ - INFO - COLLECTION COMPLETED SUCCESSFULLY
2026-09-10 01:05:36,770 - __main__ - INFO - ============================================================
