2026-05-18 03:13:18,250 - __main__ - INFO - ============================================================
2026-05-18 03:13:18,250 - __main__ - INFO - TRAIN DATA COLLECTION STARTED
2026-05-18 03:13:18,250 - __main__ - INFO - ============================================================
2026-05-18 03:13:18,250 - __main__ - INFO - Date: today
2026-05-18 03:13:18,250 - __main__ - INFO - Max routes: all
2026-05-18 03:13:18,250 - __main__ - INFO - Weather collection: disabled (use separate forecast collection)
2026-05-18 03:13:18,250 - __main__ - INFO - Mode: INCREMENTAL (merge)
2026-05-18 03:13:18,250 - __main__ - INFO - ============================================================

2026-05-18 03:13:18,251 - root - INFO - Collecting train data for 2026-05-18
2026-05-18 03:13:18,251 - root - INFO - Max routes: all
2026-05-18 03:50:31,785 - root - INFO - Fetched 3424 trains from API
2026-05-18 03:50:32,080 - root - INFO - Converted to DataFrame: 42625 rows × 23 columns
2026-05-18 03:50:32,086 - root - INFO - Filtered to relevant trains: 42625 → 4709 records (removed 37916 future departures)
2026-05-18 03:50:32,110 - root - INFO - Incremental save mode: 4709 new records
2026-05-18 03:50:32,111 - utils.incremental_merge - INFO - No existing file at data/collected/trains_20260518.csv, returning new data
2026-05-18 03:50:32,160 - root - INFO - Saved 4709 total records to data/collected/trains_20260518.csv
2026-05-18 03:50:32,160 - root - INFO - File size: 1136.37 KB
2026-05-18 03:50:32,187 - root - INFO - 
============================================================
2026-05-18 03:50:32,187 - root - INFO - COLLECTION SUMMARY
2026-05-18 03:50:32,187 - root - INFO - ============================================================
2026-05-18 03:50:32,187 - root - INFO - Total records: 4709
2026-05-18 03:50:32,187 - root - INFO - Unique trains: 445
2026-05-18 03:50:32,188 - root - INFO - Unique routes: 192
2026-05-18 03:50:32,188 - root - INFO - Unique stations: 903
2026-05-18 03:50:32,189 - root - INFO - 
Realtime data:
2026-05-18 03:50:32,189 - root - INFO -   - Modified states: 3323 (70.6%)
2026-05-18 03:50:32,189 - root - INFO -   - Records with delays: 1369 (29.1%)
2026-05-18 03:50:32,191 - root - INFO -   - Average delay: 1.6 minutes
2026-05-18 03:50:32,191 - root - INFO -   - Max delay: 15.0 minutes
2026-05-18 03:50:32,191 - root - INFO -   - Min delay: -4.0 minutes
2026-05-18 03:50:32,191 - root - INFO - ============================================================

2026-05-18 03:50:32,191 - __main__ - INFO - ============================================================
2026-05-18 03:50:32,191 - __main__ - INFO - COLLECTION COMPLETED SUCCESSFULLY
2026-05-18 03:50:32,191 - __main__ - INFO - ============================================================
