2026-05-18 06:30:18,803 - __main__ - INFO - ============================================================
2026-05-18 06:30:18,803 - __main__ - INFO - TRAIN DATA COLLECTION STARTED
2026-05-18 06:30:18,803 - __main__ - INFO - ============================================================
2026-05-18 06:30:18,803 - __main__ - INFO - Date: today
2026-05-18 06:30:18,803 - __main__ - INFO - Max routes: all
2026-05-18 06:30:18,803 - __main__ - INFO - Weather collection: disabled (use separate forecast collection)
2026-05-18 06:30:18,803 - __main__ - INFO - Mode: INCREMENTAL (merge)
2026-05-18 06:30:18,803 - __main__ - INFO - ============================================================

2026-05-18 06:30:18,803 - root - INFO - Collecting train data for 2026-05-18
2026-05-18 06:30:18,803 - root - INFO - Max routes: all
2026-05-18 07:10:58,573 - root - INFO - Fetched 3680 trains from API
2026-05-18 07:10:58,916 - root - INFO - Converted to DataFrame: 47182 rows × 23 columns
2026-05-18 07:10:58,923 - root - INFO - Filtered to relevant trains: 47182 → 13589 records (removed 33593 future departures)
2026-05-18 07:10:58,962 - root - INFO - Incremental save mode: 13589 new records
2026-05-18 07:10:58,983 - utils.incremental_merge - INFO - Loaded 4709 existing records from trains_20260518.csv
2026-05-18 07:10:59,156 - utils.incremental_merge - INFO - Merge analysis: 10553 new, 3036 to update, 1673 unchanged
2026-05-18 07:10:59,226 - utils.incremental_merge - INFO - Adding 10553 completely new records
2026-05-18 07:11:11,725 - utils.incremental_merge - INFO - Updated 2934 records, preserved 102 records
2026-05-18 07:11:12,608 - utils.incremental_merge - INFO - Merge complete: 15262 total records
2026-05-18 07:11:12,908 - root - INFO - Saved 15262 total records to data/collected/trains_20260518.csv
2026-05-18 07:11:12,910 - root - INFO - File size: 3692.73 KB
2026-05-18 07:11:13,007 - root - INFO - 
============================================================
2026-05-18 07:11:13,008 - root - INFO - COLLECTION SUMMARY
2026-05-18 07:11:13,008 - root - INFO - ============================================================
2026-05-18 07:11:13,008 - root - INFO - Total records: 13589
2026-05-18 07:11:13,008 - root - INFO - Unique trains: 1190
2026-05-18 07:11:13,009 - root - INFO - Unique routes: 330
2026-05-18 07:11:13,009 - root - INFO - Unique stations: 1176
2026-05-18 07:11:13,010 - root - INFO - 
Realtime data:
2026-05-18 07:11:13,010 - root - INFO -   - Modified states: 7794 (57.4%)
2026-05-18 07:11:13,010 - root - INFO -   - Records with delays: 5048 (37.1%)
2026-05-18 07:11:13,013 - root - INFO -   - Average delay: 2.5 minutes
2026-05-18 07:11:13,013 - root - INFO -   - Max delay: 58.0 minutes
2026-05-18 07:11:13,013 - root - INFO -   - Min delay: -28.0 minutes
2026-05-18 07:11:13,013 - root - INFO - ============================================================

2026-05-18 07:11:13,013 - __main__ - INFO - ============================================================
2026-05-18 07:11:13,013 - __main__ - INFO - COLLECTION COMPLETED SUCCESSFULLY
2026-05-18 07:11:13,013 - __main__ - INFO - ============================================================
