2026-06-01 23:35:16,606 - __main__ - INFO - ============================================================
2026-06-01 23:35:16,606 - __main__ - INFO - TRAIN DATA COLLECTION STARTED
2026-06-01 23:35:16,606 - __main__ - INFO - ============================================================
2026-06-01 23:35:16,606 - __main__ - INFO - Date: today
2026-06-01 23:35:16,606 - __main__ - INFO - Max routes: all
2026-06-01 23:35:16,606 - __main__ - INFO - Weather collection: disabled (use separate forecast collection)
2026-06-01 23:35:16,606 - __main__ - INFO - Mode: INCREMENTAL (merge)
2026-06-01 23:35:16,606 - __main__ - INFO - ============================================================

2026-06-01 23:35:16,607 - root - INFO - Collecting train data for 2026-06-01
2026-06-01 23:35:16,607 - root - INFO - Max routes: all
2026-06-02 00:06:23,462 - root - INFO - Fetched 3293 trains from API
2026-06-02 00:06:23,751 - root - INFO - Converted to DataFrame: 39352 rows × 23 columns
2026-06-02 00:06:23,756 - root - INFO - Filtered to relevant trains: 39352 → 515 records (removed 38837 future departures)
2026-06-02 00:06:23,792 - root - INFO - Incremental save mode: 515 new records
2026-06-02 00:06:23,792 - utils.incremental_merge - INFO - No existing file at data/collected/trains_20260602.csv, returning new data
2026-06-02 00:06:23,799 - root - INFO - Saved 515 total records to data/collected/trains_20260602.csv
2026-06-02 00:06:23,799 - root - INFO - File size: 114.15 KB
2026-06-02 00:06:23,809 - root - INFO - 
============================================================
2026-06-02 00:06:23,809 - root - INFO - COLLECTION SUMMARY
2026-06-02 00:06:23,809 - root - INFO - ============================================================
2026-06-02 00:06:23,809 - root - INFO - Total records: 515
2026-06-02 00:06:23,809 - root - INFO - Unique trains: 41
2026-06-02 00:06:23,809 - root - INFO - Unique routes: 16
2026-06-02 00:06:23,810 - root - INFO - Unique stations: 219
2026-06-02 00:06:23,810 - root - INFO - 
Realtime data:
2026-06-02 00:06:23,810 - root - INFO -   - Modified states: 200 (38.8%)
2026-06-02 00:06:23,810 - root - INFO -   - Records with delays: 169 (32.8%)
2026-06-02 00:06:23,811 - root - INFO -   - Average delay: 7.9 minutes
2026-06-02 00:06:23,811 - root - INFO -   - Max delay: 26.0 minutes
2026-06-02 00:06:23,811 - root - INFO -   - Min delay: -3.0 minutes
2026-06-02 00:06:23,811 - root - INFO - ============================================================

2026-06-02 00:06:23,811 - __main__ - INFO - ============================================================
2026-06-02 00:06:23,811 - __main__ - INFO - COLLECTION COMPLETED SUCCESSFULLY
2026-06-02 00:06:23,812 - __main__ - INFO - ============================================================
