2026-04-18 08:49:05,764 - __main__ - INFO - ============================================================
2026-04-18 08:49:05,765 - __main__ - INFO - TRAIN DATA COLLECTION STARTED
2026-04-18 08:49:05,765 - __main__ - INFO - ============================================================
2026-04-18 08:49:05,765 - __main__ - INFO - Date: today
2026-04-18 08:49:05,765 - __main__ - INFO - Max routes: all
2026-04-18 08:49:05,765 - __main__ - INFO - Weather collection: disabled (use separate forecast collection)
2026-04-18 08:49:05,765 - __main__ - INFO - Mode: INCREMENTAL (merge)
2026-04-18 08:49:05,765 - __main__ - INFO - ============================================================

2026-04-18 08:49:05,765 - root - INFO - Collecting train data for 2026-04-18
2026-04-18 08:49:05,765 - root - INFO - Max routes: all
2026-04-18 09:22:18,318 - root - INFO - Fetched 3866 trains from API
2026-04-18 09:22:18,666 - root - INFO - Converted to DataFrame: 46924 rows × 23 columns
2026-04-18 09:22:18,677 - root - INFO - Filtered to relevant trains: 46924 → 19132 records (removed 27792 future departures)
2026-04-18 09:22:18,718 - root - INFO - Incremental save mode: 19132 new records
2026-04-18 09:22:18,815 - utils.incremental_merge - INFO - Loaded 26122 existing records from trains_20260418.csv
2026-04-18 09:22:19,248 - utils.incremental_merge - INFO - Merge analysis: 8075 new, 11057 to update, 15065 unchanged
2026-04-18 09:22:19,380 - utils.incremental_merge - INFO - Adding 8075 completely new records
2026-04-18 09:23:06,289 - utils.incremental_merge - INFO - Updated 10346 records, preserved 711 records
2026-04-18 09:23:10,609 - utils.incremental_merge - INFO - Merge complete: 34197 total records
2026-04-18 09:23:11,607 - root - INFO - Saved 34197 total records to data/collected/trains_20260418.csv
2026-04-18 09:23:11,610 - root - INFO - File size: 8181.01 KB
2026-04-18 09:23:11,887 - root - INFO - 
============================================================
2026-04-18 09:23:11,887 - root - INFO - COLLECTION SUMMARY
2026-04-18 09:23:11,887 - root - INFO - ============================================================
2026-04-18 09:23:11,887 - root - INFO - Total records: 19132
2026-04-18 09:23:11,888 - root - INFO - Unique trains: 1700
2026-04-18 09:23:11,888 - root - INFO - Unique routes: 340
2026-04-18 09:23:11,889 - root - INFO - Unique stations: 1245
2026-04-18 09:23:11,889 - root - INFO - 
Realtime data:
2026-04-18 09:23:11,890 - root - INFO -   - Modified states: 8566 (44.8%)
2026-04-18 09:23:11,890 - root - INFO -   - Records with delays: 5326 (27.8%)
2026-04-18 09:23:11,892 - root - INFO -   - Average delay: 2.8 minutes
2026-04-18 09:23:11,892 - root - INFO -   - Max delay: 37.0 minutes
2026-04-18 09:23:11,892 - root - INFO -   - Min delay: -7.0 minutes
2026-04-18 09:23:11,892 - root - INFO - ============================================================

2026-04-18 09:23:11,893 - __main__ - INFO - ============================================================
2026-04-18 09:23:11,893 - __main__ - INFO - COLLECTION COMPLETED SUCCESSFULLY
2026-04-18 09:23:11,893 - __main__ - INFO - ============================================================
