2026-03-25 20:38:41,825 - __main__ - INFO - ============================================================
2026-03-25 20:38:41,826 - __main__ - INFO - TRAIN DATA COLLECTION STARTED
2026-03-25 20:38:41,826 - __main__ - INFO - ============================================================
2026-03-25 20:38:41,826 - __main__ - INFO - Date: today
2026-03-25 20:38:41,826 - __main__ - INFO - Max routes: all
2026-03-25 20:38:41,826 - __main__ - INFO - Weather collection: disabled (use separate forecast collection)
2026-03-25 20:38:41,826 - __main__ - INFO - Mode: INCREMENTAL (merge)
2026-03-25 20:38:41,826 - __main__ - INFO - ============================================================

2026-03-25 20:38:41,826 - root - INFO - Collecting train data for 2026-03-25
2026-03-25 20:38:41,826 - root - INFO - Max routes: all
2026-03-25 21:19:59,406 - root - INFO - Fetched 4485 trains from API
2026-03-25 21:19:59,819 - root - INFO - Converted to DataFrame: 55829 rows × 23 columns
2026-03-25 21:19:59,829 - root - INFO - Filtered to relevant trains: 55829 → 53998 records (removed 1831 future departures)
2026-03-25 21:19:59,871 - root - INFO - Incremental save mode: 53998 new records
2026-03-25 21:20:00,162 - utils.incremental_merge - INFO - Loaded 74910 existing records from trains_20260325.csv
2026-03-25 21:20:01,429 - utils.incremental_merge - INFO - Merge analysis: 7463 new, 46535 to update, 28375 unchanged
2026-03-25 21:20:01,632 - utils.incremental_merge - INFO - Adding 7463 completely new records
2026-03-25 21:24:18,806 - utils.incremental_merge - INFO - Updated 34662 records, preserved 11873 records
2026-03-25 21:24:37,018 - utils.incremental_merge - INFO - Merge complete: 82373 total records
2026-03-25 21:24:40,435 - root - INFO - Saved 82373 total records to data/collected/trains_20260325.csv
2026-03-25 21:24:40,437 - root - INFO - File size: 19769.01 KB
2026-03-25 21:24:41,426 - root - INFO - 
============================================================
2026-03-25 21:24:41,426 - root - INFO - COLLECTION SUMMARY
2026-03-25 21:24:41,426 - root - INFO - ============================================================
2026-03-25 21:24:41,426 - root - INFO - Total records: 53998
2026-03-25 21:24:41,427 - root - INFO - Unique trains: 4459
2026-03-25 21:24:41,428 - root - INFO - Unique routes: 504
2026-03-25 21:24:41,430 - root - INFO - Unique stations: 1381
2026-03-25 21:24:41,430 - root - INFO - 
Realtime data:
2026-03-25 21:24:41,431 - root - INFO -   - Modified states: 11288 (20.9%)
2026-03-25 21:24:41,431 - root - INFO -   - Records with delays: 8913 (16.5%)
2026-03-25 21:24:41,435 - root - INFO -   - Average delay: 4.4 minutes
2026-03-25 21:24:41,435 - root - INFO -   - Max delay: 94.0 minutes
2026-03-25 21:24:41,435 - root - INFO -   - Min delay: -28.0 minutes
2026-03-25 21:24:41,435 - root - INFO - ============================================================

2026-03-25 21:24:41,435 - __main__ - INFO - ============================================================
2026-03-25 21:24:41,435 - __main__ - INFO - COLLECTION COMPLETED SUCCESSFULLY
2026-03-25 21:24:41,435 - __main__ - INFO - ============================================================
