2026-04-03 11:38:02,081 - __main__ - INFO - ============================================================
2026-04-03 11:38:02,082 - __main__ - INFO - TRAIN DATA COLLECTION STARTED
2026-04-03 11:38:02,082 - __main__ - INFO - ============================================================
2026-04-03 11:38:02,082 - __main__ - INFO - Date: today
2026-04-03 11:38:02,082 - __main__ - INFO - Max routes: all
2026-04-03 11:38:02,082 - __main__ - INFO - Weather collection: disabled (use separate forecast collection)
2026-04-03 11:38:02,082 - __main__ - INFO - Mode: INCREMENTAL (merge)
2026-04-03 11:38:02,082 - __main__ - INFO - ============================================================

2026-04-03 11:38:02,082 - root - INFO - Collecting train data for 2026-04-03
2026-04-03 11:38:02,082 - root - INFO - Max routes: all
2026-04-03 12:09:18,875 - root - INFO - Fetched 3513 trains from API
2026-04-03 12:09:19,196 - root - INFO - Converted to DataFrame: 42765 rows × 23 columns
2026-04-03 12:09:19,203 - root - INFO - Filtered to relevant trains: 42765 → 23037 records (removed 19728 future departures)
2026-04-03 12:09:19,241 - root - INFO - Incremental save mode: 23037 new records
2026-04-03 12:09:19,348 - utils.incremental_merge - INFO - Loaded 26509 existing records from trains_20260403.csv
2026-04-03 12:09:19,833 - utils.incremental_merge - INFO - Merge analysis: 8722 new, 14315 to update, 12194 unchanged
2026-04-03 12:09:19,952 - utils.incremental_merge - INFO - Adding 8722 completely new records
2026-04-03 12:10:28,591 - utils.incremental_merge - INFO - Updated 7459 records, preserved 6856 records
2026-04-03 12:10:33,092 - utils.incremental_merge - INFO - Merge complete: 35231 total records
2026-04-03 12:10:34,281 - root - INFO - Saved 35231 total records to data/collected/trains_20260403.csv
2026-04-03 12:10:34,281 - root - INFO - File size: 8492.15 KB
2026-04-03 12:10:34,609 - root - INFO - 
============================================================
2026-04-03 12:10:34,610 - root - INFO - COLLECTION SUMMARY
2026-04-03 12:10:34,610 - root - INFO - ============================================================
2026-04-03 12:10:34,610 - root - INFO - Total records: 23037
2026-04-03 12:10:34,611 - root - INFO - Unique trains: 2022
2026-04-03 12:10:34,611 - root - INFO - Unique routes: 389
2026-04-03 12:10:34,612 - root - INFO - Unique stations: 1322
2026-04-03 12:10:34,613 - root - INFO - 
Realtime data:
2026-04-03 12:10:34,613 - root - INFO -   - Modified states: 3766 (16.3%)
2026-04-03 12:10:34,613 - root - INFO -   - Records with delays: 2672 (11.6%)
2026-04-03 12:10:34,615 - root - INFO -   - Average delay: 4.4 minutes
2026-04-03 12:10:34,616 - root - INFO -   - Max delay: 34.0 minutes
2026-04-03 12:10:34,616 - root - INFO -   - Min delay: -28.0 minutes
2026-04-03 12:10:34,616 - root - INFO - ============================================================

2026-04-03 12:10:34,616 - __main__ - INFO - ============================================================
2026-04-03 12:10:34,616 - __main__ - INFO - COLLECTION COMPLETED SUCCESSFULLY
2026-04-03 12:10:34,616 - __main__ - INFO - ============================================================
