2026-03-31 23:34:32,821 - __main__ - INFO - ============================================================
2026-03-31 23:34:32,821 - __main__ - INFO - TRAIN DATA COLLECTION STARTED
2026-03-31 23:34:32,821 - __main__ - INFO - ============================================================
2026-03-31 23:34:32,821 - __main__ - INFO - Date: today
2026-03-31 23:34:32,821 - __main__ - INFO - Max routes: all
2026-03-31 23:34:32,821 - __main__ - INFO - Weather collection: disabled (use separate forecast collection)
2026-03-31 23:34:32,822 - __main__ - INFO - Mode: INCREMENTAL (merge)
2026-03-31 23:34:32,822 - __main__ - INFO - ============================================================

2026-03-31 23:34:32,822 - root - INFO - Collecting train data for 2026-03-31
2026-03-31 23:34:32,822 - root - INFO - Max routes: all
2026-04-01 00:18:49,749 - root - INFO - Fetched 4729 trains from API
2026-04-01 00:18:50,116 - root - INFO - Converted to DataFrame: 58346 rows × 23 columns
2026-04-01 00:18:50,122 - root - INFO - Filtered to relevant trains: 58346 → 4916 records (removed 53430 future departures)
2026-04-01 00:18:50,151 - root - INFO - Incremental save mode: 4916 new records
2026-04-01 00:18:50,151 - utils.incremental_merge - INFO - No existing file at data/collected/trains_20260401.csv, returning new data
2026-04-01 00:18:50,201 - root - INFO - Saved 4916 total records to data/collected/trains_20260401.csv
2026-04-01 00:18:50,201 - root - INFO - File size: 1174.97 KB
2026-04-01 00:18:50,227 - root - INFO - 
============================================================
2026-04-01 00:18:50,227 - root - INFO - COLLECTION SUMMARY
2026-04-01 00:18:50,227 - root - INFO - ============================================================
2026-04-01 00:18:50,227 - root - INFO - Total records: 4916
2026-04-01 00:18:50,227 - root - INFO - Unique trains: 382
2026-04-01 00:18:50,228 - root - INFO - Unique routes: 164
2026-04-01 00:18:50,228 - root - INFO - Unique stations: 892
2026-04-01 00:18:50,228 - root - INFO - 
Realtime data:
2026-04-01 00:18:50,229 - root - INFO -   - Modified states: 4381 (89.1%)
2026-04-01 00:18:50,229 - root - INFO -   - Records with delays: 3348 (68.1%)
2026-04-01 00:18:50,230 - root - INFO -   - Average delay: 4.9 minutes
2026-04-01 00:18:50,231 - root - INFO -   - Max delay: 95.0 minutes
2026-04-01 00:18:50,231 - root - INFO -   - Min delay: -7.0 minutes
2026-04-01 00:18:50,231 - root - INFO - ============================================================

2026-04-01 00:18:50,231 - __main__ - INFO - ============================================================
2026-04-01 00:18:50,231 - __main__ - INFO - COLLECTION COMPLETED SUCCESSFULLY
2026-04-01 00:18:50,231 - __main__ - INFO - ============================================================
